
 NX   Running targets typecheck, lint, test, build for 12 projects and 1 task they depend on:

- @pink-paprikaa-web/design-tokens
- @pink-paprikaa-web/image-pipeline
- @pink-paprikaa-web/eslint-config
- @pink-paprikaa-web/content
- @pink-paprikaa-web/storybook
- @pink-paprikaa-web/utils
- @pink-paprikaa-web/blog-e2e
- @pink-paprikaa-web/seo
- @pink-paprikaa-web/web-e2e
- @pink-paprikaa-web/ui
- @pink-paprikaa-web/blog
- @pink-paprikaa-web/web



> nx run @pink-paprikaa-web/design-tokens:build  [existing outputs match the cache, left as is]


> @pink-paprikaa-web/design-tokens@0.0.0 build /Users/rishavpa/Professional/pink-paprikaa-site/packages/design-tokens
> style-dictionary build --config sd.config.mjs


css
✔︎ dist/theme.css
✔︎ dist/surfaces.css
✔︎ dist/tokens.json

> nx run @pink-paprikaa-web/design-tokens:typecheck  [existing outputs match the cache, left as is]

> tsc --build tsconfig.json --emitDeclarationOnly


> nx run @pink-paprikaa-web/utils:typecheck  [existing outputs match the cache, left as is]

> tsc --build tsconfig.json --emitDeclarationOnly


> nx run @pink-paprikaa-web/content:typecheck  [existing outputs match the cache, left as is]

> tsc --build tsconfig.json --emitDeclarationOnly


> nx run @pink-paprikaa-web/image-pipeline:build  [local cache]

> tsc --build tsconfig.lib.json


> nx run @pink-paprikaa-web/design-tokens:lint  [existing outputs match the cache, left as is]

> eslint .


> nx run @pink-paprikaa-web/eslint-config:lint  [existing outputs match the cache, left as is]

> eslint .


> nx run @pink-paprikaa-web/utils:lint  [existing outputs match the cache, left as is]

> eslint .


> nx run @pink-paprikaa-web/utils:test  [existing outputs match the cache, left as is]

> vitest


 RUN  v4.1.10 /Users/rishavpa/Professional/pink-paprikaa-site/packages/utils

 ✓ |@pink-paprikaa-web/utils| src/format-rupees.spec.ts (18 tests) 3ms

 Test Files  1 passed (1)
      Tests  18 passed (18)
   Start at  06:07:23
   Duration  280ms (transform 20ms, setup 0ms, import 39ms, tests 3ms, environment 0ms)


> nx run @pink-paprikaa-web/content:lint  [existing outputs match the cache, left as is]

> eslint .


> nx run @pink-paprikaa-web/content:test  [existing outputs match the cache, left as is]

> vitest


 RUN  v4.1.10 /Users/rishavpa/Professional/pink-paprikaa-site/packages/content

 ✓ |@pink-paprikaa-web/content| src/brand/brand.spec.ts (16 tests) 13ms
 ✓ |@pink-paprikaa-web/content| src/brand/brand-lines.spec.ts (6 tests) 4ms

 Test Files  2 passed (2)
      Tests  22 passed (22)
   Start at  13:25:30
   Duration  2.65s (transform 60ms, setup 0ms, import 225ms, tests 16ms, environment 0ms)


> nx run @pink-paprikaa-web/image-pipeline:lint  [existing outputs match the cache, left as is]

> eslint .


> nx run @pink-paprikaa-web/seo:lint  [existing outputs match the cache, left as is]

> eslint .


> nx run @pink-paprikaa-web/image-pipeline:test  [existing outputs match the cache, left as is]

> vitest


 RUN  v4.1.10 /Users/rishavpa/Professional/pink-paprikaa-site/tools/image-pipeline

 ✓ |@pink-paprikaa-web/image-pipeline| src/pipeline.test.ts (1 test) 383ms
     ✓ emits an AVIF+WebP+fallback ladder with LQIP and content-hashed names  344ms

 Test Files  1 passed (1)
      Tests  1 passed (1)
   Start at  06:07:49
   Duration  2.19s (transform 59ms, setup 0ms, import 206ms, tests 383ms, environment 0ms)


> nx run @pink-paprikaa-web/seo:typecheck  [existing outputs match the cache, left as is]

> tsc --build tsconfig.json --emitDeclarationOnly


> nx run @pink-paprikaa-web/seo:test  [existing outputs match the cache, left as is]

> vitest


 RUN  v4.1.10 /Users/rishavpa/Professional/pink-paprikaa-site/packages/seo

 ✓ |@pink-paprikaa-web/seo| src/lib/seo.spec.ts (1 test) 1ms

 Test Files  1 passed (1)
      Tests  1 passed (1)
   Start at  06:08:08
   Duration  161ms (transform 11ms, setup 0ms, import 16ms, tests 1ms, environment 0ms)


> nx run @pink-paprikaa-web/blog:build  [existing outputs match the cache, left as is]

> next build

Starting content-collections content-collections.ts
build started ...
... finished build of 1 collection and 1 document in 6ms
▲ Next.js 16.1.7 (Turbopack)

  Creating an optimized production build ...
✓ Compiled successfully in 2.2s
  Running TypeScript ...
⚠ TypeScript project references are not fully supported. Attempting to build in incremental mode.
  Collecting page data using 10 workers ...
  Generating static pages using 10 workers (0/3) ...
✓ Generating static pages using 10 workers (3/3) in 321.3ms
  Finalizing page optimization ...

Route (app)
┌ ○ /
└ ○ /_not-found


○  (Static)  prerendered as static content


> nx run @pink-paprikaa-web/ui:typecheck  [existing outputs match the cache, left as is]

> tsc --build --emitDeclarationOnly


> nx run @pink-paprikaa-web/web:build  [existing outputs match the cache, left as is]

> next build

▲ Next.js 16.1.7 (Turbopack)

  Creating an optimized production build ...
✓ Compiled successfully in 2.2s
  Running TypeScript ...
⚠ TypeScript project references are not fully supported. Attempting to build in incremental mode.
  Collecting page data using 10 workers ...
  Generating static pages using 10 workers (0/3) ...
✓ Generating static pages using 10 workers (3/3) in 5.5s
  Finalizing page optimization ...

Route (app)
┌ ○ /
└ ○ /_not-found


○  (Static)  prerendered as static content


> nx run @pink-paprikaa-web/storybook:build-storybook  [existing outputs match the cache, left as is]

> storybook build


┌  Building storybook v10.5.7
│
◇  Cleaning outputDir: storybook-static
│
◇  Loading presets
│
▲  No story files found for the specified pattern:
│  ../../packages/ui/src/**/*.mdx
│
◇  Building manager..
│
●  Building open services..
│
●  Building preview..
│  Vite vite v8.2.1 building client environment for production...
[2Ktransforming...│
▲  Vite [plugin vite:react-docgen-typescript] Skipping docgen for
│  "/Users/rishavpa/Professional/pink-paprikaa-site/packages/ui/src/atoms/avatar/avatar.test.tsx"
│  because it is not included in the active TypeScript project.
│
▲  Vite [plugin vite:react-docgen-typescript] Skipping docgen for
│  "/Users/rishavpa/Professional/pink-paprikaa-site/packages/ui/src/atoms/badge/badge.test.tsx"
│  because it is not included in the active TypeScript project.
│
▲  Vite [plugin vite:react-docgen-typescript] Skipping docgen for
│  "/Users/rishavpa/Professional/pink-paprikaa-site/packages/ui/src/atoms/checkbox/checkbox.test.tsx"
│  because it is not included in the active TypeScript project.
│
▲  Vite [plugin vite:react-docgen-typescript] Skipping docgen for
│  "/Users/rishavpa/Professional/pink-paprikaa-site/packages/ui/src/atoms/diet-mark/diet-mark.test.tsx"
│  because it is not included in the active TypeScript project.
│
▲  Vite [plugin vite:react-docgen-typescript] Skipping docgen for
│  "/Users/rishavpa/Professional/pink-paprikaa-site/packages/ui/src/atoms/countdown/countdown.test.tsx"
│  because it is not included in the active TypeScript project.
│
▲  Vite [plugin vite:react-docgen-typescript] Skipping docgen for
│  "/Users/rishavpa/Professional/pink-paprikaa-site/packages/ui/src/atoms/divider/divider.test.tsx"
│  because it is not included in the active TypeScript project.
│
▲  Vite [plugin vite:react-docgen-typescript] Skipping docgen for
│  "/Users/rishavpa/Professional/pink-paprikaa-site/packages/ui/src/atoms/fab/fab.test.tsx"
│  because it is not included in the active TypeScript project.
│
▲  Vite [plugin vite:react-docgen-typescript] Skipping docgen for
│  "/Users/rishavpa/Professional/pink-paprikaa-site/packages/ui/src/atoms/card/card.test.tsx"
│  because it is not included in the active TypeScript project.
│
▲  Vite [plugin vite:react-docgen-typescript] Skipping docgen for
│  "/Users/rishavpa/Professional/pink-paprikaa-site/packages/ui/src/atoms/button/button.test.tsx"
│  because it is not included in the active TypeScript project.
│
▲  Vite [plugin vite:react-docgen-typescript] Skipping docgen for
│  "/Users/rishavpa/Professional/pink-paprikaa-site/packages/ui/src/atoms/icon/icon.test.tsx"
│  because it is not included in the active TypeScript project.
│
▲  Vite [plugin vite:react-docgen-typescript] Skipping docgen for
│  "/Users/rishavpa/Professional/pink-paprikaa-site/packages/ui/src/atoms/icon-button/icon-button.test.tsx"
│  because it is not included in the active TypeScript project.
│
▲  Vite [plugin vite:react-docgen-typescript] Skipping docgen for
│  "/Users/rishavpa/Professional/pink-paprikaa-site/packages/ui/src/atoms/image-slot/image-slot.test.tsx"
│  because it is not included in the active TypeScript project.
│
▲  Vite [plugin vite:react-docgen-typescript] Skipping docgen for
│  "/Users/rishavpa/Professional/pink-paprikaa-site/packages/ui/src/atoms/input/input.test.tsx"
│  because it is not included in the active TypeScript project.
│
▲  Vite [plugin vite:react-docgen-typescript] Skipping docgen for
│  "/Users/rishavpa/Professional/pink-paprikaa-site/packages/ui/src/atoms/spice-level/spice-level.test.tsx"
│  because it is not included in the active TypeScript project.
│
▲  Vite [plugin vite:react-docgen-typescript] Skipping docgen for
│  "/Users/rishavpa/Professional/pink-paprikaa-site/packages/ui/src/atoms/rating/rating.test.tsx"
│  because it is not included in the active TypeScript project.
│
▲  Vite [plugin vite:react-docgen-typescript] Skipping docgen for
│  "/Users/rishavpa/Professional/pink-paprikaa-site/packages/ui/src/atoms/link/link.test.tsx"
│  because it is not included in the active TypeScript project.
│
▲  Vite [plugin vite:react-docgen-typescript] Skipping docgen for
│  "/Users/rishavpa/Professional/pink-paprikaa-site/packages/ui/src/atoms/social-headline/social-headline.test.tsx"
│  because it is not included in the active TypeScript project.
│
▲  Vite [plugin vite:react-docgen-typescript] Skipping docgen for
│  "/Users/rishavpa/Professional/pink-paprikaa-site/packages/ui/src/atoms/logo/logo.test.tsx"
│  because it is not included in the active TypeScript project.
│
▲  Vite [plugin vite:react-docgen-typescript] Skipping docgen for
│  "/Users/rishavpa/Professional/pink-paprikaa-site/packages/ui/src/atoms/select/select.test.tsx"
│  because it is not included in the active TypeScript project.
│
▲  Vite [plugin vite:react-docgen-typescript] Skipping docgen for
│  "/Users/rishavpa/Professional/pink-paprikaa-site/packages/ui/src/atoms/spinner/spinner.test.tsx"
│  because it is not included in the active TypeScript project.
│
▲  Vite [plugin vite:react-docgen-typescript] Skipping docgen for
│  "/Users/rishavpa/Professional/pink-paprikaa-site/packages/ui/src/atoms/slider/slider.test.tsx"
│  because it is not included in the active TypeScript project.
│
▲  Vite [plugin vite:react-docgen-typescript] Skipping docgen for
│  "/Users/rishavpa/Professional/pink-paprikaa-site/packages/ui/src/atoms/skeleton/skeleton.test.tsx"
│  because it is not included in the active TypeScript project.
│
▲  Vite [plugin vite:react-docgen-typescript] Skipping docgen for
│  "/Users/rishavpa/Professional/pink-paprikaa-site/packages/ui/src/atoms/status-dot/status-dot.test.tsx"
│  because it is not included in the active TypeScript project.
│
▲  Vite [plugin vite:react-docgen-typescript] Skipping docgen for
│  "/Users/rishavpa/Professional/pink-paprikaa-site/packages/ui/src/layouts/grid/grid.test.tsx"
│  because it is not included in the active TypeScript project.
│
▲  Vite [plugin vite:react-docgen-typescript] Skipping docgen for
│  "/Users/rishavpa/Professional/pink-paprikaa-site/packages/ui/src/atoms/progress-bar/progress-bar.test.tsx"
│  because it is not included in the active TypeScript project.
│
▲  Vite [plugin vite:react-docgen-typescript] Skipping docgen for
│  "/Users/rishavpa/Professional/pink-paprikaa-site/packages/ui/src/atoms/switch/switch.test.tsx"
│  because it is not included in the active TypeScript project.
│
▲  Vite [plugin vite:react-docgen-typescript] Skipping docgen for
│  "/Users/rishavpa/Professional/pink-paprikaa-site/packages/ui/src/layouts/cluster/cluster.test.tsx"
│  because it is not included in the active TypeScript project.
│
▲  Vite [plugin vite:react-docgen-typescript] Skipping docgen for
│  "/Users/rishavpa/Professional/pink-paprikaa-site/packages/ui/src/atoms/price-tag/price-tag.test.tsx"
│  because it is not included in the active TypeScript project.
│
▲  Vite [plugin vite:react-docgen-typescript] Skipping docgen for
│  "/Users/rishavpa/Professional/pink-paprikaa-site/packages/ui/src/layouts/container/container.test.tsx"
│  because it is not included in the active TypeScript project.
│
▲  Vite [plugin vite:react-docgen-typescript] Skipping docgen for
│  "/Users/rishavpa/Professional/pink-paprikaa-site/packages/ui/src/atoms/pattern-field/pattern-field.test.tsx"
│  because it is not included in the active TypeScript project.
│
▲  Vite [plugin vite:react-docgen-typescript] Skipping docgen for
│  "/Users/rishavpa/Professional/pink-paprikaa-site/packages/ui/src/atoms/menu/menu.test.tsx"
│  because it is not included in the active TypeScript project.
│
▲  Vite [plugin vite:react-docgen-typescript] Skipping docgen for
│  "/Users/rishavpa/Professional/pink-paprikaa-site/packages/ui/src/atoms/popover/popover.test.tsx"
│  because it is not included in the active TypeScript project.
│
▲  Vite [plugin vite:react-docgen-typescript] Skipping docgen for
│  "/Users/rishavpa/Professional/pink-paprikaa-site/packages/ui/src/layouts/post-frame/post-frame.test.tsx"
│  because it is not included in the active TypeScript project.
│
▲  Vite [plugin vite:react-docgen-typescript] Skipping docgen for
│  "/Users/rishavpa/Professional/pink-paprikaa-site/packages/ui/src/layouts/section/section.test.tsx"
│  because it is not included in the active TypeScript project.
│
▲  Vite [plugin vite:react-docgen-typescript] Skipping docgen for
│  "/Users/rishavpa/Professional/pink-paprikaa-site/packages/ui/src/atoms/typography/typography.test.tsx"
│  because it is not included in the active TypeScript project.
│
▲  Vite [plugin vite:react-docgen-typescript] Skipping docgen for
│  "/Users/rishavpa/Professional/pink-paprikaa-site/packages/ui/src/atoms/tag/tag.test.tsx"
│  because it is not included in the active TypeScript project.
│
▲  Vite [plugin vite:react-docgen-typescript] Skipping docgen for
│  "/Users/rishavpa/Professional/pink-paprikaa-site/packages/ui/src/layouts/stack/stack.test.tsx"
│  because it is not included in the active TypeScript project.
│
▲  Vite [plugin vite:react-docgen-typescript] Skipping docgen for
│  "/Users/rishavpa/Professional/pink-paprikaa-site/packages/ui/src/atoms/radio/radio.test.tsx"
│  because it is not included in the active TypeScript project.
│
▲  Vite [plugin vite:react-docgen-typescript] Skipping docgen for
│  "/Users/rishavpa/Professional/pink-paprikaa-site/packages/ui/src/layouts/app-shell/app-shell.test.tsx"
│  because it is not included in the active TypeScript project.
│
▲  Vite [plugin vite:react-docgen-typescript] Skipping docgen for
│  "/Users/rishavpa/Professional/pink-paprikaa-site/packages/ui/src/layouts/auto-grid/auto-grid.test.tsx"
│  because it is not included in the active TypeScript project.
│
▲  Vite [plugin vite:react-docgen-typescript] Skipping docgen for
│  "/Users/rishavpa/Professional/pink-paprikaa-site/packages/ui/src/atoms/text-button/text-button.test.tsx"
│  because it is not included in the active TypeScript project.
│
▲  Vite [plugin vite:react-docgen-typescript] Skipping docgen for
│  "/Users/rishavpa/Professional/pink-paprikaa-site/packages/ui/src/layouts/box/box.test.tsx"
│  because it is not included in the active TypeScript project.
│
▲  Vite [plugin vite:react-docgen-typescript] Skipping docgen for
│  "/Users/rishavpa/Professional/pink-paprikaa-site/packages/ui/src/atoms/toggle-button/toggle-button.test.tsx"
│  because it is not included in the active TypeScript project.
│
▲  Vite [plugin vite:react-docgen-typescript] Skipping docgen for
│  "/Users/rishavpa/Professional/pink-paprikaa-site/packages/ui/src/lib/menu-panel.test.tsx"
│  because it is not included in the active TypeScript project.
│
▲  Vite [plugin vite:react-docgen-typescript] Skipping docgen for
│  "/Users/rishavpa/Professional/pink-paprikaa-site/packages/ui/src/lib/reveal-observer.test.tsx"
│  because it is not included in the active TypeScript project.
│
▲  Vite [plugin vite:react-docgen-typescript] Skipping docgen for
│  "/Users/rishavpa/Professional/pink-paprikaa-site/packages/ui/src/lib/struck-price.test.tsx"
│  because it is not included in the active TypeScript project.
│
▲  Vite [plugin vite:react-docgen-typescript] Skipping docgen for
│  "/Users/rishavpa/Professional/pink-paprikaa-site/packages/ui/src/lib/link-as.test.tsx"
│  because it is not included in the active TypeScript project.
│
▲  Vite [plugin vite:react-docgen-typescript] Skipping docgen for
│  "/Users/rishavpa/Professional/pink-paprikaa-site/packages/ui/src/lib/field-message.test.tsx"
│  because it is not included in the active TypeScript project.
│
▲  Vite [plugin vite:react-docgen-typescript] Skipping docgen for
│  "/Users/rishavpa/Professional/pink-paprikaa-site/packages/ui/src/lib/symbol-mark.test.tsx"
│  because it is not included in the active TypeScript project.
│
▲  Vite [plugin vite:react-docgen-typescript] Skipping docgen for
│  "/Users/rishavpa/Professional/pink-paprikaa-site/packages/ui/src/atoms/tooltip/tooltip.test.tsx"
│  because it is not included in the active TypeScript project.
│
▲  Vite [plugin vite:react-docgen-typescript] Skipping docgen for
│  "/Users/rishavpa/Professional/pink-paprikaa-site/packages/ui/src/lib/use-controllable-state.test.tsx"
│  because it is not included in the active TypeScript project.
│
▲  Vite [plugin vite:react-docgen-typescript] Skipping docgen for
│  "/Users/rishavpa/Professional/pink-paprikaa-site/packages/ui/src/lib/use-press.spec.tsx"
│  because it is not included in the active TypeScript project.
│
▲  Vite [plugin vite:react-docgen-typescript] Skipping docgen for
│  "/Users/rishavpa/Professional/pink-paprikaa-site/packages/ui/src/molecules/action-menu/action-menu.test.tsx"
│  because it is not included in the active TypeScript project.
│
▲  Vite [plugin vite:react-docgen-typescript] Skipping docgen for
│  "/Users/rishavpa/Professional/pink-paprikaa-site/packages/ui/src/molecules/accordion/accordion.test.tsx"
│  because it is not included in the active TypeScript project.
│
▲  Vite [plugin vite:react-docgen-typescript] Skipping docgen for
│  "/Users/rishavpa/Professional/pink-paprikaa-site/packages/ui/src/molecules/table/table.test.tsx"
│  because it is not included in the active TypeScript project.
│
▲  Vite [plugin vite:react-docgen-typescript] Skipping docgen for
│  "/Users/rishavpa/Professional/pink-paprikaa-site/packages/ui/src/molecules/alert/alert.test.tsx"
│  because it is not included in the active TypeScript project.
│
▲  Vite [plugin vite:react-docgen-typescript] Skipping docgen for
│  "/Users/rishavpa/Professional/pink-paprikaa-site/packages/ui/src/organisms/dialog/dialog.test.tsx"
│  because it is not included in the active TypeScript project.
│
▲  Vite [plugin vite:react-docgen-typescript] Skipping docgen for
│  "/Users/rishavpa/Professional/pink-paprikaa-site/packages/ui/src/molecules/tabs/tabs.test.tsx"
│  because it is not included in the active TypeScript project.
│
▲  Vite [plugin vite:react-docgen-typescript] Skipping docgen for
│  "/Users/rishavpa/Professional/pink-paprikaa-site/packages/ui/src/molecules/outlet-card/outlet-card.test.tsx"
│  because it is not included in the active TypeScript project.
│
▲  Vite [plugin vite:react-docgen-typescript] Skipping docgen for
│  "/Users/rishavpa/Professional/pink-paprikaa-site/packages/ui/src/molecules/pagination/pagination.test.tsx"
│  because it is not included in the active TypeScript project.
│
▲  Vite [plugin vite:react-docgen-typescript] Skipping docgen for
│  "/Users/rishavpa/Professional/pink-paprikaa-site/packages/ui/src/molecules/announcement-bar/announcement-bar.test.tsx"
│  because it is not included in the active TypeScript project.
│
▲  Vite [plugin vite:react-docgen-typescript] Skipping docgen for
│  "/Users/rishavpa/Professional/pink-paprikaa-site/packages/ui/src/molecules/toast/toast.test.tsx"
│  because it is not included in the active TypeScript project.
│
▲  Vite [plugin vite:react-docgen-typescript] Skipping docgen for
│  "/Users/rishavpa/Professional/pink-paprikaa-site/packages/ui/src/organisms/action-dock/action-dock.test.tsx"
│  because it is not included in the active TypeScript project.
│
▲  Vite [plugin vite:react-docgen-typescript] Skipping docgen for
│  "/Users/rishavpa/Professional/pink-paprikaa-site/packages/ui/src/molecules/toggle-button-group/toggle-button-group.test.tsx"
│  because it is not included in the active TypeScript project.
│
▲  Vite [plugin vite:react-docgen-typescript] Skipping docgen for
│  "/Users/rishavpa/Professional/pink-paprikaa-site/packages/ui/src/molecules/breadcrumb/breadcrumb.test.tsx"
│  because it is not included in the active TypeScript project.
│
▲  Vite [plugin vite:react-docgen-typescript] Skipping docgen for
│  "/Users/rishavpa/Professional/pink-paprikaa-site/packages/ui/src/molecules/filter-bar/filter-bar.test.tsx"
│  because it is not included in the active TypeScript project.
│
▲  Vite [plugin vite:react-docgen-typescript] Skipping docgen for
│  "/Users/rishavpa/Professional/pink-paprikaa-site/packages/ui/src/organisms/cart-panel/cart-panel.test.tsx"
│  because it is not included in the active TypeScript project.
│
▲  Vite [plugin vite:react-docgen-typescript] Skipping docgen for
│  "/Users/rishavpa/Professional/pink-paprikaa-site/packages/ui/src/molecules/check-card/check-card.test.tsx"
│  because it is not included in the active TypeScript project.
│
▲  Vite [plugin vite:react-docgen-typescript] Skipping docgen for
│  "/Users/rishavpa/Professional/pink-paprikaa-site/packages/ui/src/molecules/price-summary/price-summary.test.tsx"
│  because it is not included in the active TypeScript project.
│
▲  Vite [plugin vite:react-docgen-typescript] Skipping docgen for
│  "/Users/rishavpa/Professional/pink-paprikaa-site/packages/ui/src/molecules/key-value-list/key-value-list.test.tsx"
│  because it is not included in the active TypeScript project.
│
▲  Vite [plugin vite:react-docgen-typescript] Skipping docgen for
│  "/Users/rishavpa/Professional/pink-paprikaa-site/packages/ui/src/organisms/quote-panel/quote-panel.test.tsx"
│  because it is not included in the active TypeScript project.
│
▲  Vite [plugin vite:react-docgen-typescript] Skipping docgen for
│  "/Users/rishavpa/Professional/pink-paprikaa-site/packages/ui/src/organisms/faq-section/faq-section.test.tsx"
│  because it is not included in the active TypeScript project.
│
▲  Vite [plugin vite:react-docgen-typescript] Skipping docgen for
│  "/Users/rishavpa/Professional/pink-paprikaa-site/packages/ui/src/molecules/pricing-card/pricing-card.test.tsx"
│  because it is not included in the active TypeScript project.
│
▲  Vite [plugin vite:react-docgen-typescript] Skipping docgen for
│  "/Users/rishavpa/Professional/pink-paprikaa-site/packages/ui/src/molecules/quantity-stepper/quantity-stepper.test.tsx"
│  because it is not included in the active TypeScript project.
│
▲  Vite [plugin vite:react-docgen-typescript] Skipping docgen for
│  "/Users/rishavpa/Professional/pink-paprikaa-site/packages/ui/src/molecules/link-card/link-card.test.tsx"
│  because it is not included in the active TypeScript project.
│
▲  Vite [plugin vite:react-docgen-typescript] Skipping docgen for
│  "/Users/rishavpa/Professional/pink-paprikaa-site/packages/ui/src/organisms/hero-banner/hero-banner.test.tsx"
│  because it is not included in the active TypeScript project.
│
▲  Vite [plugin vite:react-docgen-typescript] Skipping docgen for
│  "/Users/rishavpa/Professional/pink-paprikaa-site/packages/ui/src/organisms/stat-band/stat-band.test.tsx"
│  because it is not included in the active TypeScript project.
│
▲  Vite [plugin vite:react-docgen-typescript] Skipping docgen for
│  "/Users/rishavpa/Professional/pink-paprikaa-site/packages/ui/src/molecules/chip-group/chip-group.test.tsx"
│  because it is not included in the active TypeScript project.
│
▲  Vite [plugin vite:react-docgen-typescript] Skipping docgen for
│  "/Users/rishavpa/Professional/pink-paprikaa-site/packages/ui/src/molecules/review-card/review-card.test.tsx"
│  because it is not included in the active TypeScript project.
│
▲  Vite [plugin vite:react-docgen-typescript] Skipping docgen for
│  "/Users/rishavpa/Professional/pink-paprikaa-site/packages/ui/src/molecules/choice-card-group/choice-card-group.test.tsx"
│  because it is not included in the active TypeScript project.
│
▲  Vite [plugin vite:react-docgen-typescript] Skipping docgen for
│  "/Users/rishavpa/Professional/pink-paprikaa-site/packages/ui/src/molecules/list-row/list-row.test.tsx"
│  because it is not included in the active TypeScript project.
│
▲  Vite [plugin vite:react-docgen-typescript] Skipping docgen for
│  "/Users/rishavpa/Professional/pink-paprikaa-site/packages/ui/src/organisms/tab-bar/tab-bar.test.tsx"
│  because it is not included in the active TypeScript project.
│
▲  Vite [plugin vite:react-docgen-typescript] Skipping docgen for
│  "/Users/rishavpa/Professional/pink-paprikaa-site/packages/ui/src/organisms/testimonial-wall/testimonial-wall.test.tsx"
│  because it is not included in the active TypeScript project.
│
▲  Vite [plugin vite:react-docgen-typescript] Skipping docgen for
│  "/Users/rishavpa/Professional/pink-paprikaa-site/packages/ui/src/molecules/logo-lockup/logo-lockup.test.tsx"
│  because it is not included in the active TypeScript project.
│
▲  Vite [plugin vite:react-docgen-typescript] Skipping docgen for
│  "/Users/rishavpa/Professional/pink-paprikaa-site/packages/ui/src/organisms/review-carousel/review-carousel.test.tsx"
│  because it is not included in the active TypeScript project.
│
▲  Vite [plugin vite:react-docgen-typescript] Skipping docgen for
│  "/Users/rishavpa/Professional/pink-paprikaa-site/packages/ui/src/molecules/search-field/search-field.test.tsx"
│  because it is not included in the active TypeScript project.
│
▲  Vite [plugin vite:react-docgen-typescript] Skipping docgen for
│  "/Users/rishavpa/Professional/pink-paprikaa-site/packages/ui/src/molecules/combobox/combobox.test.tsx"
│  because it is not included in the active TypeScript project.
│
▲  Vite [plugin vite:react-docgen-typescript] Skipping docgen for
│  "/Users/rishavpa/Professional/pink-paprikaa-site/packages/ui/src/organisms/cta-band/cta-band.test.tsx"
│  because it is not included in the active TypeScript project.
│
▲  Vite [plugin vite:react-docgen-typescript] Skipping docgen for
│  "/Users/rishavpa/Professional/pink-paprikaa-site/packages/ui/src/molecules/section-header/section-header.test.tsx"
│  because it is not included in the active TypeScript project.
│
▲  Vite [plugin vite:react-docgen-typescript] Skipping docgen for
│  "/Users/rishavpa/Professional/pink-paprikaa-site/packages/ui/src/organisms/site-footer/site-footer.test.tsx"
│  because it is not included in the active TypeScript project.
│
▲  Vite [plugin vite:react-docgen-typescript] Skipping docgen for
│  "/Users/rishavpa/Professional/pink-paprikaa-site/packages/ui/src/molecules/menu-item-row/menu-item-row.test.tsx"
│  because it is not included in the active TypeScript project.
│
▲  Vite [plugin vite:react-docgen-typescript] Skipping docgen for
│  "/Users/rishavpa/Professional/pink-paprikaa-site/packages/ui/src/molecules/menu-item-card/menu-item-card.test.tsx"
│  because it is not included in the active TypeScript project.
│
▲  Vite [plugin vite:react-docgen-typescript] Skipping docgen for
│  "/Users/rishavpa/Professional/pink-paprikaa-site/packages/ui/src/organisms/order-tracker/order-tracker.test.tsx"
│  because it is not included in the active TypeScript project.
│
▲  Vite [plugin vite:react-docgen-typescript] Skipping docgen for
│  "/Users/rishavpa/Professional/pink-paprikaa-site/packages/ui/src/molecules/loyalty-card/loyalty-card.test.tsx"
│  because it is not included in the active TypeScript project.
│
▲  Vite [plugin vite:react-docgen-typescript] Skipping docgen for
│  "/Users/rishavpa/Professional/pink-paprikaa-site/packages/ui/src/molecules/coupon-ticket/coupon-ticket.test.tsx"
│  because it is not included in the active TypeScript project.
│
▲  Vite [plugin vite:react-docgen-typescript] Skipping docgen for
│  "/Users/rishavpa/Professional/pink-paprikaa-site/packages/ui/src/molecules/slot-picker/slot-picker.test.tsx"
│  because it is not included in the active TypeScript project.
│
▲  Vite [plugin vite:react-docgen-typescript] Skipping docgen for
│  "/Users/rishavpa/Professional/pink-paprikaa-site/packages/ui/src/organisms/menu-list/menu-list.test.tsx"
│  because it is not included in the active TypeScript project.
│
▲  Vite [plugin vite:react-docgen-typescript] Skipping docgen for
│  "/Users/rishavpa/Professional/pink-paprikaa-site/packages/ui/src/molecules/offer-seal/offer-seal.test.tsx"
│  because it is not included in the active TypeScript project.
│
▲  Vite [plugin vite:react-docgen-typescript] Skipping docgen for
│  "/Users/rishavpa/Professional/pink-paprikaa-site/packages/ui/src/organisms/site-header/site-header.test.tsx"
│  because it is not included in the active TypeScript project.
│
▲  Vite [plugin vite:react-docgen-typescript] Skipping docgen for
│  "/Users/rishavpa/Professional/pink-paprikaa-site/packages/ui/src/molecules/steps/steps.test.tsx"
│  because it is not included in the active TypeScript project.
│
▲  Vite [plugin vite:react-docgen-typescript] Skipping docgen for
│  "/Users/rishavpa/Professional/pink-paprikaa-site/packages/ui/src/molecules/step-tracker/step-tracker.test.tsx"
│  because it is not included in the active TypeScript project.
│
▲  Vite [plugin vite:react-docgen-typescript] Skipping docgen for
│  "/Users/rishavpa/Professional/pink-paprikaa-site/packages/ui/src/molecules/snackbar/snackbar.test.tsx"
│  because it is not included in the active TypeScript project.
│
▲  Vite [plugin vite:react-docgen-typescript] Skipping docgen for
│  "/Users/rishavpa/Professional/pink-paprikaa-site/packages/ui/src/molecules/date-picker/date-picker.test.tsx"
│  because it is not included in the active TypeScript project.
│
▲  Vite [plugin vite:react-docgen-typescript] Skipping docgen for
│  "/Users/rishavpa/Professional/pink-paprikaa-site/packages/ui/src/molecules/speed-dial/speed-dial.test.tsx"
│  because it is not included in the active TypeScript project.
│
▲  Vite [plugin vite:react-docgen-typescript] Skipping docgen for
│  "/Users/rishavpa/Professional/pink-paprikaa-site/packages/ui/src/molecules/empty-state/empty-state.test.tsx"
│  because it is not included in the active TypeScript project.
│
▲  Vite [plugin vite:react-docgen-typescript] Skipping docgen for
│  "/Users/rishavpa/Professional/pink-paprikaa-site/packages/ui/src/molecules/sticky-action-bar/sticky-action-bar.test.tsx"
│  because it is not included in the active TypeScript project.
│
▲  Vite [plugin vite:react-docgen-typescript] Skipping docgen for
│  "/Users/rishavpa/Professional/pink-paprikaa-site/packages/ui/src/molecules/stat/stat.test.tsx"
│  because it is not included in the active TypeScript project.
│
▲  Vite [plugin vite:react-docgen-typescript] Skipping docgen for
│  "/Users/rishavpa/Professional/pink-paprikaa-site/packages/ui/src/molecules/field/field.test.tsx"
│  because it is not included in the active TypeScript project.
│
▲  Vite [plugin vite:react-docgen-typescript] Skipping docgen for
│  "/Users/rishavpa/Professional/pink-paprikaa-site/packages/ui/src/molecules/feature-item/feature-item.test.tsx"
│  because it is not included in the active TypeScript project.
│
▲  Vite [plugin vite:react-docgen-typescript] Skipping docgen for
│  "/Users/rishavpa/Professional/pink-paprikaa-site/packages/ui/src/molecules/otp-input/otp-input.test.tsx"
│  because it is not included in the active TypeScript project.
✓ 3677 modules transformed.
rendering chunks...
computing gzip size...
│  Vite
│  storybook-static/assets/space-mono-vietnamese-400-normal-B0PMp_xB.woff
│  5.41 kB
│  storybook-static/assets/poppins-latin-ext-700-normal-cby-RkWa.woff2
│  5.43 kB
│  storybook-static/assets/space-mono-vietnamese-700-normal-D-KrLuLr.woff
│  5.44 kB
│  storybook-static/assets/poppins-latin-ext-500-normal-CK-6C4Hw.woff2
│  5.48 kB
│  storybook-static/assets/poppins-latin-ext-800-normal-CDgOlX-1.woff2
│  5.49 kB
│  storybook-static/assets/poppins-latin-ext-600-normal-CAhIAdZj.woff2
│  5.52 kB
│  storybook-static/assets/poppins-latin-ext-400-normal-by3JarPu.woff2
│  5.64 kB
│  storybook-static/assets/poppins-latin-ext-600-italic-BpvcrORb.woff2
│  6.01 kB
│  storybook-static/assets/space-mono-vietnamese-400-normal-BNOj0Qhp.woff2
│  7.27 kB
│  storybook-static/assets/poppins-latin-ext-700-normal-DctTR6Tg.woff
│  7.32 kB
│  storybook-static/assets/space-mono-vietnamese-700-normal-DWQgDHuA.woff2
│  7.33 kB
│  storybook-static/assets/dm-sans-latin-ext-400-normal-BtiwyxMk.woff2
│  7.36 kB
│  storybook-static/assets/poppins-latin-ext-800-normal-CIZaRbSk.woff
│  7.36 kB
│  storybook-static/assets/poppins-latin-ext-500-normal-CgAe2rWW.woff
│  7.37 kB
│  storybook-static/assets/dm-sans-latin-ext-500-normal-BJfUCQsA.woff2
│  7.43 kB
│  storybook-static/assets/poppins-latin-ext-600-normal-Df5ffKXP.woff
│  7.43 kB
│  storybook-static/assets/dm-sans-latin-ext-700-normal-CJIcxD6K.woff2
│  7.45 kB
│  storybook-static/assets/poppins-latin-ext-400-normal-DaBSavcJ.woff
│  7.46 kB
│  storybook-static/assets/poppins-latin-500-normal-C8OXljZJ.woff2
│  7.74 kB
│  storybook-static/assets/poppins-latin-700-normal-Qrb0O0WB.woff2
│  7.81 kB
│  storybook-static/assets/poppins-latin-800-normal-Bd8-pIP1.woff2
│  7.82 kB
│  storybook-static/assets/poppins-latin-400-normal-cpxAROuN.woff2
│  7.88 kB
│  storybook-static/assets/poppins-latin-ext-600-italic-BXg4YQvj.woff
│  7.94 kB
│  storybook-static/assets/poppins-latin-600-normal-zEkxB9Mr.woff2
│  8.00 kB
│  storybook-static/assets/dm-sans-latin-ext-400-italic-BpitL8Uu.woff2
│  8.12 kB
│  storybook-static/assets/poppins-latin-600-italic-CZ4wqKBi.woff2
│  8.72 kB
│  storybook-static/assets/dm-sans-latin-ext-400-normal-BjWJ59Pq.woff
│  9.97 kB
│  storybook-static/assets/dm-sans-latin-ext-700-normal-BLI3TTWz.woff
│  10.01 kB
│  storybook-static/assets/dm-sans-latin-ext-500-normal-DR84L5F-.woff
│  10.06 kB
│  storybook-static/assets/poppins-latin-500-normal-DGXqpDMm.woff
│  10.37 kB
│  storybook-static/assets/poppins-latin-700-normal-BVuQR_eA.woff
│  10.43 kB
│  storybook-static/assets/poppins-latin-800-normal-YoItoZZV.woff
│  10.43 kB
│  storybook-static/assets/poppins-latin-400-normal-BOb3E3N0.woff
│  10.53 kB
│  storybook-static/assets/poppins-latin-600-normal-BJdTmd5m.woff
│  10.60 kB
│  storybook-static/assets/dm-sans-latin-ext-400-italic-2EvOpbQN.woff
│  10.97 kB
│  storybook-static/assets/poppins-latin-600-italic-BhOZippK.woff
│  11.55 kB
│  storybook-static/assets/space-mono-latin-400-normal-_3DlpgIW.woff
│  12.31 kB
│  storybook-static/assets/space-mono-latin-700-normal-D7A851RN.woff
│  12.41 kB
│  storybook-static/assets/space-mono-latin-ext-700-normal-B_E7P90g.woff
│  12.48 kB
│  storybook-static/assets/space-mono-latin-ext-400-normal-D4cJI_B-.woff
│  12.60 kB
│  storybook-static/assets/dm-sans-latin-400-normal-CW0RaeGs.woff2
│  14.20 kB
│  storybook-static/assets/dm-sans-latin-500-normal-B9HHJjqV.woff2
│  14.30 kB
│  storybook-static/assets/dm-sans-latin-700-normal-DvUfVpUG.woff2
│  14.34 kB
│  storybook-static/assets/dm-sans-latin-400-italic-DRLHr0TN.woff2
│  15.14 kB
│  storybook-static/assets/space-mono-latin-ext-700-normal-B2s3bDs2.woff2
│  15.80 kB
│  storybook-static/assets/space-mono-latin-ext-400-normal-DTLbW2xa.woff2
│  15.83 kB
│  storybook-static/assets/space-mono-latin-400-normal-Rg4St2Dn.woff2
│  16.52 kB
│  storybook-static/assets/space-mono-latin-700-normal-mWgeinG7.woff2
│  16.72 kB
│  storybook-static/assets/symbol-pink-B07N40aj.svg
│  17.25 kB │ gzip:   5.78 kB
│  storybook-static/assets/dm-sans-latin-400-normal-BwCSEQnW.woff
│  18.35 kB
│  storybook-static/assets/dm-sans-latin-700-normal-CUSSCpQX.woff
│  18.50 kB
│  storybook-static/assets/dm-sans-latin-500-normal-Dr3UlScf.woff
│  18.52 kB
│  storybook-static/assets/dm-sans-latin-400-italic-i6QPgQBE.woff
│  19.60 kB
│  storybook-static/iframe.html
│  20.01 kB │ gzip:   5.49 kB
│  storybook-static/assets/poppins-devanagari-800-normal-ACzlZF75.woff2
│  38.94 kB
│  storybook-static/assets/poppins-devanagari-500-normal-BIdkeU1p.woff2
│  39.08 kB
│  storybook-static/assets/poppins-devanagari-700-normal-O-jipLrW.woff2
│  39.25 kB
│  storybook-static/assets/poppins-devanagari-600-normal-STEjXBNN.woff2
│  39.29 kB
│  storybook-static/assets/poppins-devanagari-400-normal-CJDn6rn8.woff2
│  39.66 kB
│  storybook-static/assets/poppins-devanagari-600-italic-C8WvgGUS.woff2
│  45.59 kB
│  storybook-static/assets/poppins-devanagari-800-normal-BLmXVokE.woff
│  51.85 kB
│  storybook-static/assets/poppins-devanagari-700-normal-fHs-vx92.woff
│  52.24 kB
│  storybook-static/assets/poppins-devanagari-500-normal-DMPDjHtT.woff
│  52.42 kB
│  storybook-static/assets/poppins-devanagari-600-normal-ClASKHrr.woff
│  52.56 kB
│  storybook-static/assets/poppins-devanagari-400-normal-CqVvlrh5.woff
│  52.98 kB
│  storybook-static/assets/poppins-devanagari-600-italic-C0b9Bbe9.woff
│  61.21 kB
│  storybook-static/assets/iframe-jm4BtYGX.css
│  264.60 kB │ gzip:  39.21 kB
│  storybook-static/assets/iframe-DEeGBUKf.js
│  0.04 kB │ gzip:   0.06 kB
│  storybook-static/assets/is-shown-DFAhd1-T.js
│  0.15 kB │ gzip:   0.14 kB
│  storybook-static/assets/assign-ref-D5uL_a5k.js
│  0.16 kB │ gzip:   0.15 kB
│  storybook-static/assets/symbol-pink-CHQDJHjd.js
│  0.17 kB │ gzip:   0.17 kB
│  storybook-static/assets/heading-3fVXjSvH.js
│  0.18 kB │ gzip:   0.16 kB
│  storybook-static/assets/chunk-242VQQM5-bHL6qIJq.js
│  0.24 kB │ gzip:   0.20 kB
│  storybook-static/assets/check-CIZB-Kh7.js
│  0.24 kB │ gzip:   0.21 kB
│  storybook-static/assets/dom-CgSuUhSb.js
│  0.24 kB │ gzip:   0.20 kB
│  storybook-static/assets/chevron-down-BGVf7U5Y.js
│  0.24 kB │ gzip:   0.21 kB
│  storybook-static/assets/chevron-right-DkeuRWth.js
│  0.24 kB │ gzip:   0.21 kB
│  storybook-static/assets/loader-circle-BkAbRZ10.js
│  0.26 kB │ gzip:   0.23 kB
│  storybook-static/assets/plus-Cbf0BrW0.js
│  0.27 kB │ gzip:   0.22 kB
│  storybook-static/assets/x-7aN9gktO.js
│  0.27 kB │ gzip:   0.22 kB
│  storybook-static/assets/arrow-left-C-0Jb9od.js
│  0.28 kB │ gzip:   0.23 kB
│  storybook-static/assets/arrow-right-BmZVgUe0.js
│  0.28 kB │ gzip:   0.23 kB
│  storybook-static/assets/arrow-up-right-CPjn2Rr7.js
│  0.28 kB │ gzip:   0.23 kB
│  storybook-static/assets/clock-CvSd1j8k.js
│  0.28 kB │ gzip:   0.24 kB
│  storybook-static/assets/search-BcmXptSh.js
│  0.29 kB │ gzip:   0.24 kB
│  storybook-static/assets/clipboard-DQygVzcJ.js
│  0.29 kB │ gzip:   0.24 kB
│  storybook-static/assets/formatter-L2YTDE3Q-CRGuSxAF.js
│  0.30 kB │ gzip:   0.24 kB
│  storybook-static/assets/use-controllable-state-C0ZUWn2f.js
│  0.30 kB │ gzip:   0.24 kB
│  storybook-static/assets/user-BCWhvtkW.js
│  0.31 kB │ gzip:   0.25 kB
│  storybook-static/assets/flame-BLziSyjH.js
│  0.31 kB │ gzip:   0.25 kB
│  storybook-static/assets/info-CggVbisk.js
│  0.32 kB │ gzip:   0.25 kB
│  storybook-static/assets/lock-D5oilIo4.js
│  0.32 kB │ gzip:   0.26 kB
│  storybook-static/assets/chunk-QQBDHPVZ-DC5n6Pix.js
│  0.32 kB │ gzip:   0.20 kB
│  storybook-static/assets/credit-card-DHWWZeaf.js
│  0.32 kB │ gzip:   0.26 kB
│  storybook-static/assets/space-MdlivFdd.js
│  0.34 kB │ gzip:   0.22 kB
│  storybook-static/assets/log-out-D2O9z9lB.js
│  0.34 kB │ gzip:   0.26 kB
│  storybook-static/assets/copy-dBXN8jQm.js
│  0.35 kB │ gzip:   0.28 kB
│  storybook-static/assets/common-props-J4ZfEsVy.js
│  0.35 kB │ gzip:   0.22 kB
│  storybook-static/assets/message-circle-DDKBzdGC.js
│  0.35 kB │ gzip:   0.28 kB
│  storybook-static/assets/circle-alert-C10ApoXx.js
│  0.36 kB │ gzip:   0.26 kB
│  storybook-static/assets/heart-BEuZJcF7.js
│  0.37 kB │ gzip:   0.29 kB
│  storybook-static/assets/map-pin-CC8XyCnE.js
│  0.37 kB │ gzip:   0.29 kB
│  storybook-static/assets/utensils-B2fqWDTY.js
│  0.37 kB │ gzip:   0.28 kB
│  storybook-static/assets/leaf-BbvqXS1p.js
│  0.38 kB │ gzip:   0.30 kB
│  storybook-static/assets/triangle-alert-BVP68HM4.js
│  0.38 kB │ gzip:   0.28 kB
│  storybook-static/assets/stretched-link-D1Fbbqtf.js
│  0.38 kB │ gzip:   0.23 kB
│  storybook-static/assets/pencil-MjfcJKGT.js
│  0.39 kB │ gzip:   0.29 kB
│  storybook-static/assets/bell-CPMAdT4U.js
│  0.40 kB │ gzip:   0.31 kB
│  storybook-static/assets/users-DciDZrSY.js
│  0.42 kB │ gzip:   0.29 kB
│  storybook-static/assets/jsx-runtime-DeHZSEgm.js
│  0.43 kB │ gzip:   0.30 kB
│  storybook-static/assets/control-states-Dspxb6_b.js
│  0.43 kB │ gzip:   0.27 kB
│  storybook-static/assets/phone-Dny3Zvs2.js
│  0.44 kB │ gzip:   0.30 kB
│  storybook-static/assets/dist-CLgmTUij.js
│  0.44 kB │ gzip:   0.33 kB
│  storybook-static/assets/shopping-bag-B3to43bX.js
│  0.45 kB │ gzip:   0.31 kB
│  storybook-static/assets/gift-Dsq38WJV.js
│  0.46 kB │ gzip:   0.32 kB
│  storybook-static/assets/story-paint-B3Vw4o4H.js
│  0.47 kB │ gzip:   0.29 kB
│  storybook-static/assets/share-2-B4jCn7JK.js
│  0.47 kB │ gzip:   0.30 kB
│  storybook-static/assets/field-status-KMwku1L8.js
│  0.49 kB │ gzip:   0.32 kB
│  storybook-static/assets/truck-EToOVpSc.js
│  0.52 kB │ gzip:   0.34 kB
│  storybook-static/assets/artboard-B8bCO6vF.js
│  0.54 kB │ gzip:   0.37 kB
│  storybook-static/assets/react-Bl2r1tuC.js
│  0.58 kB │ gzip:   0.34 kB
│  storybook-static/assets/star-BEPzCCto.js
│  0.59 kB │ gzip:   0.37 kB
│  storybook-static/assets/store-BWZB1qMd.js
│  0.61 kB │ gzip:   0.36 kB
│  storybook-static/assets/dist-D6URzei0.js
│  0.64 kB │ gzip:   0.43 kB
│  storybook-static/assets/soup-NQpeVdAR.js
│  0.64 kB │ gzip:   0.35 kB
│  storybook-static/assets/use-press-DN5gECfc.js
│  0.65 kB │ gzip:   0.36 kB
│  storybook-static/assets/brand-lines-WIfjSjzo.js
│  0.67 kB │ gzip:   0.44 kB
│  storybook-static/assets/refresh-cw-CpftOhRd.js
│  0.68 kB │ gzip:   0.40 kB
│  storybook-static/assets/src-BDz9lWIB.js
│  0.72 kB │ gzip:   0.43 kB
│  storybook-static/assets/specimen-CBoE7WQp.js
│  0.74 kB │ gzip:   0.34 kB
│  storybook-static/assets/symbol-kjL2Pa6e.js
│  0.76 kB │ gzip:   0.44 kB
│  storybook-static/assets/wordmark-C2NKgpp5.js
│  0.77 kB │ gzip:   0.44 kB
│  storybook-static/assets/receipt-DWHAnRyY.js
│  0.77 kB │ gzip:   0.36 kB
│  storybook-static/assets/docs-prose-BmaI5XfY.js
│  0.79 kB │ gzip:   0.46 kB
│  storybook-static/assets/logo-lockup-d8C4We1y.js
│  0.80 kB │ gzip:   0.46 kB
│  storybook-static/assets/canvas-BQ_rZpF3.js
│  0.82 kB │ gzip:   0.47 kB
│  storybook-static/assets/mark-legibility-BtwOkY52.js
│  0.82 kB │ gzip:   0.47 kB
│  storybook-static/assets/social-post-BOiBhWQX.js
│  0.83 kB │ gzip:   0.47 kB
│  storybook-static/assets/diamond-symbol-mKE0CfT_.js
│  0.85 kB │ gzip:   0.49 kB
│  storybook-static/assets/marketing-website-DiHF6nXa.js
│  0.85 kB │ gzip:   0.47 kB
│  storybook-static/assets/ordering-app-screen-BsamVg4L.js
│  0.86 kB │ gzip:   0.48 kB
│  storybook-static/assets/docs-kit-Bik1Fb1m.js
│  0.87 kB │ gzip:   0.49 kB
│  storybook-static/assets/spacing-scale-Dldq1C2T.js
│  0.95 kB │ gzip:   0.54 kB
│  storybook-static/assets/devanagari-BcYxSUf2.js
│  0.96 kB │ gzip:   0.55 kB
│  storybook-static/assets/overline-and-mono-De0GZ8j1.js
│  0.99 kB │ gzip:   0.57 kB
│  storybook-static/assets/kit-notice-B3KVuxHA.js
│  1.01 kB │ gzip:   0.62 kB
│  storybook-static/assets/symbol-mark-Cu6pgiZz.js
│  1.02 kB │ gzip:   0.66 kB
│  storybook-static/assets/rolldown-runtime-DkW27tQK.js
│  1.19 kB │ gzip:   0.67 kB
│  storybook-static/assets/radii-uIl3v1oy.js
│  1.23 kB │ gzip:   0.64 kB
│  storybook-static/assets/states-BLyhPX4V.js
│  1.26 kB │ gzip:   0.67 kB
│  storybook-static/assets/heat-C95EhP1P.js
│  1.27 kB │ gzip:   0.67 kB
│  storybook-static/assets/type-specimen-Dn3OQVDf.js
│  1.29 kB │ gzip:   0.66 kB
│  storybook-static/assets/preload-helper-wdlQj8DP.js
│  1.31 kB │ gzip:   0.74 kB
│  storybook-static/assets/canvas-type-D5TO4CDT.js
│  1.34 kB │ gzip:   0.69 kB
│  storybook-static/assets/motion-demo-Dxeo2Lja.js
│  1.34 kB │ gzip:   0.74 kB
│  storybook-static/assets/DocsRenderer-JROSPFPF-ClYz2cvK.js
│  1.36 kB │ gzip:   0.73 kB
│  storybook-static/assets/semantic-mfLjlmjE.js
│  1.37 kB │ gzip:   0.64 kB
│  storybook-static/assets/display-C4YFakwD.js
│  1.40 kB │ gzip:   0.75 kB
│  storybook-static/assets/autogrid-BBZ54sYE.js
│  1.45 kB │ gzip:   0.69 kB
│  storybook-static/assets/story-surfaces-CL5I6YqV.js
│  1.47 kB │ gzip:   0.75 kB
│  storybook-static/assets/elevation-BbK9r_aO.js
│  1.47 kB │ gzip:   0.78 kB
│  storybook-static/assets/demo-triggers-DH8gWJcn.js
│  1.48 kB │ gzip:   0.66 kB
│  storybook-static/assets/ink-IRIfdyOC.js
│  1.48 kB │ gzip:   0.68 kB
│  storybook-static/assets/body-DLQ4cRdf.js
│  1.48 kB │ gzip:   0.75 kB
│  storybook-static/assets/shadow-ladder-B4_B61L1.js
│  1.52 kB │ gzip:   0.70 kB
│  storybook-static/assets/section-reveal-Cfd-c8ij.js
│  1.63 kB │ gzip:   0.78 kB
│  storybook-static/assets/chunk-IMSF75WX-CGYlPTyG.js
│  1.67 kB │ gzip:   0.91 kB
│  storybook-static/assets/borders-BcC0qc6I.js
│  1.67 kB │ gzip:   0.75 kB
│  storybook-static/assets/layout-rhythm-BfNChi0A.js
│  1.71 kB │ gzip:   0.81 kB
│  storybook-static/assets/accents-hW6DF7J0.js
│  1.72 kB │ gzip:   0.87 kB
│  storybook-static/assets/status-BZjaY3hT.js
│  1.83 kB │ gzip:   0.82 kB
│  storybook-static/assets/struck-price-D41nuwhh.js
│  1.84 kB │ gzip:   0.94 kB
│  storybook-static/assets/createLucideIcon-CKQsau6G.js
│  1.85 kB │ gzip:   0.94 kB
│  storybook-static/assets/icon-button-variants-Dh118bmg.js
│  1.86 kB │ gzip:   0.71 kB
│  storybook-static/assets/sx.stories-BM06SXSG.js
│  1.87 kB │ gzip:   0.84 kB
│  storybook-static/assets/story-ring-CAQlUOIp.js
│  1.88 kB │ gzip:   0.97 kB
│  storybook-static/assets/company-details-D8m9__bD.js
│  1.93 kB │ gzip:   0.98 kB
│  storybook-static/assets/headings-jX45Y_Vd.js
│  1.94 kB │ gzip:   0.91 kB
│  storybook-static/assets/diet-mark.stories-CH7gz5gG.js
│  1.94 kB │ gzip:   0.85 kB
│  storybook-static/assets/fluid-BXl1SGdO.js
│  1.95 kB │ gzip:   0.91 kB
│  storybook-static/assets/card-anatomy-c97ZT8MK.js
│  2.00 kB │ gzip:   0.80 kB
│  storybook-static/assets/primary-CxWsq1pr.js
│  2.03 kB │ gzip:   0.96 kB
│  storybook-static/assets/scale-Q-C23gsG.js
│  2.07 kB │ gzip:   0.92 kB
│  storybook-static/assets/box-DACqzA7I.js
│  2.10 kB │ gzip:   0.82 kB
│  storybook-static/assets/story-fixtures-B7OlQFBA.js
│  2.26 kB │ gzip:   1.13 kB
│  storybook-static/assets/icon-TbhkOHZh.js
│  2.29 kB │ gzip:   0.96 kB
│  storybook-static/assets/surfaces-DhT-sLei.js
│  2.31 kB │ gzip:   1.00 kB
│  storybook-static/assets/sx-B1Ot_huM.js
│  2.32 kB │ gzip:   1.10 kB
│  storybook-static/assets/token-table-BWZlZqTj.js
│  2.33 kB │ gzip:   1.08 kB
│  storybook-static/assets/canvas.stories-B9GIoBIY.js
│  2.41 kB │ gzip:   0.98 kB
│  storybook-static/assets/stat-band-BTEvsAXw.js
│  2.41 kB │ gzip:   1.08 kB
│  storybook-static/assets/contrast-FXLiiMc2.js
│  2.42 kB │ gzip:   1.13 kB
│  storybook-static/assets/breakpoints-DAfZwyZU.js
│  2.43 kB │ gzip:   1.04 kB
│  storybook-static/assets/pattern-C3EojMll.js
│  2.44 kB │ gzip:   1.15 kB
│  storybook-static/assets/story-states-DN-wTWkA.js
│  2.45 kB │ gzip:   1.02 kB
│  storybook-static/assets/diet-mark-BSgkays1.js
│  2.55 kB │ gzip:   1.11 kB
│  storybook-static/assets/brand-glyphs-2Y-byfLh.js
│  2.71 kB │ gzip:   0.85 kB
│  storybook-static/assets/loyalty-card.stories--CFKtorX.js
│  2.76 kB │ gzip:   1.02 kB
│  storybook-static/assets/motion-Dv4XR3PO.js
│  2.79 kB │ gzip:   1.19 kB
│  storybook-static/assets/container-DyWeGiKz.js
│  2.84 kB │ gzip:   1.04 kB
│  storybook-static/assets/dist-D49tcpoS.js
│  2.85 kB │ gzip:   1.25 kB
│  storybook-static/assets/switch-_gnU4YY-.js
│  2.93 kB │ gzip:   1.02 kB
│  storybook-static/assets/testimonial-wall.stories-DSfOlaPd.js
│  3.04 kB │ gzip:   1.08 kB
│  storybook-static/assets/announcement-bar.stories-CDw2drHg.js
│  3.05 kB │ gzip:   1.34 kB
│  storybook-static/assets/dist-oCFdGwHC.js
│  3.06 kB │ gzip:   1.37 kB
│  storybook-static/assets/spinner.stories-BN6fhxL1.js
│  3.15 kB │ gzip:   1.05 kB
│  storybook-static/assets/dist-DRlxtLEM.js
│  3.24 kB │ gzip:   1.30 kB
│  storybook-static/assets/divider-D8Eg451D.js
│  3.26 kB │ gzip:   1.19 kB
│  storybook-static/assets/spice-level-DSgsf2YQ.js
│  3.26 kB │ gzip:   1.14 kB
│  storybook-static/assets/countdown-DHAMelWh.js
│  3.30 kB │ gzip:   1.41 kB
│  storybook-static/assets/spinner-Dsl7PFJh.js
│  3.37 kB │ gzip:   1.20 kB
│  storybook-static/assets/chunk-DRQKCCAG-DvsmU7ha.js
│  3.39 kB │ gzip:   1.41 kB
│  storybook-static/assets/badge-BKT-cPxO.js
│  3.39 kB │ gzip:   1.22 kB
│  storybook-static/assets/interactions.stories-CakMt76l.js
│  3.40 kB │ gzip:   1.49 kB
│  storybook-static/assets/pagination.stories-BKNeTJGJ.js
│  3.45 kB │ gzip:   1.35 kB
│  storybook-static/assets/logo-BXlfBII_.js
│  3.46 kB │ gzip:   1.44 kB
│  storybook-static/assets/iconography-B22W6yeL.js
│  3.48 kB │ gzip:   1.39 kB
│  storybook-static/assets/react-dom-BzEl8usk.js
│  3.58 kB │ gzip:   1.36 kB
│  storybook-static/assets/src-BEAmIi6G.js
│  3.58 kB │ gzip:   1.70 kB
│  storybook-static/assets/auto-grid-DCq6XQcZ.js
│  3.60 kB │ gzip:   1.14 kB
│  storybook-static/assets/checkbox-BxH2hzbj.js
│  3.64 kB │ gzip:   1.15 kB
│  storybook-static/assets/social-headline-CXZYsohc.js
│  3.87 kB │ gzip:   1.17 kB
│  storybook-static/assets/spice-level.stories-DRQH8vba.js
│  3.87 kB │ gzip:   1.30 kB
│  storybook-static/assets/canvas-formats-5-DlSdd0.js
│  3.88 kB │ gzip:   1.38 kB
│  storybook-static/assets/status-dot-DyEhRyn-.js
│  3.89 kB │ gzip:   1.36 kB
│  storybook-static/assets/logo-lockup-D6PfWgQ_.js
│  3.92 kB │ gzip:   1.24 kB
│  storybook-static/assets/price-summary-C8KZFcCB.js
│  3.93 kB │ gzip:   1.29 kB
│  storybook-static/assets/stat-aAKAogMb.js
│  4.04 kB │ gzip:   1.22 kB
│  storybook-static/assets/price-tag-DfejYPSD.js
│  4.11 kB │ gzip:   1.39 kB
│  storybook-static/assets/stack-Df4cbNE-.js
│  4.18 kB │ gzip:   1.37 kB
│  storybook-static/assets/countdown.stories-x1qbzmHv.js
│  4.20 kB │ gzip:   1.70 kB
│  storybook-static/assets/key-value-list-C6JefmPT.js
│  4.23 kB │ gzip:   1.31 kB
│  storybook-static/assets/card-tjXi8lA4.js
│  4.25 kB │ gzip:   1.44 kB
│  storybook-static/assets/text-button.stories-BWXwR1aw.js
│  4.34 kB │ gzip:   1.57 kB
│  storybook-static/assets/empty-state.stories-DN-F23ZC.js
│  4.37 kB │ gzip:   1.71 kB
│  storybook-static/assets/loyalty-card-d4rz2w0B.js
│  4.42 kB │ gzip:   1.39 kB
│  storybook-static/assets/check-card-BsZc9oF3.js
│  4.45 kB │ gzip:   1.63 kB
│  storybook-static/assets/marketing.stories-DGBYYNh9.js
│  4.45 kB │ gzip:   1.75 kB
│  storybook-static/assets/status-dot.stories-BzuBTu41.js
│  4.50 kB │ gzip:   1.37 kB
│  storybook-static/assets/section-header-C1xjsqKn.js
│  4.55 kB │ gzip:   1.27 kB
│  storybook-static/assets/popover-shell-CVOb6Tja.js
│  4.57 kB │ gzip:   1.53 kB
│  storybook-static/assets/order-tracker.stories-DwXTCHQv.js
│  4.57 kB │ gzip:   1.82 kB
│  storybook-static/assets/review-card.stories-B7JbJsO7.js
│  4.61 kB │ gzip:   1.84 kB
│  storybook-static/assets/step-tracker-BM67zPKp.js
│  4.64 kB │ gzip:   1.59 kB
│  storybook-static/assets/field-message-DyyHmsj-.js
│  4.65 kB │ gzip:   1.21 kB
│  storybook-static/assets/cluster-BUAdwnqB.js
│  4.69 kB │ gzip:   1.44 kB
│  storybook-static/assets/utility-classes-dwExGkBH.js
│  4.69 kB │ gzip:   1.08 kB
│  storybook-static/assets/accordion-BCwZD8x6.js
│  4.70 kB │ gzip:   1.67 kB
│  storybook-static/assets/avatar-BG72k5bT.js
│  4.73 kB │ gzip:   1.61 kB
│  storybook-static/assets/input-BqcB3sRy.js
│  4.79 kB │ gzip:   1.32 kB
│  storybook-static/assets/pattern-field-upUDqJXw.js
│  4.79 kB │ gzip:   1.52 kB
│  storybook-static/assets/dist-CsbR2udO.js
│  4.83 kB │ gzip:   2.10 kB
│  storybook-static/assets/section-header.stories-CFaYuVX1.js
│  4.83 kB │ gzip:   1.64 kB
│  storybook-static/assets/testimonial-wall-Dj1wf6Vy.js
│  4.83 kB │ gzip:   1.23 kB
│  storybook-static/assets/avatar.stories-BPsmWbkP.js
│  4.84 kB │ gzip:   1.52 kB
│  storybook-static/assets/app-shell-BnQPGpi8.js
│  4.85 kB │ gzip:   1.70 kB
│  storybook-static/assets/stat-band.stories-DIbNW-md.js
│  4.85 kB │ gzip:   1.62 kB
│  storybook-static/assets/slot-picker.stories-tHaEp5ud.js
│  4.86 kB │ gzip:   1.79 kB
│  storybook-static/assets/section-Rhtl941S.js
│  4.86 kB │ gzip:   1.53 kB
│  storybook-static/assets/icon-button-D3RvH7Sj.js
│  4.89 kB │ gzip:   1.50 kB
│  storybook-static/assets/divider.stories-D_ohJpl4.js
│  4.92 kB │ gzip:   1.58 kB
│  storybook-static/assets/fixtures-MH70aRKX.js
│  4.98 kB │ gzip:   2.13 kB
│  storybook-static/assets/faq-section-Cv-ZeLTF.js
│  4.99 kB │ gzip:   1.35 kB
│  storybook-static/assets/empty-state-BCoRWGiA.js
│  5.02 kB │ gzip:   1.44 kB
│  storybook-static/assets/tab-bar-B4Sy4c1l.js
│  5.04 kB │ gzip:   1.77 kB
│  storybook-static/assets/form-states-kGakdRyk.js
│  5.06 kB │ gzip:   1.47 kB
│  storybook-static/assets/skeleton.stories-JAktVKWY.js
│  5.13 kB │ gzip:   1.80 kB
│  storybook-static/assets/slider.stories-DdnUVKwH.js
│  5.15 kB │ gzip:   1.84 kB
│  storybook-static/assets/progress-bar.stories-BqpoGiaV.js
│  5.18 kB │ gzip:   1.58 kB
│  storybook-static/assets/dist-zrD0UL4s.js
│  5.21 kB │ gzip:   1.92 kB
│  storybook-static/assets/accordion.stories-otEp1ESR.js
│  5.23 kB │ gzip:   2.09 kB
│  storybook-static/assets/cta-band-BvOO-MnK.js
│  5.25 kB │ gzip:   1.62 kB
│  storybook-static/assets/dist-fp-SWzpN.js
│  5.26 kB │ gzip:   1.93 kB
│  storybook-static/assets/box.stories-DpAhsXYh.js
│  5.29 kB │ gzip:   2.03 kB
│  storybook-static/assets/price-summary.stories-CfO2Z9js.js
│  5.29 kB │ gzip:   1.69 kB
│  storybook-static/assets/announcement-bar-V1iUIzWS.js
│  5.29 kB │ gzip:   1.68 kB
│  storybook-static/assets/toggle-button.stories-DO9CEBTW.js
│  5.34 kB │ gzip:   1.44 kB
│  storybook-static/assets/chunk-KJHJLCBK-yRlRMfNs.js
│  5.35 kB │ gzip:   2.05 kB
│  storybook-static/assets/image-slot.stories-BSdrjoxe.js
│  5.36 kB │ gzip:   1.68 kB
│  storybook-static/assets/logo-lockup.stories-MdX-AEnm.js
│  5.37 kB │ gzip:   1.75 kB
│  storybook-static/assets/price-tag.stories-CuQOhrdV.js
│  5.38 kB │ gzip:   1.58 kB
│  storybook-static/assets/spacing.stories-3i2335If.js
│  5.42 kB │ gzip:   2.23 kB
│  storybook-static/assets/brand-diamond-BdC_O68M.js
│  5.45 kB │ gzip:   1.45 kB
│  storybook-static/assets/pattern-field.stories-FuvDjaz9.js
│  5.45 kB │ gzip:   1.84 kB
│  storybook-static/assets/filter-bar-B4k8lMa2.js
│  5.51 kB │ gzip:   1.62 kB
│  storybook-static/assets/step-tracker.stories-DICwucvD.js
│  5.54 kB │ gzip:   1.98 kB
│  storybook-static/assets/progress-bar-CZAwUm7y.js
│  5.55 kB │ gzip:   1.69 kB
│  storybook-static/assets/rating-DVkahOyk.js
│  5.55 kB │ gzip:   1.87 kB
│  storybook-static/assets/icon.stories-DlaZKF_x.js
│  5.63 kB │ gzip:   2.21 kB
│  storybook-static/assets/rating.stories-CFmKG-3C.js
│  5.69 kB │ gzip:   1.64 kB
│  storybook-static/assets/field-DVK8om2_.js
│  5.71 kB │ gzip:   1.74 kB
│  storybook-static/assets/dist-Akl9RgK5.js
│  5.73 kB │ gzip:   2.35 kB
│  storybook-static/assets/tag-DsOAEfnR.js
│  5.81 kB │ gzip:   1.85 kB
│  storybook-static/assets/action-dock.stories-CEDepDXv.js
│  5.86 kB │ gzip:   2.28 kB
│  storybook-static/assets/system-C1Vk8u1s.js
│  5.86 kB │ gzip:   1.75 kB
│  storybook-static/assets/stat.stories-CriKpSGH.js
│  5.88 kB │ gzip:   1.95 kB
│  storybook-static/assets/social-headline.stories-BsAB5fCy.js
│  5.91 kB │ gzip:   1.69 kB
│  storybook-static/assets/fab-oKxuhztQ.js
│  6.01 kB │ gzip:   1.93 kB
│  storybook-static/assets/badge.stories-RTJb3kJn.js
│  6.06 kB │ gzip:   1.81 kB
│  storybook-static/assets/alert-CNWw0pxT.js
│  6.13 kB │ gzip:   2.14 kB
│  storybook-static/assets/toast.stories-D-aeL-qs.js
│  6.17 kB │ gzip:   2.25 kB
│  storybook-static/assets/offer-seal-BYMzsV4F.js
│  6.24 kB │ gzip:   1.71 kB
│  storybook-static/assets/list-row-CnIMuaTU.js
│  6.26 kB │ gzip:   1.65 kB
│  storybook-static/assets/table-Bv-5yzmh.js
│  6.27 kB │ gzip:   1.92 kB
│  storybook-static/assets/dist-YFsmS_Pm.js
│  6.28 kB │ gzip:   2.26 kB
│  storybook-static/assets/switch.stories-_CHfwD9k.js
│  6.31 kB │ gzip:   2.00 kB
│  storybook-static/assets/pagination-CEbBZ1Lm.js
│  6.47 kB │ gzip:   2.10 kB
│  storybook-static/assets/sticky-action-bar.stories-DuxMbnom.js
│  6.48 kB │ gzip:   2.18 kB
│  storybook-static/assets/search-field.stories-B3vWtdGe.js
│  6.48 kB │ gzip:   2.16 kB
│  storybook-static/assets/checkbox.stories-R8tIU650.js
│  6.49 kB │ gzip:   2.17 kB
│  storybook-static/assets/tooltip.stories-CPD2GY7B.js
│  6.50 kB │ gzip:   2.32 kB
│  storybook-static/assets/quantity-stepper.stories-oTnHwS2w.js
│  6.51 kB │ gzip:   2.13 kB
│  storybook-static/assets/container.stories-BrjUTpmU.js
│  6.56 kB │ gzip:   2.14 kB
│  storybook-static/assets/cart-panel.stories-BuLMXjhv.js
│  6.66 kB │ gzip:   2.47 kB
│  storybook-static/assets/breadcrumb.stories-BKNBd8rk.js
│  6.67 kB │ gzip:   2.29 kB
│  storybook-static/assets/app-shell.stories-BwwjFUtC.js
│  6.78 kB │ gzip:   2.69 kB
│  storybook-static/assets/search-field-pQMaQ2To.js
│  6.82 kB │ gzip:   1.89 kB
│  storybook-static/assets/image-slot-XyvMPy2o.js
│  6.96 kB │ gzip:   1.70 kB
│  storybook-static/assets/voice-and-content-BUurlx2k.js
│  6.97 kB │ gzip:   2.56 kB
│  storybook-static/assets/alert.stories-_JzaVWst.js
│  7.27 kB │ gzip:   2.48 kB
│  storybook-static/assets/dist-DlPXFoWQ.js
│  7.32 kB │ gzip:   2.68 kB
│  storybook-static/assets/review-card-QMUVg1b1.js
│  7.40 kB │ gzip:   1.97 kB
│  storybook-static/assets/react-BZJXY1be.js
│  7.53 kB │ gzip:   2.88 kB
│  storybook-static/assets/radio-m7YZdAN-.js
│  7.61 kB │ gzip:   2.11 kB
│  storybook-static/assets/fab.stories-8cS6PMvo.js
│  7.65 kB │ gzip:   2.11 kB
│  storybook-static/assets/feed.stories-BwewPkVF.js
│  7.66 kB │ gzip:   2.40 kB
│  storybook-static/assets/menu-item-row-DdljRgtS.js
│  7.68 kB │ gzip:   1.92 kB
│  storybook-static/assets/list-row.stories-DaVz2w-6.js
│  7.71 kB │ gzip:   2.53 kB
│  storybook-static/assets/tab-bar.stories-2X7Ho5gb.js
│  7.72 kB │ gzip:   2.67 kB
│  storybook-static/assets/site-footer.stories-B2T7S2Jy.js
│  7.81 kB │ gzip:   2.90 kB
│  storybook-static/assets/outlet-card.stories-Bd5crhMk.js
│  7.84 kB │ gzip:   2.62 kB
│  storybook-static/assets/slot-picker-Xi6EWds1.js
│  7.86 kB │ gzip:   2.21 kB
│  storybook-static/assets/menu-item-card-BMNlNtDA.js
│  7.87 kB │ gzip:   1.95 kB
│  storybook-static/assets/faq-section.stories-tp8265dI.js
│  7.88 kB │ gzip:   2.85 kB
│  storybook-static/assets/cta-band.stories-E6ZVormT.js
│  7.91 kB │ gzip:   2.25 kB
│  storybook-static/assets/toast-BuWNW3WT.js
│  7.92 kB │ gzip:   2.31 kB
│  storybook-static/assets/hero-banner-pYHo1ZkB.js
│  7.93 kB │ gzip:   2.12 kB
│  storybook-static/assets/outlet-card-1w2i8lpQ.js
│  7.94 kB │ gzip:   1.91 kB
│  storybook-static/assets/menu-list.stories-JZkgi7od.js
│  7.96 kB │ gzip:   2.76 kB
│  storybook-static/assets/text-button-BWJt8Cze.js
│  7.98 kB │ gzip:   2.04 kB
│  storybook-static/assets/steps.stories-BB5mVx81.js
│  7.98 kB │ gzip:   2.71 kB
│  storybook-static/assets/offer-seal.stories-BZ4Av870.js
│  7.99 kB │ gzip:   2.66 kB
│  storybook-static/assets/tag.stories-CZa_PGw3.js
│  8.09 kB │ gzip:   2.56 kB
│  storybook-static/assets/logo.stories-DppkMjDX.js
│  8.14 kB │ gzip:   2.01 kB
│  storybook-static/assets/post-frame-DuMRLGTR.js
│  8.19 kB │ gzip:   2.59 kB
│  storybook-static/assets/filter-bar.stories-BRpC-_g4.js
│  8.27 kB │ gzip:   2.74 kB
│  storybook-static/assets/button-COS5UUTn.js
│  8.29 kB │ gzip:   2.29 kB
│  storybook-static/assets/coupon-ticket.stories-CNxiwsOF.js
│  8.52 kB │ gzip:   3.06 kB
│  storybook-static/assets/choice-control-B5Abcxqs.js
│  8.55 kB │ gzip:   2.35 kB
│  storybook-static/assets/check-card.stories-LLPZhuZz.js
│  8.75 kB │ gzip:   2.30 kB
│  storybook-static/assets/site-footer-Dw-YYXhQ.js
│  8.76 kB │ gzip:   2.60 kB
│  storybook-static/assets/ads.stories-ozso-DNZ.js
│  8.78 kB │ gzip:   2.69 kB
│  storybook-static/assets/system.stories-B72RvUzO.js
│  8.88 kB │ gzip:   2.52 kB
│  storybook-static/assets/stack.stories-B1J8YQrc.js
│  9.00 kB │ gzip:   2.66 kB
│  storybook-static/assets/key-value-list.stories-CmWWzChI.js
│  9.05 kB │ gzip:   2.97 kB
│  storybook-static/assets/field.stories-DuYY7xOx.js
│  9.07 kB │ gzip:   2.90 kB
│  storybook-static/assets/order-tracker-C-h3zmOz.js
│  9.08 kB │ gzip:   2.33 kB
│  storybook-static/assets/prose.stories-85QEvDAC.js
│  9.08 kB │ gzip:   2.50 kB
│  storybook-static/assets/toggle-button-B-8r1XK0.js
│  9.17 kB │ gzip:   2.43 kB
│  storybook-static/assets/icon-button.stories-CemEBh1k.js
│  9.27 kB │ gzip:   2.41 kB
│  storybook-static/assets/popover-DriRKzwm.js
│  9.32 kB │ gzip:   2.49 kB
│  storybook-static/assets/menu-item-card.stories-BCAD7x_N.js
│  9.34 kB │ gzip:   2.80 kB
│  storybook-static/assets/menu-item-row.stories-CObulN8k.js
│  9.52 kB │ gzip:   2.90 kB
│  storybook-static/assets/auto-grid.stories-BL0ytQPq.js
│  9.58 kB │ gzip:   2.94 kB
│  storybook-static/assets/cluster.stories-BMYZfOI9.js
│  9.74 kB │ gzip:   3.33 kB
│  storybook-static/assets/section.stories-BSrzMH1F.js
│  9.90 kB │ gzip:   2.77 kB
│  storybook-static/assets/type.stories---efqgcm.js
│  10.14 kB │ gzip:   2.98 kB
│  storybook-static/assets/cart-panel-Dau-j4Jj.js
│  10.42 kB │ gzip:   2.63 kB
│  storybook-static/assets/link-D-ZfVm5r.js
│  10.43 kB │ gzip:   2.49 kB
│  storybook-static/assets/menu-panel-CMm2SuFH.js
│  10.43 kB │ gzip:   2.83 kB
│  storybook-static/assets/link-card.stories-BGmvsV5W.js
│  10.70 kB │ gzip:   3.15 kB
│  storybook-static/assets/popover.stories-CKmckAR6.js
│  10.85 kB │ gzip:   3.02 kB
│  storybook-static/assets/combobox.stories-CIJCLpRS.js
│  10.91 kB │ gzip:   3.07 kB
│  storybook-static/assets/tooltip-CY2O0TLS.js
│  10.94 kB │ gzip:   4.05 kB
│  storybook-static/assets/quantity-stepper-DnmU846z.js
│  11.62 kB │ gzip:   2.63 kB
│  storybook-static/assets/typography.stories-C42oXlNh.js
│  11.65 kB │ gzip:   3.14 kB
│  storybook-static/assets/chip-group.stories-CHFn2PL0.js
│  11.79 kB │ gzip:   3.75 kB
│  storybook-static/assets/input.stories-1TWVbHFg.js
│  11.83 kB │ gzip:   3.42 kB
│  storybook-static/assets/link.stories-C1LId4po.js
│  11.89 kB │ gzip:   3.16 kB
│  storybook-static/assets/swatch-CWmCH0Wr.js
│  11.94 kB │ gzip:   2.58 kB
│  storybook-static/assets/typography-i9sfGyVn.js
│  12.02 kB │ gzip:   2.39 kB
│  storybook-static/assets/radio.stories-D7XpLCnw.js
│  12.27 kB │ gzip:   3.26 kB
│  storybook-static/assets/otp-input.stories-B2zwXcWV.js
│  12.28 kB │ gzip:   3.52 kB
│  storybook-static/assets/dialog-BfqIlmqL.js
│  12.28 kB │ gzip:   2.88 kB
│  storybook-static/assets/action-menu.stories-BzjbX4A8.js
│  12.31 kB │ gzip:   3.38 kB
│  storybook-static/assets/use-focus-return-D2AZFemv.js
│  12.34 kB │ gzip:   4.52 kB
│  storybook-static/assets/card.stories-DLYx6SA3.js
│  12.38 kB │ gzip:   3.24 kB
│  storybook-static/assets/choice-card-group-DhHB_SNt.js
│  12.38 kB │ gzip:   3.07 kB
│  storybook-static/assets/chip-group-DfyKFCPW.js
│  12.38 kB │ gzip:   3.15 kB
│  storybook-static/assets/date-picker.stories-Cy3xCsvb.js
│  12.59 kB │ gzip:   3.45 kB
│  storybook-static/assets/field-control-CSOikEFI.js
│  13.10 kB │ gzip:   2.97 kB
│  storybook-static/assets/coupon-ticket-Boq4aS1-.js
│  13.11 kB │ gzip:   3.09 kB
│  storybook-static/assets/introduction-DgTCPyzy.js
│  13.15 kB │ gzip:   4.13 kB
│  storybook-static/assets/feature-item.stories-Cao7eh0e.js
│  13.20 kB │ gzip:   4.19 kB
│  storybook-static/assets/speed-dial.stories-D1Hbdkkc.js
│  13.31 kB │ gzip:   4.07 kB
│  storybook-static/assets/site-header.stories-BY2rRZlO.js
│  13.41 kB │ gzip:   4.47 kB
│  storybook-static/assets/menu-list-CXTUUp_S.js
│  14.04 kB │ gzip:   2.89 kB
│  storybook-static/assets/grid.stories-T0ylt4Qx.js
│  14.24 kB │ gzip:   3.94 kB
│  storybook-static/assets/app.stories-WJ_2LUXB.js
│  14.68 kB │ gzip:   5.48 kB
│  storybook-static/assets/hero-banner.stories-pU-V66Lw.js
│  14.72 kB │ gzip:   4.22 kB
│  storybook-static/assets/website.stories-FwrSUg8f.js
│  15.12 kB │ gzip:   5.36 kB
│  storybook-static/assets/quote-panel.stories-9u_3cbkk.js
│  15.87 kB │ gzip:   4.28 kB
│  storybook-static/assets/review-carousel.stories-SKfmgjOj.js
│  16.03 kB │ gzip:   4.47 kB
│  storybook-static/assets/combobox-DQf8O8ED.js
│  16.09 kB │ gzip:   4.37 kB
│  storybook-static/assets/dialog.stories--QKKxSQi.js
│  16.38 kB │ gzip:   4.42 kB
│  storybook-static/assets/snackbar.stories-Blu9WzYm.js
│  16.69 kB │ gzip:   4.66 kB
│  storybook-static/assets/layout.stories-CLoxjAGL.js
│  17.54 kB │ gzip:   4.01 kB
│  storybook-static/assets/site-header-BYRp0KkY.js
│  17.99 kB │ gzip:   4.19 kB
│  storybook-static/assets/colors.stories-CvLs5Tc7.js
│  18.02 kB │ gzip:   4.52 kB
│  storybook-static/assets/table.stories-t_vfUb4x.js
│  18.18 kB │ gzip:   5.01 kB
│  storybook-static/assets/es2015-DOK8sqpF.js
│  18.43 kB │ gzip:   7.03 kB
│  storybook-static/assets/post-frame.stories-DdMlHiHE.js
│  18.45 kB │ gzip:   4.64 kB
│  storybook-static/assets/select-BPZM9Q5n.js
│  19.02 kB │ gzip:   4.09 kB
│  storybook-static/assets/choice-card-group.stories-D9_UMecZ.js
│  20.59 kB │ gzip:   5.58 kB
│  storybook-static/assets/motion.stories-iKyii9O3.js
│  20.87 kB │ gzip:   6.55 kB
│  storybook-static/assets/tabs.stories-Bo2plszi.js
│  20.95 kB │ gzip:   6.13 kB
│  storybook-static/assets/button.stories-CbD_N_58.js
│  20.95 kB │ gzip:   4.74 kB
│  storybook-static/assets/pricing-card.stories-BSTMZkaG.js
│  21.72 kB │ gzip:   5.82 kB
│  storybook-static/assets/chunk-W22LQPXL-BGIlIx7A.js
│  22.74 kB │ gzip:   7.59 kB
│  storybook-static/assets/select.stories-um3PRhyW.js
│  22.85 kB │ gzip:   5.78 kB
│  storybook-static/assets/docs-kit.stories-Cu4Ko7P1.js
│  23.79 kB │ gzip:   5.95 kB
│  storybook-static/assets/brand.stories-PS-RxBTU.js
│  26.27 kB │ gzip:   6.82 kB
│  storybook-static/assets/toggle-button-group.stories-DozucwG2.js
│  26.83 kB │ gzip:   5.37 kB
│  storybook-static/vite-inject-mocker-entry.js
│  27.84 kB │ gzip:   9.66 kB
│  storybook-static/assets/dist-vQwr46Pa.js
│  27.87 kB │ gzip:  10.81 kB
│  storybook-static/assets/matchers-JIUQ3HVY-C789_MAK.js
│  28.79 kB │ gzip:   9.68 kB
│  storybook-static/assets/menu.stories-_briAp2k.js
│  30.26 kB │ gzip:   6.48 kB
│  storybook-static/assets/Color-6AOWCN3U-Bzl8Egmh.js
│  30.40 kB │ gzip:  11.50 kB
│  storybook-static/assets/WithTooltip-7X4HQR7L-DQ4Qthn2.js
│  32.74 kB │ gzip:  11.48 kB
│  storybook-static/assets/component-variants-CuA9wWCa.js
│  45.95 kB │ gzip:  15.12 kB
│  storybook-static/assets/menu-Ba1P6HsN.js
│  50.62 kB │ gzip:  10.27 kB
│  storybook-static/assets/forms.stories-BiN-4kGu.js
│  53.14 kB │ gzip:  18.21 kB
│  storybook-static/assets/theming-Cvtrnj7n.js
│  55.41 kB │ gzip:  21.35 kB
│  storybook-static/assets/schemas-DWPX3Hzz.js
│  67.66 kB │ gzip:  18.54 kB
│  storybook-static/assets/syntaxhighlighter-QEQV7K2Y-hxWjqoPr.js
│  75.92 kB │ gzip:  27.27 kB
│  storybook-static/assets/logo-DPDttDbs.js
│  77.37 kB │ gzip:  31.67 kB
│  storybook-static/assets/date-picker-BDoqDaaO.js
│  96.18 kB │ gzip:  26.76 kB
│  storybook-static/assets/react-18-D4o7zN8K.js
│  179.09 kB │ gzip:  56.66 kB
│  storybook-static/assets/axe-_9eNhXQJ.js
│  587.04 kB │ gzip: 160.26 kB
│  storybook-static/assets/blocks-CiHWsKXa.js
│  757.24 kB │ gzip: 240.05 kB
│  storybook-static/assets/iframe-BsBICGUR.js
│  1,186.94 kB │ gzip: 337.89 kB
│  storybook-static/assets/catalogue-CLAIbl0d.js
│  2,658.02 kB │ gzip: 540.13 kB

│
▲  Vite [plugin builtin:vite-reporter]
│  (!) Some chunks are larger than 500 kB after minification. Consider:
│  - Using dynamic import() to code-split the application
│  - Use build.rolldownOptions.output.codeSplitting to improve chunking:
│  ]8;;https://rolldown.rs/reference/OutputOptions.codeSplittinghttps://rolldown.rs/reference/OutputOptions.codeSplitting]8;;
│  - Adjust chunk size limit for this warning via
│  build.chunkSizeWarningLimit.
│  Vite ✓ built in 4.11s
│
▲  Vite [33m[PLUGIN_TIMINGS] [0mYour build spent 87% of 4.1s inside plugin hooks
│  (3.6s).
│  Measured inside the callback, so queue time is excluded and time the
│  callback itself awaited is not:
│  - vite:react-docgen-typescript transform (37%, 1.5s, 3677 calls)
│  Those rows are 37% of the build; the rest of the 87% is below.
│  Not measurable — 4 hooks whose calls overlap, so elapsed time covers
│  work other calls were doing. Profile with `node --cpu-prof`:
│  - vite:asset load (388 calls)
│  - plugin-csf transform (3677 calls)
│  - vite:css transform (14 calls)
│  … and 1 more
│  See ]8;;https://rolldown.rs/reference/InputOptions.checks#plugintimingshttps://rolldown.rs/reference/InputOptions.checks#plugintimings]8;;
│  for more details.

│
◇  Output directory:
│  /Users/rishavpa/Professional/pink-paprikaa-site/apps/storybook/storybook-static
│
└  Storybook build completed successfully


> nx run @pink-paprikaa-web/design-tokens:test  [existing outputs match the cache, left as is]

> vitest


 RUN  v4.1.10 /Users/rishavpa/Professional/pink-paprikaa-site/packages/design-tokens

 ✓ |@pink-paprikaa-web/design-tokens| src/theme.spec.ts (59 tests) 57ms
 ✓ |@pink-paprikaa-web/design-tokens| src/surface-aliases.spec.ts (4 tests) 4ms
 ✓ |@pink-paprikaa-web/design-tokens| src/policy.spec.ts (236 tests) 18ms
 ✓ |@pink-paprikaa-web/design-tokens| src/contrast.spec.ts (16 tests) 5ms

 Test Files  4 passed (4)
      Tests  315 passed (315)
   Start at  13:25:00
   Duration  671ms (transform 49ms, setup 0ms, import 97ms, tests 84ms, environment 0ms)


> nx run @pink-paprikaa-web/ui:lint  [existing outputs match the cache, left as is]

> eslint .


/Users/rishavpa/Professional/pink-paprikaa-site/packages/ui/src/atoms/menu/menu.stories.tsx
  540:1  warning  File has too many lines (527). Maximum allowed is 500  max-lines

/Users/rishavpa/Professional/pink-paprikaa-site/packages/ui/src/atoms/menu/menu.test.tsx
  528:1  warning  File has too many lines (588). Maximum allowed is 500  max-lines

✖ 2 problems (0 errors, 2 warnings)


> nx run @pink-paprikaa-web/ui:test  [existing outputs match the cache, left as is]

> vitest


 RUN  v4.1.10 /Users/rishavpa/Professional/pink-paprikaa-site/packages/ui

 ✓ |@pink-paprikaa-web/ui| src/styles.spec.ts (6 tests) 5ms
 ✓ |@pink-paprikaa-web/ui| src/lib/assign-ref.spec.ts (3 tests) 6ms
 ✓ |@pink-paprikaa-web/ui| src/lib/menu-panel.test.tsx (4 tests) 259ms
 ✓ |@pink-paprikaa-web/ui| src/molecules/snackbar/snackbar.test.tsx (33 tests) 974ms
 ✓ |@pink-paprikaa-web/ui| src/lib/common-props.spec.ts (2 tests) 5ms
 ✓ |@pink-paprikaa-web/ui| src/layouts/app-shell/app-shell.test.tsx (11 tests) 349ms
 ✓ |@pink-paprikaa-web/ui| src/molecules/toast/toast.test.tsx (26 tests) 975ms
 ✓ |@pink-paprikaa-web/ui| src/lib/field-message.test.tsx (9 tests) 243ms
 ✓ |@pink-paprikaa-web/ui| src/lib/field-status.spec.ts (1 test) 3ms
 ✓ |@pink-paprikaa-web/ui| src/lib/brand-artwork.spec.ts (12 tests) 9ms
 ✓ |@pink-paprikaa-web/ui| src/lib/format-date.spec.ts (8 tests) 2ms
 ✓ |@pink-paprikaa-web/ui| src/lib/is-shown.spec.ts (7 tests) 2ms
 ✓ |@pink-paprikaa-web/ui| src/lib/control-states.spec.ts (1 test) 13ms
 ✓ |@pink-paprikaa-web/ui| src/index.spec.ts (13 tests) 11ms
 ✓ |@pink-paprikaa-web/ui| src/lib/link-as.test.tsx (2 tests) 97ms
 ✓ |@pink-paprikaa-web/ui| src/lib/heading.spec.ts (6 tests) 4ms
 ✓ |@pink-paprikaa-web/ui| src/lib/reveal-observer.test.tsx (10 tests) 66ms
 ✓ |@pink-paprikaa-web/ui| src/lib/space.spec.ts (22 tests) 4ms
 ✓ |@pink-paprikaa-web/ui| src/lib/story-ring.spec.ts (21 tests) 168ms
 ✓ |@pink-paprikaa-web/ui| src/lib/symbol-mark.test.tsx (2 tests) 28ms
 ✓ |@pink-paprikaa-web/ui| src/lib/component-variants.spec.ts (48 tests) 16ms
 ✓ |@pink-paprikaa-web/ui| src/lib/struck-price.test.tsx (6 tests) 42ms
 ✓ |@pink-paprikaa-web/ui| src/lib/use-listbox.spec.ts (6 tests) 20ms
 ✓ |@pink-paprikaa-web/ui| src/lib/sx.spec.ts (30 tests) 5ms
 ✓ |@pink-paprikaa-web/ui| src/lib/use-press.spec.tsx (2 tests) 124ms
 ✓ |@pink-paprikaa-web/ui| src/lib/field-control.spec.ts (1 test) 19ms
 ✓ |@pink-paprikaa-web/ui| src/atoms/badge/badge.test.tsx (16 tests) 202ms
 ✓ |@pink-paprikaa-web/ui| src/atoms/checkbox/checkbox.test.tsx (14 tests) 363ms
 ✓ |@pink-paprikaa-web/ui| src/atoms/countdown/countdown.test.tsx (14 tests) 257ms
 ✓ |@pink-paprikaa-web/ui| src/atoms/card/card.test.tsx (21 tests) 291ms
 ✓ |@pink-paprikaa-web/ui| src/atoms/diet-mark/diet-mark.test.tsx (9 tests) 192ms
 ✓ |@pink-paprikaa-web/ui| src/atoms/avatar/avatar.test.tsx (21 tests) 294ms
 ✓ |@pink-paprikaa-web/ui| src/atoms/divider/divider.test.tsx (11 tests) 202ms
 ✓ |@pink-paprikaa-web/ui| src/atoms/icon/icon.test.tsx (13 tests) 199ms
 ✓ |@pink-paprikaa-web/ui| src/atoms/button/button.test.tsx (34 tests) 525ms
 ✓ |@pink-paprikaa-web/ui| src/lib/use-controllable-state.test.tsx (5 tests) 233ms
 ✓ |@pink-paprikaa-web/ui| src/atoms/image-slot/image-slot.test.tsx (29 tests) 282ms
 ✓ |@pink-paprikaa-web/ui| src/atoms/input/input.test.tsx (24 tests) 425ms
 ✓ |@pink-paprikaa-web/ui| src/atoms/icon-button/icon-button.test.tsx (24 tests) 430ms
 ✓ |@pink-paprikaa-web/ui| src/atoms/link/link.test.tsx (29 tests) 378ms
 ✓ |@pink-paprikaa-web/ui| src/atoms/pattern-field/pattern-field.test.tsx (23 tests) 276ms
 ✓ |@pink-paprikaa-web/ui| src/atoms/logo/logo.test.tsx (18 tests) 291ms
 ✓ |@pink-paprikaa-web/ui| src/atoms/price-tag/price-tag.test.tsx (23 tests) 167ms
stderr | src/atoms/popover/popover.test.tsx > Popover > sheet=auto follows matchMedia at 640px
An update to Popover inside a test was not wrapped in act(...).

When testing, code that causes React state updates should be wrapped into act(...):

act(() => {
  /* fire events that update state */
});
/* assert on the output */

This ensures that you're testing the behavior the user would see in the browser. Learn more at https://react.dev/link/wrap-tests-with-act

 ✓ |@pink-paprikaa-web/ui| src/atoms/popover/popover.test.tsx (19 tests) 1085ms
 ✓ |@pink-paprikaa-web/ui| src/atoms/radio/radio.test.tsx (25 tests) 815ms
 ✓ |@pink-paprikaa-web/ui| src/atoms/rating/rating.test.tsx (25 tests) 507ms
 ✓ |@pink-paprikaa-web/ui| src/atoms/fab/fab.test.tsx (13 tests) 367ms
 ✓ |@pink-paprikaa-web/ui| src/atoms/social-headline/social-headline.test.tsx (22 tests) 200ms
 ✓ |@pink-paprikaa-web/ui| src/atoms/progress-bar/progress-bar.test.tsx (19 tests) 249ms
 ✓ |@pink-paprikaa-web/ui| src/atoms/menu/menu.test.tsx (27 tests) 2287ms
 ✓ |@pink-paprikaa-web/ui| src/atoms/skeleton/skeleton.test.tsx (9 tests) 174ms
 ✓ |@pink-paprikaa-web/ui| src/atoms/slider/slider.test.tsx (7 tests) 211ms
 ✓ |@pink-paprikaa-web/ui| src/atoms/status-dot/status-dot.test.tsx (22 tests) 446ms
 ✓ |@pink-paprikaa-web/ui| src/atoms/switch/switch.test.tsx (13 tests) 662ms
 ✓ |@pink-paprikaa-web/ui| src/atoms/spinner/spinner.test.tsx (14 tests) 300ms
 ✓ |@pink-paprikaa-web/ui| src/atoms/spice-level/spice-level.test.tsx (17 tests) 439ms
 ✓ |@pink-paprikaa-web/ui| src/atoms/text-button/text-button.test.tsx (11 tests) 288ms
 ✓ |@pink-paprikaa-web/ui| src/atoms/select/select.test.tsx (17 tests) 1266ms
 ✓ |@pink-paprikaa-web/ui| src/atoms/toggle-button/toggle-button.test.tsx (11 tests) 514ms
 ✓ |@pink-paprikaa-web/ui| src/atoms/tooltip/tooltip.test.tsx (13 tests) 921ms
 ✓ |@pink-paprikaa-web/ui| src/atoms/typography/typography.test.tsx (49 tests) 406ms
 ✓ |@pink-paprikaa-web/ui| src/atoms/tag/tag.test.tsx (19 tests) 337ms
 ✓ |@pink-paprikaa-web/ui| src/layouts/box/box.test.tsx (22 tests) 211ms
 ✓ |@pink-paprikaa-web/ui| src/layouts/cluster/cluster.test.tsx (24 tests) 251ms
 ✓ |@pink-paprikaa-web/ui| src/layouts/post-frame/post-formats.spec.ts (13 tests) 4ms
 ✓ |@pink-paprikaa-web/ui| src/layouts/grid/grid.test.tsx (22 tests) 276ms
 ✓ |@pink-paprikaa-web/ui| src/layouts/auto-grid/auto-grid.test.tsx (22 tests) 156ms
 ✓ |@pink-paprikaa-web/ui| src/layouts/container/container.test.tsx (19 tests) 163ms
 ✓ |@pink-paprikaa-web/ui| src/layouts/post-frame/post-frame.test.tsx (29 tests) 244ms
 ✓ |@pink-paprikaa-web/ui| src/layouts/stack/stack.test.tsx (21 tests) 301ms
 ✓ |@pink-paprikaa-web/ui| src/organisms/cart-panel/cart-totals.spec.ts (5 tests) 3ms
 ✓ |@pink-paprikaa-web/ui| src/layouts/section/section.test.tsx (25 tests) 203ms
 ✓ |@pink-paprikaa-web/ui| src/organisms/cta-band/cta-band.test.tsx (15 tests) 324ms
 ✓ |@pink-paprikaa-web/ui| src/organisms/faq-section/faq-section.test.tsx (11 tests) 593ms
     ✓ heads the section with overline, a level-2 title and the lede  314ms
 ✓ |@pink-paprikaa-web/ui| src/organisms/action-dock/action-dock.test.tsx (8 tests) 307ms
 ✓ |@pink-paprikaa-web/ui| src/organisms/cart-panel/cart-panel.test.tsx (16 tests) 773ms
 ✓ |@pink-paprikaa-web/ui| src/organisms/hero-banner/hero-banner.test.tsx (24 tests) 333ms
 ✓ |@pink-paprikaa-web/ui| src/organisms/order-tracker/order-tracker.test.tsx (15 tests) 428ms
 ✓ |@pink-paprikaa-web/ui| src/organisms/dialog/dialog.test.tsx (29 tests) 1014ms
 ✓ |@pink-paprikaa-web/ui| src/organisms/quote-panel/quote-panel.test.tsx (16 tests) 335ms
 ✓ |@pink-paprikaa-web/ui| src/organisms/menu-list/menu-list.test.tsx (21 tests) 1304ms
 ✓ |@pink-paprikaa-web/ui| src/organisms/site-footer/site-footer.test.tsx (18 tests) 530ms
 ✓ |@pink-paprikaa-web/ui| src/organisms/tab-bar/tab-bar.test.tsx (12 tests) 585ms
 ✓ |@pink-paprikaa-web/ui| src/organisms/stat-band/stat-band.test.tsx (14 tests) 304ms
 ✓ |@pink-paprikaa-web/ui| src/organisms/review-carousel/review-carousel.test.tsx (12 tests) 972ms
     ✓ has no accessibility violations  392ms
 ✓ |@pink-paprikaa-web/ui| src/organisms/site-header/site-header.test.tsx (21 tests) 1308ms
 ✓ |@pink-paprikaa-web/ui| src/organisms/testimonial-wall/testimonial-wall.test.tsx (11 tests) 815ms
     ✓ has no accessibility violations  376ms
 ✓ |@pink-paprikaa-web/ui| src/molecules/accordion/accordion.test.tsx (14 tests) 435ms
 ✓ |@pink-paprikaa-web/ui| src/molecules/announcement-bar/announcement-bar.test.tsx (10 tests) 305ms
 ✓ |@pink-paprikaa-web/ui| src/molecules/alert/alert.test.tsx (20 tests) 375ms
 ✓ |@pink-paprikaa-web/ui| src/molecules/action-menu/action-menu.test.tsx (7 tests) 828ms
     ✓ opens from a ghost sm More actions IconButton (ellipsis)  310ms
 ✓ |@pink-paprikaa-web/ui| src/molecules/check-card/check-card.test.tsx (13 tests) 486ms
 ✓ |@pink-paprikaa-web/ui| src/molecules/breadcrumb/breadcrumb.test.tsx (10 tests) 226ms
 ✓ |@pink-paprikaa-web/ui| src/molecules/coupon-ticket/coupon-ticket.test.tsx (15 tests) 447ms
 ✓ |@pink-paprikaa-web/ui| src/molecules/chip-group/chip-group.test.tsx (23 tests) 683ms
 ✓ |@pink-paprikaa-web/ui| src/molecules/choice-card-group/choice-card-group.test.tsx (25 tests) 773ms
 ✓ |@pink-paprikaa-web/ui| src/molecules/empty-state/empty-state.test.tsx (9 tests) 210ms
 ✓ |@pink-paprikaa-web/ui| src/molecules/feature-item/feature-item.test.tsx (7 tests) 216ms
 ✓ |@pink-paprikaa-web/ui| src/molecules/field/field.test.tsx (18 tests) 354ms
 ✓ |@pink-paprikaa-web/ui| src/molecules/filter-bar/filter-bar.test.tsx (11 tests) 647ms
 ✓ |@pink-paprikaa-web/ui| src/molecules/key-value-list/key-value-list.test.tsx (11 tests) 343ms
 ✓ |@pink-paprikaa-web/ui| src/molecules/logo-lockup/logo-lockup.test.tsx (13 tests) 519ms
 ✓ |@pink-paprikaa-web/ui| src/molecules/link-card/link-card.test.tsx (15 tests) 453ms
 ✓ |@pink-paprikaa-web/ui| src/molecules/list-row/list-row.test.tsx (11 tests) 455ms
 ✓ |@pink-paprikaa-web/ui| src/molecules/combobox/combobox.test.tsx (23 tests) 1655ms
 ✓ |@pink-paprikaa-web/ui| src/molecules/menu-item-row/menu-item-row.test.tsx (15 tests) 402ms
 ✓ |@pink-paprikaa-web/ui| src/molecules/loyalty-card/loyalty-card.test.tsx (18 tests) 487ms
 ✓ |@pink-paprikaa-web/ui| src/molecules/date-picker/date-picker.test.tsx (23 tests) 2742ms
     ✓ opens the calendar, picks a day with the keyboard, shows it formatted and submits ISO  305ms
     ✓ is accessible closed and open  397ms
     ✓ is accessible, single and range  531ms
 ✓ |@pink-paprikaa-web/ui| src/molecules/menu-item-card/menu-item-card.test.tsx (15 tests) 399ms
 ✓ |@pink-paprikaa-web/ui| src/molecules/otp-input/otp-input.test.tsx (18 tests) 671ms
 ✓ |@pink-paprikaa-web/ui| src/molecules/offer-seal/offer-seal.test.tsx (20 tests) 366ms
 ✓ |@pink-paprikaa-web/ui| src/molecules/outlet-card/outlet-card.test.tsx (16 tests) 490ms
 ✓ |@pink-paprikaa-web/ui| src/molecules/pagination/pagination.test.tsx (13 tests) 593ms
 ✓ |@pink-paprikaa-web/ui| src/molecules/quantity-stepper/quantity-stepper.test.tsx (30 tests) 1133ms
 ✓ |@pink-paprikaa-web/ui| src/molecules/price-summary/price-summary.test.tsx (10 tests) 446ms
 ✓ |@pink-paprikaa-web/ui| src/molecules/pricing-card/pricing-card.test.tsx (16 tests) 439ms
 ✓ |@pink-paprikaa-web/ui| src/molecules/section-header/section-header.test.tsx (13 tests) 237ms
 ✓ |@pink-paprikaa-web/ui| src/molecules/review-card/review-card.test.tsx (11 tests) 375ms
 ✓ |@pink-paprikaa-web/ui| src/molecules/stat/stat.test.tsx (15 tests) 196ms
 ✓ |@pink-paprikaa-web/ui| src/molecules/slot-picker/slot-picker.test.tsx (21 tests) 922ms
 ✓ |@pink-paprikaa-web/ui| src/molecules/search-field/search-field.test.tsx (18 tests) 563ms
 ✓ |@pink-paprikaa-web/ui| src/molecules/step-tracker/step-tracker.test.tsx (12 tests) 383ms
 ✓ |@pink-paprikaa-web/ui| src/molecules/steps/steps.test.tsx (9 tests) 254ms
 ✓ |@pink-paprikaa-web/ui| src/molecules/sticky-action-bar/sticky-action-bar.test.tsx (8 tests) 209ms
 ✓ |@pink-paprikaa-web/ui| src/molecules/table/table.test.tsx (11 tests) 278ms
 ✓ |@pink-paprikaa-web/ui| src/molecules/speed-dial/speed-dial.test.tsx (16 tests) 653ms
 ✓ |@pink-paprikaa-web/ui| src/molecules/tabs/tabs.test.tsx (15 tests) 506ms
 ✓ |@pink-paprikaa-web/ui| src/molecules/toggle-button-group/toggle-button-group.test.tsx (16 tests) 503ms

 Test Files  128 passed (128)
      Tests  2031 passed (2031)
   Start at  13:25:00
   Duration  46.35s (transform 4.17s, setup 43.81s, import 46.90s, tests 54.32s, environment 97.50s)


> nx run @pink-paprikaa-web/web:lint  [existing outputs match the cache, left as is]

> eslint .


> nx run @pink-paprikaa-web/blog-e2e:typecheck  [existing outputs match the cache, left as is]

> tsc --build tsconfig.json --emitDeclarationOnly


> nx run @pink-paprikaa-web/web-e2e:typecheck  [existing outputs match the cache, left as is]

> tsc --build tsconfig.json --emitDeclarationOnly


> nx run @pink-paprikaa-web/image-pipeline:typecheck  [local cache]

> tsc --build tsconfig.json --emitDeclarationOnly


> nx run @pink-paprikaa-web/blog:lint  [existing outputs match the cache, left as is]

> eslint .


> nx run @pink-paprikaa-web/web-e2e:lint  [existing outputs match the cache, left as is]

> eslint .


/Users/rishavpa/Professional/pink-paprikaa-site/apps/web-e2e/src/home.spec.ts
  20:16  warning  Avoid having conditionals in tests  playwright/no-conditional-in-test

✖ 1 problem (0 errors, 1 warning)


> nx run @pink-paprikaa-web/blog-e2e:lint  [existing outputs match the cache, left as is]

> eslint .


/Users/rishavpa/Professional/pink-paprikaa-site/apps/blog-e2e/src/blog.spec.ts
  21:16  warning  Avoid having conditionals in tests  playwright/no-conditional-in-test

✖ 1 problem (0 errors, 1 warning)


> nx run @pink-paprikaa-web/eslint-config:test


> @pink-paprikaa-web/eslint-config@0.0.0 test /Users/rishavpa/Professional/pink-paprikaa-site/tools/eslint-config
> node --test *.test.mjs rules/*.test.mjs ../scripts/*.test.mjs

▶ count-guard CLI
  ✔ exits 1 and names the count that dropped (480.762583ms)
  ✔ exits 0 when every count is equal or higher (1459.73725ms)
  ✔ raises the baseline with --update, never lowers it (357.190166ms)
  ✔ refuses --update when a count dropped and leaves the baseline alone (119.140375ms)
✔ count-guard CLI (2417.481958ms)
▶ count-guard helpers
  ✔ finds every lowered key (0.18225ms)
  ✔ treats a missing count as zero (0.077792ms)
  ✔ raiseBaseline keeps the maximum of each number (0.109125ms)
  ✔ reads passed and failed tests from a Vitest JSON report (0.326542ms)
  ✔ counts only story entries in a Storybook index (0.137041ms)
✔ count-guard helpers (1.009625ms)
✔ no tier imports the package barrel, by any spelling (53.893333ms)
✔ every tier may import lib, assets, the stylesheet, the test setup and packages (10.596416ms)
✔ a layer never imports one above it, and may import any below (1.37875ms)
✔ an atom imports no other atom but Icon (1.724333ms)
✔ a lib file never imports the package barrel, by any spelling (R41) (4.76475ms)
✔ a lib file may import its siblings, the Icon atom, the stylesheet, the test setup and packages (1.271167ms)
✔ a lib file imports no tier above the atoms, and no atom but Icon (1.238291ms)
✔ allows role=list on a list, which Safari needs once list-style is none (38.507291ms)
✔ still flags every other redundant role (5.963417ms)
no-arbitrary-shorthand: all RuleTester cases passed
✔ rules/no-arbitrary-shorthand.test.mjs (2426.680875ms)
no-native-ui: all RuleTester cases passed
✔ rules/no-native-ui.test.mjs (1670.675917ms)
no-raw-hex: all RuleTester cases passed
✔ rules/no-raw-hex.test.mjs (2635.813875ms)
ℹ tests 21
ℹ suites 2
ℹ pass 21
ℹ fail 0
ℹ cancelled 0
ℹ skipped 0
ℹ todo 0
ℹ duration_ms 5324.463584

> nx run @pink-paprikaa-web/storybook:lint

> eslint .


> nx run @pink-paprikaa-web/storybook:typecheck

> tsc --build --emitDeclarationOnly


> nx run @pink-paprikaa-web/storybook:test

> vitest

│
▲  No story files found for the specified pattern:
│  ../../packages/ui/src/**/*.mdx

 RUN  v4.1.10 /Users/rishavpa/Professional/pink-paprikaa-site/apps/storybook

 ✓ |docs-kit| src/docs-kit/sidebar.spec.ts (1 test) 6ms
 ✓ |storybook (chromium)| src/docs-kit/canvas.stories.tsx (3 tests) 384ms
   ✓ Padded Leaves 328  339ms
 ✓ |storybook (chromium)| ../../packages/ui/src/organisms/site-header/site-header.stories.tsx (15 tests) 1712ms
   ✓ Playground  582ms
   ✓ Drawer Open  447ms
 ✓ |storybook (chromium)| ../../packages/ui/src/organisms/site-footer/site-footer.stories.tsx (8 tests) 2289ms
   ✓ Playground  913ms
 ✓ |storybook (chromium)| src/patterns/forms.stories.tsx (1 test) 1722ms
   ✓ Enquiry form — keyboard only  1720ms
 ✓ |storybook (chromium)| ../../packages/ui/src/organisms/review-carousel/review-carousel.stories.tsx (9 tests) 2383ms
   ✓ Playground  1097ms
   ✓ Mobile  650ms
   ✓ Desktop  353ms
 ✓ |storybook (chromium)| ../../packages/ui/src/atoms/countdown/countdown.stories.tsx (4 tests) 1723ms
   ✓ Playground  1659ms
 ✓ |storybook (chromium)| ../../packages/ui/src/organisms/menu-list/menu-list.stories.tsx (12 tests) 1340ms
 ✓ |storybook (chromium)| src/foundations/colors/colors.stories.tsx (13 tests) 2489ms
   ✓ Pink Ramp  431ms
   ✓ Surface Overrides  1082ms
 ✓ |storybook (chromium)| src/kits/app/app.stories.tsx (7 tests) 848ms
   ✓ Home  488ms
 ✓ |storybook (chromium)| src/kits/website/website.stories.tsx (2 tests) 4361ms
   ✓ Homepage  3877ms
   ✓ Homepage at 360px  482ms
 ✓ |storybook (chromium)| ../../packages/ui/src/organisms/dialog/dialog.stories.tsx (14 tests) 4534ms
   ✓ Playground  1478ms
   ✓ Drawer Sizes  715ms
 ✓ |storybook (chromium)| ../../packages/ui/src/atoms/menu/menu.stories.tsx (18 tests) 1050ms
   ✓ Three Dot Menu  371ms
 ✓ |storybook (chromium)| ../../packages/ui/src/molecules/snackbar/snackbar.stories.tsx (11 tests) 1014ms
   ✓ Playground  371ms
   ✓ Closed By Parent  423ms
 ✓ |storybook (chromium)| src/foundations/spacing/spacing.stories.tsx (5 tests) 781ms
   ✓ Component Sizes  416ms
 ✓ |storybook (chromium)| src/docs-kit/docs-kit.stories.tsx (14 tests) 783ms
 ✓ |storybook (chromium)| src/foundations/motion/motion.stories.tsx (8 tests) 710ms
   ✓ Durations  337ms
 ✓ |storybook (chromium)| src/foundations/brand/brand.stories.tsx (14 tests) 693ms
 ✓ |storybook (chromium)| ../../packages/ui/src/organisms/testimonial-wall/testimonial-wall.stories.tsx (10 tests) 834ms
   ✓ Playground  511ms
 ✓ |storybook (chromium)| ../../packages/ui/src/molecules/date-picker/date-picker.stories.tsx (11 tests) 939ms
   ✓ Date Picker Playground  435ms
 ✓ |storybook (chromium)| ../../packages/ui/src/atoms/select/select.stories.tsx (18 tests) 832ms
   ✓ Playground  305ms
 ✓ |storybook (chromium)| ../../packages/ui/src/molecules/choice-card-group/choice-card-group.stories.tsx (11 tests) 800ms
   ✓ Playground  380ms
 ✓ |storybook (chromium)| ../../packages/ui/src/atoms/button/button.stories.tsx (22 tests) 507ms
 ✓ |storybook (chromium)| ../../packages/ui/src/layouts/app-shell/app-shell.stories.tsx (6 tests) 524ms
 ✓ |storybook (chromium)| ../../packages/ui/src/molecules/feature-item/feature-item.stories.tsx (5 tests) 513ms
 ✓ |storybook (chromium)| ../../packages/ui/src/atoms/popover/popover.stories.tsx (10 tests) 597ms
 ✓ |storybook (chromium)| ../../packages/ui/src/atoms/radio/radio.stories.tsx (11 tests) 1176ms
   ✓ Playground  842ms
 ✓ |storybook (chromium)| ../../packages/ui/src/layouts/cluster/cluster.stories.tsx (9 tests) 1461ms
   ✓ Playground  1223ms
 ✓ |storybook (chromium)| ../../packages/ui/src/molecules/chip-group/chip-group.stories.tsx (10 tests) 555ms
 ✓ |storybook (chromium)| ../../packages/ui/src/organisms/tab-bar/tab-bar.stories.tsx (7 tests) 536ms
 ✓ |storybook (chromium)| src/foundations/type/type.stories.tsx (8 tests) 470ms
 ✓ |storybook (chromium)| src/foundations/marketing/marketing.stories.tsx (4 tests) 281ms
 ✓ |storybook (chromium)| ../../packages/ui/src/molecules/tabs/tabs.stories.tsx (9 tests) 416ms
 ✓ |storybook (chromium)| ../../packages/ui/src/organisms/hero-banner/hero-banner.stories.tsx (12 tests) 457ms
 ✓ |storybook (chromium)| ../../packages/ui/src/molecules/combobox/combobox.stories.tsx (11 tests) 573ms
 ✓ |storybook (chromium)| src/kits/marketing/ads.stories.tsx (6 tests) 622ms
   ✓ Offer story  444ms
 ✓ |storybook (chromium)| ../../packages/ui/src/layouts/post-frame/post-frame.stories.tsx (14 tests) 600ms
   ✓ Playground  322ms
 ✓ |storybook (chromium)| ../../packages/ui/src/organisms/cart-panel/cart-panel.stories.tsx (7 tests) 512ms
 ✓ |storybook (chromium)| src/docs-kit/prose.stories.tsx (4 tests) 281ms
 ✓ |storybook (chromium)| ../../packages/ui/src/atoms/input/input.stories.tsx (16 tests) 448ms
 ✓ |storybook (chromium)| ../../packages/ui/src/atoms/switch/switch.stories.tsx (8 tests) 290ms
 ✓ |storybook (chromium)| ../../packages/ui/src/molecules/toggle-button-group/toggle-button-group.stories.tsx (11 tests) 519ms
 ✓ |storybook (chromium)| ../../packages/ui/src/organisms/faq-section/faq-section.stories.tsx (11 tests) 420ms
 ✓ |storybook (chromium)| ../../packages/ui/src/molecules/menu-item-row/menu-item-row.stories.tsx (10 tests) 464ms
 ✓ |storybook (chromium)| ../../packages/ui/src/molecules/key-value-list/key-value-list.stories.tsx (8 tests) 388ms
 ✓ |storybook (chromium)| ../../packages/ui/src/atoms/card/card.stories.tsx (11 tests) 322ms
 ✓ |storybook (chromium)| src/foundations/layout/layout.stories.tsx (11 tests) 512ms
 ✓ |storybook (chromium)| ../../packages/ui/src/layouts/auto-grid/auto-grid.stories.tsx (12 tests) 350ms
 ✓ |storybook (chromium)| ../../packages/ui/src/atoms/badge/badge.stories.tsx (7 tests) 287ms
 ✓ |storybook (chromium)| ../../packages/ui/src/molecules/offer-seal/offer-seal.stories.tsx (7 tests) 250ms
 ✓ |storybook (chromium)| ../../packages/ui/src/layouts/container/container.stories.tsx (6 tests) 201ms
 ✓ |storybook (chromium)| src/kits/marketing/feed.stories.tsx (5 tests) 229ms
 ✓ |storybook (chromium)| ../../packages/ui/src/molecules/coupon-ticket/coupon-ticket.stories.tsx (9 tests) 296ms
 ✓ |storybook (chromium)| ../../packages/ui/src/atoms/rating/rating.stories.tsx (8 tests) 334ms
 ✓ |storybook (chromium)| ../../packages/ui/src/molecules/menu-item-card/menu-item-card.stories.tsx (6 tests) 219ms
 ✓ |storybook (chromium)| ../../packages/ui/src/molecules/table/table.stories.tsx (8 tests) 298ms
 ✓ |storybook (chromium)| ../../packages/ui/src/molecules/pagination/pagination.stories.tsx (6 tests) 232ms
 ✓ |storybook (chromium)| ../../packages/ui/src/layouts/grid/grid.stories.tsx (7 tests) 207ms
 ✓ |storybook (chromium)| ../../packages/ui/src/atoms/icon-button/icon-button.stories.tsx (11 tests) 306ms
 ✓ |storybook (chromium)| ../../packages/ui/src/atoms/fab/fab.stories.tsx (10 tests) 279ms
 ✓ |storybook (chromium)| ../../packages/ui/src/molecules/field/field.stories.tsx (9 tests) 284ms
 ✓ |storybook (chromium)| ../../packages/ui/src/organisms/cta-band/cta-band.stories.tsx (12 tests) 325ms
 ✓ |storybook (chromium)| ../../packages/ui/src/atoms/spinner/spinner.stories.tsx (5 tests) 314ms
 ✓ |storybook (chromium)| ../../packages/ui/src/layouts/stack/stack.stories.tsx (10 tests) 274ms
 ✓ |storybook (chromium)| ../../packages/ui/src/molecules/quantity-stepper/quantity-stepper.stories.tsx (7 tests) 252ms
 ✓ |storybook (chromium)| ../../packages/ui/src/atoms/typography/typography.stories.tsx (13 tests) 266ms
 ✓ |storybook (chromium)| ../../packages/ui/src/molecules/step-tracker/step-tracker.stories.tsx (8 tests) 285ms
 ✓ |storybook (chromium)| ../../packages/ui/src/molecules/action-menu/action-menu.stories.tsx (5 tests) 249ms
 ✓ |storybook (chromium)| ../../packages/ui/src/molecules/otp-input/otp-input.stories.tsx (8 tests) 244ms
 ✓ |storybook (chromium)| ../../packages/ui/src/atoms/tooltip/tooltip.stories.tsx (4 tests) 323ms
 ✓ |storybook (chromium)| ../../packages/ui/src/atoms/checkbox/checkbox.stories.tsx (9 tests) 313ms
 ✓ |storybook (chromium)| ../../packages/ui/src/molecules/outlet-card/outlet-card.stories.tsx (8 tests) 315ms
 ✓ |storybook (chromium)| ../../packages/ui/src/molecules/search-field/search-field.stories.tsx (9 tests) 343ms
 ✓ |storybook (chromium)| ../../packages/ui/src/atoms/link/link.stories.tsx (11 tests) 259ms
 ✓ |storybook (chromium)| ../../packages/ui/src/organisms/order-tracker/order-tracker.stories.tsx (7 tests) 278ms
 ✓ |storybook (chromium)| ../../packages/ui/src/molecules/alert/alert.stories.tsx (9 tests) 230ms
 ✓ |storybook (chromium)| ../../packages/ui/src/molecules/price-summary/price-summary.stories.tsx (8 tests) 230ms
 ✓ |storybook (chromium)| ../../packages/ui/src/atoms/progress-bar/progress-bar.stories.tsx (9 tests) 248ms
 ✓ |storybook (chromium)| src/foundations/system/system.stories.tsx (7 tests) 313ms
 ✓ |storybook (chromium)| ../../packages/ui/src/organisms/stat-band/stat-band.stories.tsx (10 tests) 258ms
 ✓ |storybook (chromium)| ../../packages/ui/src/molecules/filter-bar/filter-bar.stories.tsx (7 tests) 291ms
 ✓ |storybook (chromium)| ../../packages/ui/src/atoms/image-slot/image-slot.stories.tsx (8 tests) 411ms
 ✓ |storybook (chromium)| ../../packages/ui/src/atoms/divider/divider.stories.tsx (8 tests) 228ms
 ✓ |storybook (chromium)| ../../packages/ui/src/atoms/pattern-field/pattern-field.stories.tsx (10 tests) 217ms
 ✓ |storybook (chromium)| ../../packages/ui/src/atoms/avatar/avatar.stories.tsx (7 tests) 309ms
 ✓ |storybook (chromium)| ../../packages/ui/src/organisms/action-dock/action-dock.stories.tsx (5 tests) 186ms
 ✓ |storybook (chromium)| ../../packages/ui/src/molecules/toast/toast.stories.tsx (7 tests) 250ms
 ✓ |storybook (chromium)| ../../packages/ui/src/molecules/logo-lockup/logo-lockup.stories.tsx (9 tests) 274ms
 ✓ |storybook (chromium)| ../../packages/ui/src/atoms/price-tag/price-tag.stories.tsx (9 tests) 281ms
 ✓ |storybook (chromium)| ../../packages/ui/src/layouts/section/section.stories.tsx (8 tests) 259ms
 ✓ |storybook (chromium)| ../../packages/ui/src/molecules/speed-dial/speed-dial.stories.tsx (4 tests) 269ms
 ✓ |storybook (chromium)| ../../packages/ui/src/organisms/quote-panel/quote-panel.stories.tsx (8 tests) 306ms
 ✓ |storybook (chromium)| ../../packages/ui/src/layouts/box/box.stories.tsx (4 tests) 154ms
 ✓ |storybook (chromium)| ../../packages/ui/src/molecules/stat/stat.stories.tsx (8 tests) 186ms
 ✓ |storybook (chromium)| ../../packages/ui/src/atoms/tag/tag.stories.tsx (9 tests) 248ms
 ✓ |storybook (chromium)| ../../packages/ui/src/atoms/social-headline/social-headline.stories.tsx (9 tests) 200ms
 ✓ |storybook (chromium)| ../../packages/ui/src/molecules/empty-state/empty-state.stories.tsx (5 tests) 155ms
 ✓ |storybook (chromium)| ../../packages/ui/src/molecules/pricing-card/pricing-card.stories.tsx (6 tests) 207ms
 ✓ |storybook (chromium)| ../../packages/ui/src/molecules/review-card/review-card.stories.tsx (6 tests) 237ms
 ✓ |storybook (chromium)| ../../packages/ui/src/atoms/skeleton/skeleton.stories.tsx (5 tests) 215ms
 ✓ |storybook (chromium)| ../../packages/ui/src/molecules/check-card/check-card.stories.tsx (7 tests) 303ms
 ✓ |storybook (chromium)| ../../packages/ui/src/molecules/slot-picker/slot-picker.stories.tsx (6 tests) 238ms
 ✓ |storybook (chromium)| ../../packages/ui/src/atoms/slider/slider.stories.tsx (4 tests) 139ms
 ✓ |storybook (chromium)| ../../packages/ui/src/molecules/loyalty-card/loyalty-card.stories.tsx (7 tests) 176ms
 ✓ |storybook (chromium)| ../../packages/ui/src/molecules/link-card/link-card.stories.tsx (4 tests) 110ms
 ✓ |storybook (chromium)| ../../packages/ui/src/atoms/logo/logo.stories.tsx (6 tests) 153ms
 ✓ |storybook (chromium)| ../../packages/ui/src/molecules/accordion/accordion.stories.tsx (5 tests) 157ms
 ✓ |storybook (chromium)| ../../packages/ui/src/molecules/list-row/list-row.stories.tsx (7 tests) 219ms
 ✓ |storybook (chromium)| ../../packages/ui/src/atoms/spice-level/spice-level.stories.tsx (6 tests) 268ms
 ✓ |storybook (chromium)| ../../packages/ui/src/molecules/sticky-action-bar/sticky-action-bar.stories.tsx (4 tests) 139ms
 ✓ |storybook (chromium)| ../../packages/ui/src/molecules/steps/steps.stories.tsx (5 tests) 232ms
 ✓ |storybook (chromium)| ../../packages/ui/src/atoms/icon/icon.stories.tsx (6 tests) 248ms
 ✓ |storybook (chromium)| ../../packages/ui/src/molecules/announcement-bar/announcement-bar.stories.tsx (4 tests) 139ms
 ✓ |storybook (chromium)| ../../packages/ui/src/atoms/status-dot/status-dot.stories.tsx (7 tests) 249ms
 ✓ |storybook (chromium)| src/foundations/interactions/interactions.stories.tsx (1 test) 85ms
 ✓ |storybook (chromium)| ../../packages/ui/src/atoms/toggle-button/toggle-button.stories.tsx (6 tests) 180ms
 ✓ |storybook (chromium)| ../../packages/ui/src/molecules/breadcrumb/breadcrumb.stories.tsx (5 tests) 159ms
 ✓ |storybook (chromium)| ../../packages/ui/src/atoms/diet-mark/diet-mark.stories.tsx (3 tests) 160ms
 ✓ |storybook (chromium)| ../../packages/ui/src/molecules/section-header/section-header.stories.tsx (7 tests) 194ms
 ✓ |storybook (chromium)| ../../packages/ui/src/lib/sx.stories.tsx (1 test) 36ms
 ✓ |storybook (chromium)| ../../packages/ui/src/atoms/text-button/text-button.stories.tsx (6 tests) 209ms
 ✓ |docs-kit| src/docs-kit/library-source.spec.ts (1 test) 2ms
 ✓ |docs-kit| src/docs-kit/catalogue.spec.ts (198 tests) 1102ms
     ✓ never offers Tailwind's static max-w-prose (65ch shadows --container-prose)  534ms

 Test Files  123 passed (123)
      Tests  1168 passed (1168)
   Start at  13:27:48
   Duration  29.24s (transform 48.69s, setup 45.00s, import 121.28s, tests 64.54s, environment 0ms)




 NX   Successfully ran targets typecheck, lint, test, build for 12 projects and 1 task they depend on

Nx read the output from the cache instead of running the command for 30 out of 35 tasks.

  Run duration:      34.8s
  Cache:             30/35 hit (86%)
  Critical path:     34.5s (2 tasks)
  Recoverable time:  264ms (1% of the run)

  Recommendations:
    - Speed up or split the longest tasks on the critical path:
        @pink-paprikaa-web/storybook:test    34.5s
