
Running 2 tests using 2 workers

(node:93911) Warning: The 'NO_COLOR' env is ignored due to the 'FORCE_COLOR' env being set.
(Use `node --trace-warnings ...` to show where the warning was created)
(node:93912) Warning: The 'NO_COLOR' env is ignored due to the 'FORCE_COLOR' env being set.
(Use `node --trace-warnings ...` to show where the warning was created)
  ✓  1 [mobile] › visual/visual.spec.ts:41:7 › website-homepage--homepage (1.6s)
  ✘  2 [desktop] › visual/visual.spec.ts:41:7 › website-homepage--homepage (8.9s)


  1) [desktop] › visual/visual.spec.ts:41:7 › website-homepage--homepage ───────────────────────────

    Error: expect(page).toHaveScreenshot(expected) failed

      1869791 pixels (ratio 0.15 of all image pixels) are different.

      Snapshot: website-homepage--homepage.png

    Call log:
      - Expect "toHaveScreenshot(website-homepage--homepage.png)" with timeout 10000ms
        - verifying given screenshot expectation
      - taking page screenshot
        - disabled all CSS animations
      - waiting for fonts to load...
      - fonts loaded
      - 1869791 pixels (ratio 0.15 of all image pixels) are different.
      - waiting 100ms before taking screenshot
      - taking page screenshot
        - disabled all CSS animations
      - waiting for fonts to load...
      - fonts loaded
      - captured a stable screenshot
      - 1869791 pixels (ratio 0.15 of all image pixels) are different.


      111 |     await expect(page.locator("body")).not.toHaveClass(/sb-show-errordisplay/);
      112 |
    > 113 |     await expect(page).toHaveScreenshot(`${story.id}.png`, {
          |                        ^
      114 |       fullPage: true,
      115 |       maxDiffPixelRatio: 0.001,
      116 |     });
        at /Users/rishavpa/Professional/pink-paprikaa-site/apps/storybook/visual/visual.spec.ts:113:24

    attachment #1: website-homepage--homepage (image/png) ──────────────────────────────────────────
    Expected: visual/__screenshots__/desktop/website-homepage--homepage.png
    Received: visual/test-results/visual-website-homepage--homepage-desktop/website-homepage--homepage-actual.png
    Diff:     visual/test-results/visual-website-homepage--homepage-desktop/website-homepage--homepage-diff.png
    ────────────────────────────────────────────────────────────────────────────────────────────────

    Error Context: visual/test-results/visual-website-homepage--homepage-desktop/error-context.md

  1 failed
    [desktop] › visual/visual.spec.ts:41:7 › website-homepage--homepage ────────────────────────────
  1 passed (10.1s)

Running 2 tests using 2 workers

(node:94498) Warning: The 'NO_COLOR' env is ignored due to the 'FORCE_COLOR' env being set.
(Use `node --trace-warnings ...` to show where the warning was created)
(node:94499) Warning: The 'NO_COLOR' env is ignored due to the 'FORCE_COLOR' env being set.
(Use `node --trace-warnings ...` to show where the warning was created)
  ✓  1 [mobile] › visual/visual.spec.ts:41:7 › website-homepage--homepage (4.7s)
  ✓  2 [desktop] › visual/visual.spec.ts:41:7 › website-homepage--homepage (16.3s)

  2 passed (23.2s)
