· Avatar ↔ atoms-avatar--playground
· Badge ↔ atoms-badge--playground
· Button ↔ atoms-button--playground
· Card ↔ atoms-card--playground
· Checkbox ↔ atoms-checkbox--playground
· DietMark ↔ atoms-dietmark--playground
· Divider ↔ atoms-divider--playground
· Icon ↔ atoms-icon--playground
· IconButton ↔ atoms-iconbutton--playground
· ImageSlot ↔ atoms-imageslot--playground
· Input ↔ atoms-input--playground
· Link ↔ atoms-link--playground
· Logo ↔ brand-logo--playground
· Menu ↔ atoms-menu--three-dot-menu
· PatternField ↔ atoms-patternfield--playground
· Popover ↔ atoms-popover--playground
· PriceTag ↔ atoms-pricetag--playground
· ProgressBar ↔ atoms-progressbar--playground
· Radio ↔ atoms-radio--playground
· Rating ↔ atoms-rating--playground
· Select ↔ atoms-select--playground
· Skeleton ↔ atoms-skeleton--playground
· SocialHeadline ↔ atoms-socialheadline--playground
· SpiceLevel ↔ atoms-spicelevel--playground
· Spinner ↔ atoms-spinner--playground
· StatusDot ↔ atoms-statusdot--playground
· Switch ↔ atoms-switch--playground
· Tag ↔ atoms-tag--playground
! Text: no matching story
· TextButton ↔ atoms-textbutton--playground
· Tooltip ↔ atoms-tooltip--playground
· AppShell ↔ layouts-appshell--playground
· AutoGrid ↔ layouts-autogrid--playground
· Cluster ↔ layouts-cluster--playground
· Container ↔ layouts-container--playground
· PostFrame ↔ layouts-postframe--playground
· Section ↔ layouts-section--playground
· Stack ↔ layouts-stack--playground
· Accordion ↔ molecules-accordion--playground
· ActionMenu ↔ molecules-actionmenu--playground
· Alert ↔ molecules-alert--playground
· Breadcrumb ↔ molecules-breadcrumb--playground
· Combobox ↔ molecules-combobox--playground
· CouponTicket ↔ molecules-couponticket--playground
· DatePicker ↔ molecules-datepicker--date-picker-playground
· EmptyState ↔ molecules-emptystate--playground
· Field ↔ molecules-field--playground
· FilterBar ↔ molecules-filterbar--playground
· ListRow ↔ molecules-listrow--playground
· LogoLockup ↔ molecules-logolockup--playground
· LoyaltyCard ↔ molecules-loyaltycard--playground
· MenuItemCard ↔ molecules-menuitemcard--playground
· MenuItemRow ↔ molecules-menuitemrow--playground
· OfferSeal ↔ molecules-offerseal--playground
· OtpInput ↔ molecules-otpinput--playground
· OutletCard ↔ molecules-outletcard--playground
· Pagination ↔ molecules-pagination--playground
· PriceSummary ↔ molecules-pricesummary--playground
· QuantityStepper ↔ molecules-quantitystepper--playground
· ReviewCard ↔ molecules-reviewcard--playground
· SearchField ↔ molecules-searchfield--playground
· SectionHeader ↔ molecules-sectionheader--playground
· SlotPicker ↔ molecules-slotpicker--playground
· Snackbar ↔ molecules-snackbar--playground
· Stat ↔ molecules-stat--playground
· StepTracker ↔ molecules-steptracker--playground
· Tabs ↔ molecules-tabs--playground
· Toast ↔ molecules-toast--playground
· CartPanel ↔ organisms-cartpanel--playground
· CtaBand ↔ organisms-ctaband--playground
· Dialog ↔ organisms-dialog--playground
· FaqSection ↔ organisms-faqsection--playground
· HeroBanner ↔ organisms-herobanner--playground
· MenuList ↔ organisms-menulist--playground
· OrderTracker ↔ organisms-ordertracker--playground
· SiteFooter ↔ organisms-sitefooter--playground
· SiteHeader ↔ organisms-siteheader--playground
· StatBand ↔ organisms-statband--playground
· TabBar ↔ organisms-tabbar--playground
· TestimonialWall ↔ organisms-testimonialwall--playground

Done: 79/80 shot. Output: /Users/rishavpa/Professional/pink-paprikaa-site/.superpowers/sdd/2026-10-04-ds-07-design-parity/parity
Missing stories:
  - Text
