
 NX   Running target test for project @pink-paprikaa-web/storybook and 1 task it depends on:



> nx run @pink-paprikaa-web/design-tokens:build


> @pink-paprikaa-web/design-tokens@0.0.0 build /Users/rishavpa/Professional/pink-paprikaa-site/packages/design-tokens
> style-dictionary build --config sd.config.mjs


css
✔︎ dist/theme.css
✔︎ dist/surfaces.css
✔︎ dist/tokens.json

> nx run @pink-paprikaa-web/storybook:test

> vitest

│
▲  No story files found for the specified pattern:
│  ../../packages/ui/src/**/*.mdx

 RUN  v4.1.10 /Users/rishavpa/Professional/pink-paprikaa-site/apps/storybook

 ✓ |docs-kit| src/docs-kit/library-source.spec.ts (1 test) 2ms
 ✓ |docs-kit| src/docs-kit/catalogue.spec.ts (151 tests) 694ms
     ✓ never offers Tailwind's static max-w-prose (65ch shadows --container-prose)  391ms
 ✓ |storybook (chromium)| ../../packages/ui/src/molecules/coupon-ticket/coupon-ticket.stories.tsx (9 tests) 736ms
   ✓ Playground  557ms
 ✓ |storybook (chromium)| ../../packages/ui/src/molecules/chip-group/chip-group.stories.tsx (10 tests) 759ms
   ✓ Playground  444ms
 ✓ |storybook (chromium)| ../../packages/ui/src/molecules/check-card/check-card.stories.tsx (7 tests) 812ms
   ✓ Playground  672ms
 ✓ |storybook (chromium)| ../../packages/ui/src/atoms/select/select.stories.tsx (12 tests) 868ms
   ✓ Playground  633ms
 ✓ |storybook (chromium)| src/docs-kit/docs-kit.stories.tsx (14 tests) 776ms
 ✓ |storybook (chromium)| src/foundations/brand/brand.stories.tsx (13 tests) 960ms
   ✓ Lockup  554ms
 ✓ |storybook (chromium)| ../../packages/ui/src/molecules/snackbar/snackbar.stories.tsx (11 tests) 1296ms
   ✓ Playground  660ms
   ✓ Closed By Parent  420ms
 ✓ |storybook (chromium)| src/foundations/spacing/spacing.stories.tsx (9 tests) 1079ms
   ✓ Scale  649ms
 ✓ |storybook (chromium)| ../../packages/ui/src/atoms/countdown/countdown.stories.tsx (4 tests) 1516ms
   ✓ Playground  1473ms
 ✓ |storybook (chromium)| ../../packages/ui/src/atoms/button/button.stories.tsx (16 tests) 329ms
 ✓ |storybook (chromium)| ../../packages/ui/src/atoms/input/input.stories.tsx (15 tests) 358ms
 ✓ |storybook (chromium)| ../../packages/ui/src/atoms/radio/radio.stories.tsx (10 tests) 432ms
 ✓ |storybook (chromium)| ../../packages/ui/src/molecules/menu-item-row/menu-item-row.stories.tsx (10 tests) 335ms
 ✓ |storybook (chromium)| ../../packages/ui/src/atoms/rating/rating.stories.tsx (8 tests) 393ms
 ✓ |storybook (chromium)| src/foundations/colors/colors.stories.tsx (12 tests) 1851ms
   ✓ Pink Ramp  473ms
   ✓ Surface Overrides  688ms
 ✓ |storybook (chromium)| ../../packages/ui/src/molecules/choice-card-group/choice-card-group.stories.tsx (11 tests) 482ms
 ✓ |storybook (chromium)| ../../packages/ui/src/layouts/post-frame/post-frame.stories.tsx (14 tests) 397ms
 ✓ |storybook (chromium)| ../../packages/ui/src/molecules/search-field/search-field.stories.tsx (9 tests) 467ms
 ✓ |storybook (chromium)| ../../packages/ui/src/molecules/field/field.stories.tsx (9 tests) 237ms
 ✓ |storybook (chromium)| ../../packages/ui/src/layouts/cluster/cluster.stories.tsx (9 tests) 286ms
 ✓ |storybook (chromium)| ../../packages/ui/src/molecules/toast/toast.stories.tsx (7 tests) 228ms
 ✓ |storybook (chromium)| ../../packages/ui/src/atoms/checkbox/checkbox.stories.tsx (8 tests) 239ms
 ✓ |storybook (chromium)| ../../packages/ui/src/layouts/auto-grid/auto-grid.stories.tsx (11 tests) 265ms
 ✓ |storybook (chromium)| ../../packages/ui/src/atoms/tooltip/tooltip.stories.tsx (4 tests) 312ms
 ✓ |storybook (chromium)| ../../packages/ui/src/atoms/progress-bar/progress-bar.stories.tsx (8 tests) 327ms
 ✓ |storybook (chromium)| ../../packages/ui/src/molecules/otp-input/otp-input.stories.tsx (8 tests) 216ms
 ✓ |storybook (chromium)| ../../packages/ui/src/molecules/step-tracker/step-tracker.stories.tsx (8 tests) 221ms
 ✓ |storybook (chromium)| src/foundations/type/type.stories.tsx (8 tests) 357ms
 ✓ |storybook (chromium)| src/foundations/motion/motion.stories.tsx (8 tests) 382ms
 ✓ |storybook (chromium)| ../../packages/ui/src/atoms/icon-button/icon-button.stories.tsx (10 tests) 226ms
 ✓ |storybook (chromium)| ../../packages/ui/src/layouts/stack/stack.stories.tsx (9 tests) 253ms
 ✓ |storybook (chromium)| ../../packages/ui/src/atoms/link/link.stories.tsx (9 tests) 252ms
 ✓ |storybook (chromium)| ../../packages/ui/src/molecules/quantity-stepper/quantity-stepper.stories.tsx (7 tests) 306ms
 ✓ |storybook (chromium)| ../../packages/ui/src/molecules/tabs/tabs.stories.tsx (9 tests) 281ms
 ✓ |storybook (chromium)| ../../packages/ui/src/molecules/table/table.stories.tsx (8 tests) 357ms
 ✓ |storybook (chromium)| ../../packages/ui/src/molecules/accordion/accordion.stories.tsx (4 tests) 130ms
 ✓ |storybook (chromium)| ../../packages/ui/src/molecules/pagination/pagination.stories.tsx (6 tests) 208ms
 ✓ |storybook (chromium)| ../../packages/ui/src/molecules/price-summary/price-summary.stories.tsx (8 tests) 201ms
 ✓ |storybook (chromium)| ../../packages/ui/src/molecules/key-value-list/key-value-list.stories.tsx (8 tests) 230ms
 ✓ |storybook (chromium)| ../../packages/ui/src/molecules/loyalty-card/loyalty-card.stories.tsx (7 tests) 167ms
 ✓ |storybook (chromium)| ../../packages/ui/src/atoms/text/text.stories.tsx (13 tests) 236ms
 ✓ |storybook (chromium)| ../../packages/ui/src/molecules/logo-lockup/logo-lockup.stories.tsx (8 tests) 215ms
 ✓ |storybook (chromium)| ../../packages/ui/src/molecules/slot-picker/slot-picker.stories.tsx (6 tests) 221ms
 ✓ |storybook (chromium)| ../../packages/ui/src/atoms/social-headline/social-headline.stories.tsx (8 tests) 209ms
 ✓ |storybook (chromium)| ../../packages/ui/src/molecules/filter-bar/filter-bar.stories.tsx (7 tests) 250ms
 ✓ |storybook (chromium)| ../../packages/ui/src/molecules/stat/stat.stories.tsx (8 tests) 177ms
 ✓ |storybook (chromium)| ../../packages/ui/src/atoms/image-slot/image-slot.stories.tsx (7 tests) 157ms
 ✓ |storybook (chromium)| ../../packages/ui/src/atoms/tag/tag.stories.tsx (8 tests) 183ms
 ✓ |storybook (chromium)| ../../packages/ui/src/molecules/outlet-card/outlet-card.stories.tsx (8 tests) 207ms
 ✓ |storybook (chromium)| ../../packages/ui/src/atoms/card/card.stories.tsx (10 tests) 206ms
 ✓ |storybook (chromium)| ../../packages/ui/src/molecules/empty-state/empty-state.stories.tsx (5 tests) 140ms
 ✓ |storybook (chromium)| ../../packages/ui/src/molecules/alert/alert.stories.tsx (9 tests) 185ms
 ✓ |storybook (chromium)| ../../packages/ui/src/molecules/pricing-card/pricing-card.stories.tsx (6 tests) 188ms
 ✓ |storybook (chromium)| ../../packages/ui/src/molecules/menu-item-card/menu-item-card.stories.tsx (6 tests) 222ms
 ✓ |storybook (chromium)| ../../packages/ui/src/molecules/breadcrumb/breadcrumb.stories.tsx (5 tests) 162ms
 ✓ |storybook (chromium)| ../../packages/ui/src/atoms/switch/switch.stories.tsx (7 tests) 167ms
 ✓ |storybook (chromium)| ../../packages/ui/src/atoms/price-tag/price-tag.stories.tsx (8 tests) 170ms
 ✓ |storybook (chromium)| ../../packages/ui/src/layouts/app-shell/app-shell.stories.tsx (6 tests) 161ms
 ✓ |storybook (chromium)| ../../packages/ui/src/atoms/divider/divider.stories.tsx (8 tests) 205ms
 ✓ |storybook (chromium)| ../../packages/ui/src/atoms/status-dot/status-dot.stories.tsx (6 tests) 160ms
 ✓ |storybook (chromium)| ../../packages/ui/src/molecules/list-row/list-row.stories.tsx (7 tests) 162ms
 ✓ |storybook (chromium)| ../../packages/ui/src/molecules/offer-seal/offer-seal.stories.tsx (7 tests) 183ms
 ✓ |storybook (chromium)| ../../packages/ui/src/atoms/spice-level/spice-level.stories.tsx (6 tests) 173ms
 ✓ |storybook (chromium)| ../../packages/ui/src/atoms/pattern-field/pattern-field.stories.tsx (9 tests) 207ms
 ✓ |storybook (chromium)| ../../packages/ui/src/atoms/avatar/avatar.stories.tsx (7 tests) 171ms
 ✓ |storybook (chromium)| ../../packages/ui/src/layouts/section/section.stories.tsx (8 tests) 163ms
 ✓ |storybook (chromium)| ../../packages/ui/src/molecules/review-card/review-card.stories.tsx (6 tests) 170ms
 ✓ |storybook (chromium)| ../../packages/ui/src/molecules/section-header/section-header.stories.tsx (7 tests) 184ms
 ✓ |storybook (chromium)| ../../packages/ui/src/atoms/badge/badge.stories.tsx (6 tests) 122ms
 ✓ |storybook (chromium)| ../../packages/ui/src/molecules/steps/steps.stories.tsx (5 tests) 138ms
 ✓ |storybook (chromium)| ../../packages/ui/src/atoms/icon/icon.stories.tsx (6 tests) 159ms
 ✓ |storybook (chromium)| ../../packages/ui/src/atoms/logo/logo.stories.tsx (5 tests) 146ms
 ✓ |storybook (chromium)| ../../packages/ui/src/molecules/feature-item/feature-item.stories.tsx (5 tests) 138ms
 ✓ |storybook (chromium)| ../../packages/ui/src/layouts/container/container.stories.tsx (6 tests) 142ms
 ✓ |storybook (chromium)| ../../packages/ui/src/atoms/skeleton/skeleton.stories.tsx (5 tests) 125ms
 ✓ |storybook (chromium)| ../../packages/ui/src/atoms/slider/slider.stories.tsx (4 tests) 90ms
 ✓ |storybook (chromium)| ../../packages/ui/src/molecules/sticky-action-bar/sticky-action-bar.stories.tsx (4 tests) 86ms
 ✓ |storybook (chromium)| src/docs-kit/prose.stories.tsx (3 tests) 123ms
 ✓ |storybook (chromium)| ../../packages/ui/src/molecules/announcement-bar/announcement-bar.stories.tsx (4 tests) 84ms
 ✓ |storybook (chromium)| ../../packages/ui/src/atoms/spinner/spinner.stories.tsx (4 tests) 91ms
 ✓ |storybook (chromium)| ../../packages/ui/src/molecules/link-card/link-card.stories.tsx (4 tests) 97ms
 ✓ |storybook (chromium)| src/docs-kit/canvas.stories.tsx (3 tests) 63ms
 ✓ |storybook (chromium)| ../../packages/ui/src/atoms/diet-mark/diet-mark.stories.tsx (3 tests) 67ms

 Test Files  85 passed (85)
      Tests  792 passed (792)
   Start at  00:16:35
   Duration  11.41s (transform 1.02s, setup 24.79s, import 21.92s, tests 27.12s, environment 0ms)




 NX   Successfully ran target test for project @pink-paprikaa-web/storybook and 1 task it depends on


  Run duration:      15.5s
  Cache:             Skipped (--skip-nx-cache)
  Critical path:     15.4s (2 tasks)
  Recoverable time:  <1ms
exit 0
