
 NX   Running targets typecheck, lint, test, build for 12 projects and 1 task they depend on:

- @pink-paprikaa-web/design-tokens
- @pink-paprikaa-web/image-pipeline
- @pink-paprikaa-web/eslint-config
- @pink-paprikaa-web/content
- @pink-paprikaa-web/storybook
- @pink-paprikaa-web/utils
- @pink-paprikaa-web/blog-e2e
- @pink-paprikaa-web/seo
- @pink-paprikaa-web/web-e2e
- @pink-paprikaa-web/ui
- @pink-paprikaa-web/blog
- @pink-paprikaa-web/web



> nx run @pink-paprikaa-web/design-tokens:typecheck

> tsc --build tsconfig.json --emitDeclarationOnly


> nx run @pink-paprikaa-web/utils:typecheck

> tsc --build tsconfig.json --emitDeclarationOnly


> nx run @pink-paprikaa-web/content:typecheck

> tsc --build tsconfig.json --emitDeclarationOnly


> nx run @pink-paprikaa-web/image-pipeline:build

> tsc --build tsconfig.lib.json


> nx run @pink-paprikaa-web/design-tokens:build


> @pink-paprikaa-web/design-tokens@0.0.0 build /Users/rishavpa/Professional/pink-paprikaa-site/packages/design-tokens
> style-dictionary build --config sd.config.mjs


css
✔︎ dist/theme.css
✔︎ dist/surfaces.css
✔︎ dist/tokens.json

> nx run @pink-paprikaa-web/design-tokens:lint

> eslint .


> nx run @pink-paprikaa-web/ui:typecheck

> tsc --build --emitDeclarationOnly


> nx run @pink-paprikaa-web/blog:build

> next build

Starting content-collections content-collections.ts
build started ...
... finished build of 1 collection and 1 document in 7ms
▲ Next.js 16.1.7 (Turbopack)

  Creating an optimized production build ...
✓ Compiled successfully in 1102.4ms
  Running TypeScript ...
⚠ TypeScript project references are not fully supported. Attempting to build in incremental mode.
  Collecting page data using 10 workers ...
  Generating static pages using 10 workers (0/3) ...
✓ Generating static pages using 10 workers (3/3) in 213.7ms
  Finalizing page optimization ...

Route (app)
┌ ○ /
└ ○ /_not-found


○  (Static)  prerendered as static content


> nx run @pink-paprikaa-web/web:build

> next build

▲ Next.js 16.1.7 (Turbopack)

  Creating an optimized production build ...
✓ Compiled successfully in 1127.3ms
  Running TypeScript ...
⚠ TypeScript project references are not fully supported. Attempting to build in incremental mode.
  Collecting page data using 10 workers ...
  Generating static pages using 10 workers (0/3) ...
✓ Generating static pages using 10 workers (3/3) in 176.9ms
  Finalizing page optimization ...

Route (app)
┌ ○ /
└ ○ /_not-found


○  (Static)  prerendered as static content


> nx run @pink-paprikaa-web/eslint-config:lint

> eslint .


> nx run @pink-paprikaa-web/eslint-config:test


> @pink-paprikaa-web/eslint-config@0.0.0 test /Users/rishavpa/Professional/pink-paprikaa-site/tools/eslint-config
> node --test *.test.mjs rules/*.test.mjs

✔ no tier imports the package barrel, by any spelling (51.57ms)
✔ every tier may import lib, assets, the stylesheet, the test setup and packages (10.913917ms)
✔ a layer never imports one above it, and may import any below (1.393334ms)
✔ an atom imports no other atom but Icon (1.363917ms)
✔ a lib file never imports the package barrel, by any spelling (R41) (5.747209ms)
✔ a lib file may import its siblings, the Icon atom, the stylesheet, the test setup and packages (2.104292ms)
✔ a lib file imports no tier above the atoms, and no atom but Icon (1.330416ms)
✔ allows role=list on a list, which Safari needs once list-style is none (12.969833ms)
✔ still flags every other redundant role (1.274666ms)
no-arbitrary-shorthand: all RuleTester cases passed
✔ rules/no-arbitrary-shorthand.test.mjs (319.619875ms)
no-raw-hex: all RuleTester cases passed
✔ rules/no-raw-hex.test.mjs (374.233708ms)
ℹ tests 11
ℹ suites 0
ℹ pass 11
ℹ fail 0
ℹ cancelled 0
ℹ skipped 0
ℹ todo 0
ℹ duration_ms 2285.797875

> nx run @pink-paprikaa-web/design-tokens:test

> vitest


 RUN  v4.1.10 /Users/rishavpa/Professional/pink-paprikaa-site/packages/design-tokens

 ✓ |@pink-paprikaa-web/design-tokens| src/theme.spec.ts (34 tests) 30ms
 ✓ |@pink-paprikaa-web/design-tokens| src/policy.spec.ts (230 tests) 9ms
 ✓ |@pink-paprikaa-web/design-tokens| src/contrast.spec.ts (16 tests) 3ms
 ✓ |@pink-paprikaa-web/design-tokens| src/surface-aliases.spec.ts (4 tests) 2ms

 Test Files  4 passed (4)
      Tests  284 passed (284)
   Start at  01:16:42
   Duration  334ms (transform 36ms, setup 0ms, import 68ms, tests 45ms, environment 0ms)


> nx run @pink-paprikaa-web/utils:test

> vitest


 RUN  v4.1.10 /Users/rishavpa/Professional/pink-paprikaa-site/packages/utils

 ✓ |@pink-paprikaa-web/utils| src/format-rupees.spec.ts (18 tests) 3ms

 Test Files  1 passed (1)
      Tests  18 passed (18)
   Start at  01:16:43
   Duration  160ms (transform 16ms, setup 0ms, import 31ms, tests 3ms, environment 0ms)


> nx run @pink-paprikaa-web/storybook:build-storybook

> storybook build


┌  Building storybook v10.5.7
│
◇  Cleaning outputDir: storybook-static
│
◇  Loading presets
│
▲  No story files found for the specified pattern:
│  ../../packages/ui/src/**/*.mdx
│
◇  Building manager..
│
●  Building open services..
│
●  Building preview..
│  Vite vite v8.2.1 building client environment for production...
[2Ktransforming...│
▲  Vite [plugin vite:react-docgen-typescript] Skipping docgen for
│  "/Users/rishavpa/Professional/pink-paprikaa-site/packages/ui/src/atoms/avatar/avatar.test.tsx"
│  because it is not included in the active TypeScript project.
│
▲  Vite [plugin vite:react-docgen-typescript] Skipping docgen for
│  "/Users/rishavpa/Professional/pink-paprikaa-site/packages/ui/src/atoms/badge/badge.test.tsx"
│  because it is not included in the active TypeScript project.
│
▲  Vite [plugin vite:react-docgen-typescript] Skipping docgen for
│  "/Users/rishavpa/Professional/pink-paprikaa-site/packages/ui/src/atoms/button/button.test.tsx"
│  because it is not included in the active TypeScript project.
│
▲  Vite [plugin vite:react-docgen-typescript] Skipping docgen for
│  "/Users/rishavpa/Professional/pink-paprikaa-site/packages/ui/src/atoms/card/card.test.tsx"
│  because it is not included in the active TypeScript project.
│
▲  Vite [plugin vite:react-docgen-typescript] Skipping docgen for
│  "/Users/rishavpa/Professional/pink-paprikaa-site/packages/ui/src/atoms/countdown/countdown.test.tsx"
│  because it is not included in the active TypeScript project.
│
▲  Vite [plugin vite:react-docgen-typescript] Skipping docgen for
│  "/Users/rishavpa/Professional/pink-paprikaa-site/packages/ui/src/atoms/diet-mark/diet-mark.test.tsx"
│  because it is not included in the active TypeScript project.
│
▲  Vite [plugin vite:react-docgen-typescript] Skipping docgen for
│  "/Users/rishavpa/Professional/pink-paprikaa-site/packages/ui/src/atoms/checkbox/checkbox.test.tsx"
│  because it is not included in the active TypeScript project.
│
▲  Vite [plugin vite:react-docgen-typescript] Skipping docgen for
│  "/Users/rishavpa/Professional/pink-paprikaa-site/packages/ui/src/atoms/logo/logo.test.tsx"
│  because it is not included in the active TypeScript project.
│
▲  Vite [plugin vite:react-docgen-typescript] Skipping docgen for
│  "/Users/rishavpa/Professional/pink-paprikaa-site/packages/ui/src/atoms/icon/icon.test.tsx"
│  because it is not included in the active TypeScript project.
│
▲  Vite [plugin vite:react-docgen-typescript] Skipping docgen for
│  "/Users/rishavpa/Professional/pink-paprikaa-site/packages/ui/src/atoms/image-slot/image-slot.test.tsx"
│  because it is not included in the active TypeScript project.
│
▲  Vite [plugin vite:react-docgen-typescript] Skipping docgen for
│  "/Users/rishavpa/Professional/pink-paprikaa-site/packages/ui/src/atoms/icon-button/icon-button.test.tsx"
│  because it is not included in the active TypeScript project.
│
▲  Vite [plugin vite:react-docgen-typescript] Skipping docgen for
│  "/Users/rishavpa/Professional/pink-paprikaa-site/packages/ui/src/atoms/progress-bar/progress-bar.test.tsx"
│  because it is not included in the active TypeScript project.
│
▲  Vite [plugin vite:react-docgen-typescript] Skipping docgen for
│  "/Users/rishavpa/Professional/pink-paprikaa-site/packages/ui/src/atoms/link/link.test.tsx"
│  because it is not included in the active TypeScript project.
│
▲  Vite [plugin vite:react-docgen-typescript] Skipping docgen for
│  "/Users/rishavpa/Professional/pink-paprikaa-site/packages/ui/src/atoms/pattern-field/pattern-field.test.tsx"
│  because it is not included in the active TypeScript project.
│
▲  Vite [plugin vite:react-docgen-typescript] Skipping docgen for
│  "/Users/rishavpa/Professional/pink-paprikaa-site/packages/ui/src/atoms/rating/rating.test.tsx"
│  because it is not included in the active TypeScript project.
│
▲  Vite [plugin vite:react-docgen-typescript] Skipping docgen for
│  "/Users/rishavpa/Professional/pink-paprikaa-site/packages/ui/src/atoms/input/input.test.tsx"
│  because it is not included in the active TypeScript project.
│
▲  Vite [plugin vite:react-docgen-typescript] Skipping docgen for
│  "/Users/rishavpa/Professional/pink-paprikaa-site/packages/ui/src/atoms/price-tag/price-tag.test.tsx"
│  because it is not included in the active TypeScript project.
│
▲  Vite [plugin vite:react-docgen-typescript] Skipping docgen for
│  "/Users/rishavpa/Professional/pink-paprikaa-site/packages/ui/src/atoms/skeleton/skeleton.test.tsx"
│  because it is not included in the active TypeScript project.
│
▲  Vite [plugin vite:react-docgen-typescript] Skipping docgen for
│  "/Users/rishavpa/Professional/pink-paprikaa-site/packages/ui/src/atoms/social-headline/social-headline.test.tsx"
│  because it is not included in the active TypeScript project.
│
▲  Vite [plugin vite:react-docgen-typescript] Skipping docgen for
│  "/Users/rishavpa/Professional/pink-paprikaa-site/packages/ui/src/atoms/slider/slider.test.tsx"
│  because it is not included in the active TypeScript project.
│
▲  Vite [plugin vite:react-docgen-typescript] Skipping docgen for
│  "/Users/rishavpa/Professional/pink-paprikaa-site/packages/ui/src/atoms/divider/divider.test.tsx"
│  because it is not included in the active TypeScript project.
│
▲  Vite [plugin vite:react-docgen-typescript] Skipping docgen for
│  "/Users/rishavpa/Professional/pink-paprikaa-site/packages/ui/src/atoms/radio/radio.test.tsx"
│  because it is not included in the active TypeScript project.
│
▲  Vite [plugin vite:react-docgen-typescript] Skipping docgen for
│  "/Users/rishavpa/Professional/pink-paprikaa-site/packages/ui/src/atoms/spice-level/spice-level.test.tsx"
│  because it is not included in the active TypeScript project.
│
▲  Vite [plugin vite:react-docgen-typescript] Skipping docgen for
│  "/Users/rishavpa/Professional/pink-paprikaa-site/packages/ui/src/atoms/select/select.test.tsx"
│  because it is not included in the active TypeScript project.
│
▲  Vite [plugin vite:react-docgen-typescript] Skipping docgen for
│  "/Users/rishavpa/Professional/pink-paprikaa-site/packages/ui/src/atoms/status-dot/status-dot.test.tsx"
│  because it is not included in the active TypeScript project.
│
▲  Vite [plugin vite:react-docgen-typescript] Skipping docgen for
│  "/Users/rishavpa/Professional/pink-paprikaa-site/packages/ui/src/atoms/switch/switch.test.tsx"
│  because it is not included in the active TypeScript project.
│
▲  Vite [plugin vite:react-docgen-typescript] Skipping docgen for
│  "/Users/rishavpa/Professional/pink-paprikaa-site/packages/ui/src/atoms/spinner/spinner.test.tsx"
│  because it is not included in the active TypeScript project.
│
▲  Vite [plugin vite:react-docgen-typescript] Skipping docgen for
│  "/Users/rishavpa/Professional/pink-paprikaa-site/packages/ui/src/atoms/tag/tag.test.tsx"
│  because it is not included in the active TypeScript project.
│
▲  Vite [plugin vite:react-docgen-typescript] Skipping docgen for
│  "/Users/rishavpa/Professional/pink-paprikaa-site/packages/ui/src/atoms/text/text.test.tsx"
│  because it is not included in the active TypeScript project.
│
▲  Vite [plugin vite:react-docgen-typescript] Skipping docgen for
│  "/Users/rishavpa/Professional/pink-paprikaa-site/packages/ui/src/atoms/tooltip/tooltip.test.tsx"
│  because it is not included in the active TypeScript project.
│
▲  Vite [plugin vite:react-docgen-typescript] Skipping docgen for
│  "/Users/rishavpa/Professional/pink-paprikaa-site/packages/ui/src/layouts/app-shell/app-shell.test.tsx"
│  because it is not included in the active TypeScript project.
│
▲  Vite [plugin vite:react-docgen-typescript] Skipping docgen for
│  "/Users/rishavpa/Professional/pink-paprikaa-site/packages/ui/src/layouts/auto-grid/auto-grid.test.tsx"
│  because it is not included in the active TypeScript project.
│
▲  Vite [plugin vite:react-docgen-typescript] Skipping docgen for
│  "/Users/rishavpa/Professional/pink-paprikaa-site/packages/ui/src/layouts/container/container.test.tsx"
│  because it is not included in the active TypeScript project.
│
▲  Vite [plugin vite:react-docgen-typescript] Skipping docgen for
│  "/Users/rishavpa/Professional/pink-paprikaa-site/packages/ui/src/layouts/cluster/cluster.test.tsx"
│  because it is not included in the active TypeScript project.
│
▲  Vite [plugin vite:react-docgen-typescript] Skipping docgen for
│  "/Users/rishavpa/Professional/pink-paprikaa-site/packages/ui/src/layouts/post-frame/post-frame.test.tsx"
│  because it is not included in the active TypeScript project.
│
▲  Vite [plugin vite:react-docgen-typescript] Skipping docgen for
│  "/Users/rishavpa/Professional/pink-paprikaa-site/packages/ui/src/layouts/section/section.test.tsx"
│  because it is not included in the active TypeScript project.
│
▲  Vite [plugin vite:react-docgen-typescript] Skipping docgen for
│  "/Users/rishavpa/Professional/pink-paprikaa-site/packages/ui/src/layouts/stack/stack.test.tsx"
│  because it is not included in the active TypeScript project.
│
▲  Vite [plugin vite:react-docgen-typescript] Skipping docgen for
│  "/Users/rishavpa/Professional/pink-paprikaa-site/packages/ui/src/lib/field-message.test.tsx"
│  because it is not included in the active TypeScript project.
│
▲  Vite [plugin vite:react-docgen-typescript] Skipping docgen for
│  "/Users/rishavpa/Professional/pink-paprikaa-site/packages/ui/src/lib/struck-price.test.tsx"
│  because it is not included in the active TypeScript project.
│
▲  Vite [plugin vite:react-docgen-typescript] Skipping docgen for
│  "/Users/rishavpa/Professional/pink-paprikaa-site/packages/ui/src/lib/link-as.test.tsx"
│  because it is not included in the active TypeScript project.
│
▲  Vite [plugin vite:react-docgen-typescript] Skipping docgen for
│  "/Users/rishavpa/Professional/pink-paprikaa-site/packages/ui/src/lib/symbol-mark.test.tsx"
│  because it is not included in the active TypeScript project.
│
▲  Vite [plugin vite:react-docgen-typescript] Skipping docgen for
│  "/Users/rishavpa/Professional/pink-paprikaa-site/packages/ui/src/lib/reveal-observer.test.tsx"
│  because it is not included in the active TypeScript project.
│
▲  Vite [plugin vite:react-docgen-typescript] Skipping docgen for
│  "/Users/rishavpa/Professional/pink-paprikaa-site/packages/ui/src/molecules/accordion/accordion.test.tsx"
│  because it is not included in the active TypeScript project.
│
▲  Vite [plugin vite:react-docgen-typescript] Skipping docgen for
│  "/Users/rishavpa/Professional/pink-paprikaa-site/packages/ui/src/lib/use-controllable-state.test.tsx"
│  because it is not included in the active TypeScript project.
│
▲  Vite [plugin vite:react-docgen-typescript] Skipping docgen for
│  "/Users/rishavpa/Professional/pink-paprikaa-site/packages/ui/src/molecules/announcement-bar/announcement-bar.test.tsx"
│  because it is not included in the active TypeScript project.
│
▲  Vite [plugin vite:react-docgen-typescript] Skipping docgen for
│  "/Users/rishavpa/Professional/pink-paprikaa-site/packages/ui/src/molecules/alert/alert.test.tsx"
│  because it is not included in the active TypeScript project.
│
▲  Vite [plugin vite:react-docgen-typescript] Skipping docgen for
│  "/Users/rishavpa/Professional/pink-paprikaa-site/packages/ui/src/molecules/chip-group/chip-group.test.tsx"
│  because it is not included in the active TypeScript project.
│
▲  Vite [plugin vite:react-docgen-typescript] Skipping docgen for
│  "/Users/rishavpa/Professional/pink-paprikaa-site/packages/ui/src/molecules/link-card/link-card.test.tsx"
│  because it is not included in the active TypeScript project.
│
▲  Vite [plugin vite:react-docgen-typescript] Skipping docgen for
│  "/Users/rishavpa/Professional/pink-paprikaa-site/packages/ui/src/molecules/field/field.test.tsx"
│  because it is not included in the active TypeScript project.
│
▲  Vite [plugin vite:react-docgen-typescript] Skipping docgen for
│  "/Users/rishavpa/Professional/pink-paprikaa-site/packages/ui/src/molecules/check-card/check-card.test.tsx"
│  because it is not included in the active TypeScript project.
│
▲  Vite [plugin vite:react-docgen-typescript] Skipping docgen for
│  "/Users/rishavpa/Professional/pink-paprikaa-site/packages/ui/src/molecules/coupon-ticket/coupon-ticket.test.tsx"
│  because it is not included in the active TypeScript project.
│
▲  Vite [plugin vite:react-docgen-typescript] Skipping docgen for
│  "/Users/rishavpa/Professional/pink-paprikaa-site/packages/ui/src/molecules/empty-state/empty-state.test.tsx"
│  because it is not included in the active TypeScript project.
│
▲  Vite [plugin vite:react-docgen-typescript] Skipping docgen for
│  "/Users/rishavpa/Professional/pink-paprikaa-site/packages/ui/src/molecules/breadcrumb/breadcrumb.test.tsx"
│  because it is not included in the active TypeScript project.
│
▲  Vite [plugin vite:react-docgen-typescript] Skipping docgen for
│  "/Users/rishavpa/Professional/pink-paprikaa-site/packages/ui/src/molecules/key-value-list/key-value-list.test.tsx"
│  because it is not included in the active TypeScript project.
│
▲  Vite [plugin vite:react-docgen-typescript] Skipping docgen for
│  "/Users/rishavpa/Professional/pink-paprikaa-site/packages/ui/src/molecules/filter-bar/filter-bar.test.tsx"
│  because it is not included in the active TypeScript project.
│
▲  Vite [plugin vite:react-docgen-typescript] Skipping docgen for
│  "/Users/rishavpa/Professional/pink-paprikaa-site/packages/ui/src/molecules/choice-card-group/choice-card-group.test.tsx"
│  because it is not included in the active TypeScript project.
│
▲  Vite [plugin vite:react-docgen-typescript] Skipping docgen for
│  "/Users/rishavpa/Professional/pink-paprikaa-site/packages/ui/src/molecules/feature-item/feature-item.test.tsx"
│  because it is not included in the active TypeScript project.
│
▲  Vite [plugin vite:react-docgen-typescript] Skipping docgen for
│  "/Users/rishavpa/Professional/pink-paprikaa-site/packages/ui/src/molecules/logo-lockup/logo-lockup.test.tsx"
│  because it is not included in the active TypeScript project.
│
▲  Vite [plugin vite:react-docgen-typescript] Skipping docgen for
│  "/Users/rishavpa/Professional/pink-paprikaa-site/packages/ui/src/molecules/pricing-card/pricing-card.test.tsx"
│  because it is not included in the active TypeScript project.
│
▲  Vite [plugin vite:react-docgen-typescript] Skipping docgen for
│  "/Users/rishavpa/Professional/pink-paprikaa-site/packages/ui/src/molecules/menu-item-row/menu-item-row.test.tsx"
│  because it is not included in the active TypeScript project.
│
▲  Vite [plugin vite:react-docgen-typescript] Skipping docgen for
│  "/Users/rishavpa/Professional/pink-paprikaa-site/packages/ui/src/molecules/loyalty-card/loyalty-card.test.tsx"
│  because it is not included in the active TypeScript project.
│
▲  Vite [plugin vite:react-docgen-typescript] Skipping docgen for
│  "/Users/rishavpa/Professional/pink-paprikaa-site/packages/ui/src/molecules/offer-seal/offer-seal.test.tsx"
│  because it is not included in the active TypeScript project.
│
▲  Vite [plugin vite:react-docgen-typescript] Skipping docgen for
│  "/Users/rishavpa/Professional/pink-paprikaa-site/packages/ui/src/molecules/otp-input/otp-input.test.tsx"
│  because it is not included in the active TypeScript project.
│
▲  Vite [plugin vite:react-docgen-typescript] Skipping docgen for
│  "/Users/rishavpa/Professional/pink-paprikaa-site/packages/ui/src/molecules/pagination/pagination.test.tsx"
│  because it is not included in the active TypeScript project.
│
▲  Vite [plugin vite:react-docgen-typescript] Skipping docgen for
│  "/Users/rishavpa/Professional/pink-paprikaa-site/packages/ui/src/molecules/outlet-card/outlet-card.test.tsx"
│  because it is not included in the active TypeScript project.
│
▲  Vite [plugin vite:react-docgen-typescript] Skipping docgen for
│  "/Users/rishavpa/Professional/pink-paprikaa-site/packages/ui/src/molecules/list-row/list-row.test.tsx"
│  because it is not included in the active TypeScript project.
│
▲  Vite [plugin vite:react-docgen-typescript] Skipping docgen for
│  "/Users/rishavpa/Professional/pink-paprikaa-site/packages/ui/src/molecules/price-summary/price-summary.test.tsx"
│  because it is not included in the active TypeScript project.
│
▲  Vite [plugin vite:react-docgen-typescript] Skipping docgen for
│  "/Users/rishavpa/Professional/pink-paprikaa-site/packages/ui/src/molecules/review-card/review-card.test.tsx"
│  because it is not included in the active TypeScript project.
│
▲  Vite [plugin vite:react-docgen-typescript] Skipping docgen for
│  "/Users/rishavpa/Professional/pink-paprikaa-site/packages/ui/src/molecules/menu-item-card/menu-item-card.test.tsx"
│  because it is not included in the active TypeScript project.
│
▲  Vite [plugin vite:react-docgen-typescript] Skipping docgen for
│  "/Users/rishavpa/Professional/pink-paprikaa-site/packages/ui/src/molecules/section-header/section-header.test.tsx"
│  because it is not included in the active TypeScript project.
│
▲  Vite [plugin vite:react-docgen-typescript] Skipping docgen for
│  "/Users/rishavpa/Professional/pink-paprikaa-site/packages/ui/src/molecules/quantity-stepper/quantity-stepper.test.tsx"
│  because it is not included in the active TypeScript project.
│
▲  Vite [plugin vite:react-docgen-typescript] Skipping docgen for
│  "/Users/rishavpa/Professional/pink-paprikaa-site/packages/ui/src/molecules/stat/stat.test.tsx"
│  because it is not included in the active TypeScript project.
│
▲  Vite [plugin vite:react-docgen-typescript] Skipping docgen for
│  "/Users/rishavpa/Professional/pink-paprikaa-site/packages/ui/src/molecules/search-field/search-field.test.tsx"
│  because it is not included in the active TypeScript project.
│
▲  Vite [plugin vite:react-docgen-typescript] Skipping docgen for
│  "/Users/rishavpa/Professional/pink-paprikaa-site/packages/ui/src/molecules/step-tracker/step-tracker.test.tsx"
│  because it is not included in the active TypeScript project.
│
▲  Vite [plugin vite:react-docgen-typescript] Skipping docgen for
│  "/Users/rishavpa/Professional/pink-paprikaa-site/packages/ui/src/molecules/slot-picker/slot-picker.test.tsx"
│  because it is not included in the active TypeScript project.
│
▲  Vite [plugin vite:react-docgen-typescript] Skipping docgen for
│  "/Users/rishavpa/Professional/pink-paprikaa-site/packages/ui/src/molecules/steps/steps.test.tsx"
│  because it is not included in the active TypeScript project.
│
▲  Vite [plugin vite:react-docgen-typescript] Skipping docgen for
│  "/Users/rishavpa/Professional/pink-paprikaa-site/packages/ui/src/molecules/snackbar/snackbar.test.tsx"
│  because it is not included in the active TypeScript project.
│
▲  Vite [plugin vite:react-docgen-typescript] Skipping docgen for
│  "/Users/rishavpa/Professional/pink-paprikaa-site/packages/ui/src/molecules/table/table.test.tsx"
│  because it is not included in the active TypeScript project.
│
▲  Vite [plugin vite:react-docgen-typescript] Skipping docgen for
│  "/Users/rishavpa/Professional/pink-paprikaa-site/packages/ui/src/molecules/tabs/tabs.test.tsx"
│  because it is not included in the active TypeScript project.
│
▲  Vite [plugin vite:react-docgen-typescript] Skipping docgen for
│  "/Users/rishavpa/Professional/pink-paprikaa-site/packages/ui/src/molecules/sticky-action-bar/sticky-action-bar.test.tsx"
│  because it is not included in the active TypeScript project.
│
▲  Vite [plugin vite:react-docgen-typescript] Skipping docgen for
│  "/Users/rishavpa/Professional/pink-paprikaa-site/packages/ui/src/molecules/toast/toast.test.tsx"
│  because it is not included in the active TypeScript project.
✓ 2643 modules transformed.
rendering chunks...
computing gzip size...
│  Vite
│  storybook-static/assets/space-mono-vietnamese-400-normal-B0PMp_xB.woff
│  5.41 kB
│  storybook-static/assets/poppins-latin-ext-700-normal-cby-RkWa.woff2
│  5.43 kB
│  storybook-static/assets/space-mono-vietnamese-700-normal-D-KrLuLr.woff
│  5.44 kB
│  storybook-static/assets/poppins-latin-ext-500-normal-CK-6C4Hw.woff2
│  5.48 kB
│  storybook-static/assets/poppins-latin-ext-800-normal-CDgOlX-1.woff2
│  5.49 kB
│  storybook-static/assets/poppins-latin-ext-600-normal-CAhIAdZj.woff2
│  5.52 kB
│  storybook-static/assets/poppins-latin-ext-400-normal-by3JarPu.woff2
│  5.64 kB
│  storybook-static/assets/poppins-latin-ext-600-italic-BpvcrORb.woff2
│  6.01 kB
│  storybook-static/assets/space-mono-vietnamese-400-normal-BNOj0Qhp.woff2
│  7.27 kB
│  storybook-static/assets/poppins-latin-ext-700-normal-DctTR6Tg.woff
│  7.32 kB
│  storybook-static/assets/space-mono-vietnamese-700-normal-DWQgDHuA.woff2
│  7.33 kB
│  storybook-static/assets/dm-sans-latin-ext-400-normal-BtiwyxMk.woff2
│  7.36 kB
│  storybook-static/assets/poppins-latin-ext-800-normal-CIZaRbSk.woff
│  7.36 kB
│  storybook-static/assets/poppins-latin-ext-500-normal-CgAe2rWW.woff
│  7.37 kB
│  storybook-static/assets/dm-sans-latin-ext-500-normal-BJfUCQsA.woff2
│  7.43 kB
│  storybook-static/assets/poppins-latin-ext-600-normal-Df5ffKXP.woff
│  7.43 kB
│  storybook-static/assets/dm-sans-latin-ext-700-normal-CJIcxD6K.woff2
│  7.45 kB
│  storybook-static/assets/poppins-latin-ext-400-normal-DaBSavcJ.woff
│  7.46 kB
│  storybook-static/assets/poppins-latin-500-normal-C8OXljZJ.woff2
│  7.74 kB
│  storybook-static/assets/poppins-latin-700-normal-Qrb0O0WB.woff2
│  7.81 kB
│  storybook-static/assets/poppins-latin-800-normal-Bd8-pIP1.woff2
│  7.82 kB
│  storybook-static/assets/poppins-latin-400-normal-cpxAROuN.woff2
│  7.88 kB
│  storybook-static/assets/poppins-latin-ext-600-italic-BXg4YQvj.woff
│  7.94 kB
│  storybook-static/assets/poppins-latin-600-normal-zEkxB9Mr.woff2
│  8.00 kB
│  storybook-static/assets/dm-sans-latin-ext-400-italic-BpitL8Uu.woff2
│  8.12 kB
│  storybook-static/assets/poppins-latin-600-italic-CZ4wqKBi.woff2
│  8.72 kB
│  storybook-static/assets/dm-sans-latin-ext-400-normal-BjWJ59Pq.woff
│  9.97 kB
│  storybook-static/assets/dm-sans-latin-ext-700-normal-BLI3TTWz.woff
│  10.01 kB
│  storybook-static/assets/dm-sans-latin-ext-500-normal-DR84L5F-.woff
│  10.06 kB
│  storybook-static/assets/poppins-latin-500-normal-DGXqpDMm.woff
│  10.37 kB
│  storybook-static/assets/poppins-latin-700-normal-BVuQR_eA.woff
│  10.43 kB
│  storybook-static/assets/poppins-latin-800-normal-YoItoZZV.woff
│  10.43 kB
│  storybook-static/assets/poppins-latin-400-normal-BOb3E3N0.woff
│  10.53 kB
│  storybook-static/assets/poppins-latin-600-normal-BJdTmd5m.woff
│  10.60 kB
│  storybook-static/assets/dm-sans-latin-ext-400-italic-2EvOpbQN.woff
│  10.97 kB
│  storybook-static/assets/poppins-latin-600-italic-BhOZippK.woff
│  11.55 kB
│  storybook-static/assets/space-mono-latin-400-normal-_3DlpgIW.woff
│  12.31 kB
│  storybook-static/assets/space-mono-latin-700-normal-D7A851RN.woff
│  12.41 kB
│  storybook-static/assets/space-mono-latin-ext-700-normal-B_E7P90g.woff
│  12.48 kB
│  storybook-static/assets/space-mono-latin-ext-400-normal-D4cJI_B-.woff
│  12.60 kB
│  storybook-static/assets/dm-sans-latin-400-normal-CW0RaeGs.woff2
│  14.20 kB
│  storybook-static/assets/dm-sans-latin-500-normal-B9HHJjqV.woff2
│  14.30 kB
│  storybook-static/assets/dm-sans-latin-700-normal-DvUfVpUG.woff2
│  14.34 kB
│  storybook-static/assets/dm-sans-latin-400-italic-DRLHr0TN.woff2
│  15.14 kB
│  storybook-static/assets/space-mono-latin-ext-700-normal-B2s3bDs2.woff2
│  15.80 kB
│  storybook-static/assets/space-mono-latin-ext-400-normal-DTLbW2xa.woff2
│  15.83 kB
│  storybook-static/assets/space-mono-latin-400-normal-Rg4St2Dn.woff2
│  16.52 kB
│  storybook-static/assets/space-mono-latin-700-normal-mWgeinG7.woff2
│  16.72 kB
│  storybook-static/assets/symbol-pink-B07N40aj.svg
│  17.25 kB │ gzip:   5.78 kB
│  storybook-static/assets/dm-sans-latin-400-normal-BwCSEQnW.woff
│  18.35 kB
│  storybook-static/assets/dm-sans-latin-700-normal-CUSSCpQX.woff
│  18.50 kB
│  storybook-static/assets/dm-sans-latin-500-normal-Dr3UlScf.woff
│  18.52 kB
│  storybook-static/assets/dm-sans-latin-400-italic-i6QPgQBE.woff
│  19.60 kB
│  storybook-static/iframe.html
│  20.01 kB │ gzip:   5.49 kB
│  storybook-static/assets/poppins-devanagari-800-normal-ACzlZF75.woff2
│  38.94 kB
│  storybook-static/assets/poppins-devanagari-500-normal-BIdkeU1p.woff2
│  39.08 kB
│  storybook-static/assets/poppins-devanagari-700-normal-O-jipLrW.woff2
│  39.25 kB
│  storybook-static/assets/poppins-devanagari-600-normal-STEjXBNN.woff2
│  39.29 kB
│  storybook-static/assets/poppins-devanagari-400-normal-CJDn6rn8.woff2
│  39.66 kB
│  storybook-static/assets/poppins-devanagari-600-italic-C8WvgGUS.woff2
│  45.59 kB
│  storybook-static/assets/poppins-devanagari-800-normal-BLmXVokE.woff
│  51.85 kB
│  storybook-static/assets/poppins-devanagari-700-normal-fHs-vx92.woff
│  52.24 kB
│  storybook-static/assets/poppins-devanagari-500-normal-DMPDjHtT.woff
│  52.42 kB
│  storybook-static/assets/poppins-devanagari-600-normal-ClASKHrr.woff
│  52.56 kB
│  storybook-static/assets/poppins-devanagari-400-normal-CqVvlrh5.woff
│  52.98 kB
│  storybook-static/assets/poppins-devanagari-600-italic-C0b9Bbe9.woff
│  61.21 kB
│  storybook-static/assets/iframe-PulWKgl6.css
│  141.17 kB │ gzip:  23.66 kB
│  storybook-static/assets/iframe-BzIqRsTv.js
│  0.04 kB │ gzip:   0.06 kB
│  storybook-static/assets/is-shown-DFAhd1-T.js
│  0.15 kB │ gzip:   0.14 kB
│  storybook-static/assets/symbol-pink-CHQDJHjd.js
│  0.17 kB │ gzip:   0.17 kB
│  storybook-static/assets/heading-3fVXjSvH.js
│  0.18 kB │ gzip:   0.16 kB
│  storybook-static/assets/chunk-242VQQM5-bHL6qIJq.js
│  0.24 kB │ gzip:   0.20 kB
│  storybook-static/assets/check-CVYNryO3.js
│  0.24 kB │ gzip:   0.21 kB
│  storybook-static/assets/dom-CgSuUhSb.js
│  0.24 kB │ gzip:   0.20 kB
│  storybook-static/assets/chevron-down-Bdl_lwi8.js
│  0.24 kB │ gzip:   0.21 kB
│  storybook-static/assets/chevron-right-IArzhPRB.js
│  0.24 kB │ gzip:   0.21 kB
│  storybook-static/assets/plus-Cr7t6_TL.js
│  0.27 kB │ gzip:   0.22 kB
│  storybook-static/assets/x-41KrNhmm.js
│  0.27 kB │ gzip:   0.22 kB
│  storybook-static/assets/arrow-right-BFNt44Ho.js
│  0.28 kB │ gzip:   0.23 kB
│  storybook-static/assets/arrow-up-right-xK9BNZM3.js
│  0.28 kB │ gzip:   0.23 kB
│  storybook-static/assets/clock-wnyI3woe.js
│  0.28 kB │ gzip:   0.24 kB
│  storybook-static/assets/search-DffEyB9_.js
│  0.29 kB │ gzip:   0.24 kB
│  storybook-static/assets/formatter-L2YTDE3Q-CRGuSxAF.js
│  0.30 kB │ gzip:   0.24 kB
│  storybook-static/assets/use-controllable-state-C0ZUWn2f.js
│  0.30 kB │ gzip:   0.24 kB
│  storybook-static/assets/user-BdgMQp_h.js
│  0.31 kB │ gzip:   0.25 kB
│  storybook-static/assets/flame-BaOH5HFj.js
│  0.31 kB │ gzip:   0.25 kB
│  storybook-static/assets/info-Cv6dRzI0.js
│  0.32 kB │ gzip:   0.25 kB
│  storybook-static/assets/lock-B9OhBLxv.js
│  0.32 kB │ gzip:   0.26 kB
│  storybook-static/assets/chunk-QQBDHPVZ-DC5n6Pix.js
│  0.32 kB │ gzip:   0.20 kB
│  storybook-static/assets/credit-card-BPpjba41.js
│  0.32 kB │ gzip:   0.26 kB
│  storybook-static/assets/space-MdlivFdd.js
│  0.34 kB │ gzip:   0.22 kB
│  storybook-static/assets/copy-DHcnd9Sr.js
│  0.35 kB │ gzip:   0.28 kB
│  storybook-static/assets/message-circle-Bkj7g1aY.js
│  0.35 kB │ gzip:   0.28 kB
│  storybook-static/assets/circle-alert-ko5Exgrx.js
│  0.36 kB │ gzip:   0.26 kB
│  storybook-static/assets/heart-ImfWwAVx.js
│  0.37 kB │ gzip:   0.29 kB
│  storybook-static/assets/map-pin-BDidcKRR.js
│  0.37 kB │ gzip:   0.29 kB
│  storybook-static/assets/utensils-BOJvuaym.js
│  0.37 kB │ gzip:   0.27 kB
│  storybook-static/assets/leaf-BZahhkcr.js
│  0.38 kB │ gzip:   0.30 kB
│  storybook-static/assets/triangle-alert-DRboud37.js
│  0.38 kB │ gzip:   0.28 kB
│  storybook-static/assets/stretched-link-D1Fbbqtf.js
│  0.38 kB │ gzip:   0.23 kB
│  storybook-static/assets/bell-DhVQxdHE.js
│  0.40 kB │ gzip:   0.31 kB
│  storybook-static/assets/users-DoU_36Gj.js
│  0.42 kB │ gzip:   0.29 kB
│  storybook-static/assets/jsx-runtime-DeHZSEgm.js
│  0.43 kB │ gzip:   0.30 kB
│  storybook-static/assets/dist-CLgmTUij.js
│  0.44 kB │ gzip:   0.33 kB
│  storybook-static/assets/shopping-bag-BB37lqZw.js
│  0.45 kB │ gzip:   0.31 kB
│  storybook-static/assets/gift-DrMftaRU.js
│  0.46 kB │ gzip:   0.32 kB
│  storybook-static/assets/story-paint-B3Vw4o4H.js
│  0.47 kB │ gzip:   0.29 kB
│  storybook-static/assets/share-2-BYY67Zf_.js
│  0.47 kB │ gzip:   0.30 kB
│  storybook-static/assets/control-states-cISA102W.js
│  0.48 kB │ gzip:   0.28 kB
│  storybook-static/assets/field-status-i8G_yaxV.js
│  0.49 kB │ gzip:   0.32 kB
│  storybook-static/assets/react-Bl2r1tuC.js
│  0.58 kB │ gzip:   0.34 kB
│  storybook-static/assets/star-CQTfbtWQ.js
│  0.59 kB │ gzip:   0.37 kB
│  storybook-static/assets/store-sQy-7QAN.js
│  0.61 kB │ gzip:   0.36 kB
│  storybook-static/assets/soup-CFeGbiz7.js
│  0.64 kB │ gzip:   0.35 kB
│  storybook-static/assets/src-BDz9lWIB.js
│  0.72 kB │ gzip:   0.43 kB
│  storybook-static/assets/specimen-CBoE7WQp.js
│  0.74 kB │ gzip:   0.34 kB
│  storybook-static/assets/receipt-CaM6gcVM.js
│  0.77 kB │ gzip:   0.36 kB
│  storybook-static/assets/devanagari-qefvRpnG.js
│  0.96 kB │ gzip:   0.55 kB
│  storybook-static/assets/overline-and-mono-CfPWwSZX.js
│  0.99 kB │ gzip:   0.57 kB
│  storybook-static/assets/symbol-mark--trNX6Jd.js
│  1.02 kB │ gzip:   0.66 kB
│  storybook-static/assets/rolldown-runtime-DkW27tQK.js
│  1.19 kB │ gzip:   0.67 kB
│  storybook-static/assets/type-specimen-DwvzQX4N.js
│  1.25 kB │ gzip:   0.65 kB
│  storybook-static/assets/heat-BRQfrey9.js
│  1.26 kB │ gzip:   0.68 kB
│  storybook-static/assets/motion-demo-Bi9KTGf7.js
│  1.30 kB │ gzip:   0.72 kB
│  storybook-static/assets/preload-helper-wdlQj8DP.js
│  1.31 kB │ gzip:   0.74 kB
│  storybook-static/assets/semantic-DDOiL_WG.js
│  1.36 kB │ gzip:   0.65 kB
│  storybook-static/assets/DocsRenderer-JROSPFPF-DJsgHOBO.js
│  1.36 kB │ gzip:   0.73 kB
│  storybook-static/assets/display-C1I_1l4D.js
│  1.40 kB │ gzip:   0.75 kB
│  storybook-static/assets/ink-CVYVJ-Ak.js
│  1.47 kB │ gzip:   0.68 kB
│  storybook-static/assets/story-surfaces-DUztrTr2.js
│  1.47 kB │ gzip:   0.75 kB
│  storybook-static/assets/body-CIeqfWMI.js
│  1.48 kB │ gzip:   0.75 kB
│  storybook-static/assets/section-reveal-Aw88ONZw.js
│  1.64 kB │ gzip:   0.78 kB
│  storybook-static/assets/chunk-IMSF75WX-CGYlPTyG.js
│  1.67 kB │ gzip:   0.91 kB
│  storybook-static/assets/accents-DCx3Xt1T.js
│  1.71 kB │ gzip:   0.87 kB
│  storybook-static/assets/status-dNockiAG.js
│  1.77 kB │ gzip:   0.82 kB
│  storybook-static/assets/shape-C_xblZ3u.js
│  1.77 kB │ gzip:   0.79 kB
│  storybook-static/assets/layout-rhythm-Dygy0ffD.js
│  1.80 kB │ gzip:   0.84 kB
│  storybook-static/assets/struck-price-uOYtN8jf.js
│  1.84 kB │ gzip:   0.94 kB
│  storybook-static/assets/headings-CLDRwn9o.js
│  1.93 kB │ gzip:   0.91 kB
│  storybook-static/assets/fluid-COVEkgLL.js
│  1.93 kB │ gzip:   0.91 kB
│  storybook-static/assets/company-details-Cs-nhvgD.js
│  1.93 kB │ gzip:   0.97 kB
│  storybook-static/assets/diet-mark.stories-NYAZvnIB.js
│  1.93 kB │ gzip:   0.85 kB
│  storybook-static/assets/primary-BLajc3g_.js
│  2.03 kB │ gzip:   0.96 kB
│  storybook-static/assets/scale-B7cXKW9o.js
│  2.05 kB │ gzip:   0.93 kB
│  storybook-static/assets/diet-mark-BBtEiV1f.js
│  2.13 kB │ gzip:   0.98 kB
│  storybook-static/assets/badge-DAB6CKvt.js
│  2.18 kB │ gzip:   0.93 kB
│  storybook-static/assets/states-B3KcQToq.js
│  2.21 kB │ gzip:   0.93 kB
│  storybook-static/assets/spacing-scale-DfK-B68p.js
│  2.24 kB │ gzip:   0.90 kB
│  storybook-static/assets/switch-BfNuUQNm.js
│  2.25 kB │ gzip:   0.86 kB
│  storybook-static/assets/surfaces-CtaEsnpJ.js
│  2.30 kB │ gzip:   1.00 kB
│  storybook-static/assets/canvas.stories-CVKoM8YD.js
│  2.41 kB │ gzip:   0.99 kB
│  storybook-static/assets/container-DTe4GY7O.js
│  2.42 kB │ gzip:   0.91 kB
│  storybook-static/assets/contrast-DuDiW9Jj.js
│  2.42 kB │ gzip:   1.13 kB
│  storybook-static/assets/pattern-ep6mpTeT.js
│  2.44 kB │ gzip:   1.15 kB
│  storybook-static/assets/brand-glyphs-2Y-byfLh.js
│  2.71 kB │ gzip:   0.85 kB
│  storybook-static/assets/spinner.stories-Cxit-Vzu.js
│  2.82 kB │ gzip:   0.96 kB
│  storybook-static/assets/dist-D49tcpoS.js
│  2.85 kB │ gzip:   1.25 kB
│  storybook-static/assets/spice-level-Cj0y1c0L.js
│  2.85 kB │ gzip:   1.01 kB
│  storybook-static/assets/countdown-C4SkLPlb.js
│  2.89 kB │ gzip:   1.28 kB
│  storybook-static/assets/spinner-DP16HbAM.js
│  2.94 kB │ gzip:   1.08 kB
│  storybook-static/assets/card-D3mheE83.js
│  2.99 kB │ gzip:   1.07 kB
│  storybook-static/assets/dist-oCFdGwHC.js
│  3.06 kB │ gzip:   1.37 kB
│  storybook-static/assets/auto-grid-BQpELPkq.js
│  3.10 kB │ gzip:   1.00 kB
│  storybook-static/assets/motion-DAYHy-uH.js
│  3.15 kB │ gzip:   1.31 kB
│  storybook-static/assets/dist-B4bHfIsx.js
│  3.22 kB │ gzip:   1.29 kB
│  storybook-static/assets/chunk-DRQKCCAG-DvsmU7ha.js
│  3.39 kB │ gzip:   1.41 kB
│  storybook-static/assets/logo-C0vnoFTm.js
│  3.40 kB │ gzip:   1.43 kB
│  storybook-static/assets/avatar-DZWuALC6.js
│  3.42 kB │ gzip:   1.22 kB
│  storybook-static/assets/social-headline-oKQr7ACn.js
│  3.44 kB │ gzip:   1.05 kB
│  storybook-static/assets/status-dot-DTKBKogY.js
│  3.46 kB │ gzip:   1.24 kB
│  storybook-static/assets/iconography-C5uHUv5Z.js
│  3.48 kB │ gzip:   1.39 kB
│  storybook-static/assets/react-dom-BzEl8usk.js
│  3.58 kB │ gzip:   1.36 kB
│  storybook-static/assets/price-tag-B3y0d5Nh.js
│  3.65 kB │ gzip:   1.27 kB
│  storybook-static/assets/createLucideIcon-OpgVbc49.js
│  3.67 kB │ gzip:   1.64 kB
│  storybook-static/assets/stack-DCvJ45Mz.js
│  3.77 kB │ gzip:   1.25 kB
│  storybook-static/assets/key-value-list-Di19x3cq.js
│  3.82 kB │ gzip:   1.19 kB
│  storybook-static/assets/spice-level.stories-BCb5-F9Y.js
│  3.87 kB │ gzip:   1.30 kB
│  storybook-static/assets/link-hGB8Kp-J.js
│  3.95 kB │ gzip:   1.26 kB
│  storybook-static/assets/select-BBB6eut-.js
│  3.96 kB │ gzip:   1.33 kB
│  storybook-static/assets/form-states-BtphiHln.js
│  4.02 kB │ gzip:   1.18 kB
│  storybook-static/assets/status-dot.stories-CAgekddE.js
│  4.16 kB │ gzip:   1.30 kB
│  storybook-static/assets/countdown.stories-prNlbu0U.js
│  4.20 kB │ gzip:   1.70 kB
│  storybook-static/assets/step-tracker-jHi3EVFT.js
│  4.23 kB │ gzip:   1.48 kB
│  storybook-static/assets/cluster-EI01egho.js
│  4.27 kB │ gzip:   1.31 kB
│  storybook-static/assets/pattern-field-Bx-fG_xO.js
│  4.30 kB │ gzip:   1.37 kB
│  storybook-static/assets/input--na89-A7.js
│  4.32 kB │ gzip:   1.30 kB
│  storybook-static/assets/section-DoPMOUj_.js
│  4.58 kB │ gzip:   1.45 kB
│  storybook-static/assets/field-message-q2vm3eG2.js
│  4.66 kB │ gzip:   1.22 kB
│  storybook-static/assets/skeleton.stories-AaEzalLQ.js
│  4.72 kB │ gzip:   1.67 kB
│  storybook-static/assets/slider.stories-CNEqoRJP.js
│  4.74 kB │ gzip:   1.71 kB
│  storybook-static/assets/tag-ow8VQ9g_.js
│  4.76 kB │ gzip:   1.54 kB
│  storybook-static/assets/dist-CsbR2udO.js
│  4.83 kB │ gzip:   2.10 kB
│  storybook-static/assets/switch.stories-Bl3If9uF.js
│  4.83 kB │ gzip:   1.45 kB
│  storybook-static/assets/avatar.stories-CWlR1M9v.js
│  4.84 kB │ gzip:   1.52 kB
│  storybook-static/assets/progress-bar.stories-F_GaJukv.js
│  4.87 kB │ gzip:   1.51 kB
│  storybook-static/assets/image-slot.stories-C0mYFhBB.js
│  4.91 kB │ gzip:   1.58 kB
│  storybook-static/assets/badge.stories-CaQgJKya.js
│  4.95 kB │ gzip:   1.49 kB
│  storybook-static/assets/price-tag.stories-DmKEj0vs.js
│  5.07 kB │ gzip:   1.50 kB
│  storybook-static/assets/icon-button-DTyNjpyu.js
│  5.10 kB │ gzip:   1.62 kB
│  storybook-static/assets/progress-bar-BheOS1Iw.js
│  5.12 kB │ gzip:   1.56 kB
│  storybook-static/assets/rating-C7JMTNYt.js
│  5.14 kB │ gzip:   1.74 kB
│  storybook-static/assets/pattern-field.stories-BPUhLo5M.js
│  5.14 kB │ gzip:   1.78 kB
│  storybook-static/assets/field-B2PgSBxb.js
│  5.24 kB │ gzip:   1.61 kB
│  storybook-static/assets/chunk-KJHJLCBK-yRlRMfNs.js
│  5.35 kB │ gzip:   2.05 kB
│  storybook-static/assets/brand-diamond-BkVQvcSI.js
│  5.45 kB │ gzip:   1.45 kB
│  storybook-static/assets/step-tracker.stories-C4_BFG4C.js
│  5.54 kB │ gzip:   1.97 kB
│  storybook-static/assets/social-headline.stories-LhjKYXNy.js
│  5.56 kB │ gzip:   1.61 kB
│  storybook-static/assets/icon.stories-BCBunopx.js
│  5.61 kB │ gzip:   2.20 kB
│  storybook-static/assets/rating.stories-Dp-XRuxT.js
│  5.69 kB │ gzip:   1.64 kB
│  storybook-static/assets/dist-Akl9RgK5.js
│  5.73 kB │ gzip:   2.35 kB
│  storybook-static/assets/table-BUvHZ01X.js
│  5.85 kB │ gzip:   1.80 kB
│  storybook-static/assets/sticky-action-bar.stories-rDn-IBQa.js
│  6.06 kB │ gzip:   2.06 kB
│  storybook-static/assets/loyalty-card.stories-DfZ02KC2.js
│  6.17 kB │ gzip:   1.98 kB
│  storybook-static/assets/breadcrumb.stories-DxulS7Wf.js
│  6.18 kB │ gzip:   2.15 kB
│  storybook-static/assets/image-slot-fWIZxtzn.js
│  6.49 kB │ gzip:   1.56 kB
│  storybook-static/assets/container.stories-UNjYqHdz.js
│  6.59 kB │ gzip:   2.16 kB
│  storybook-static/assets/dist-JrbLSU14.js
│  6.72 kB │ gzip:   2.48 kB
│  storybook-static/assets/tag.stories-D2Mum0ok.js
│  6.86 kB │ gzip:   2.18 kB
│  storybook-static/assets/voice-and-content-BDKzNRbn.js
│  6.97 kB │ gzip:   2.56 kB
│  storybook-static/assets/text-CHp08l5m.js
│  6.99 kB │ gzip:   1.75 kB
│  storybook-static/assets/spacing.stories-CW_tWqtx.js
│  7.16 kB │ gzip:   2.64 kB
│  storybook-static/assets/button-CmYFicVI.js
│  7.19 kB │ gzip:   2.03 kB
│  storybook-static/assets/choice-control-CAWfvihu.js
│  7.26 kB │ gzip:   1.87 kB
│  storybook-static/assets/dist-DlPXFoWQ.js
│  7.32 kB │ gzip:   2.68 kB
│  storybook-static/assets/react-BZJXY1be.js
│  7.53 kB │ gzip:   2.88 kB
│  storybook-static/assets/logo.stories-D6qhkgJO.js
│  7.56 kB │ gzip:   1.89 kB
│  storybook-static/assets/steps.stories-35alVlPO.js
│  7.57 kB │ gzip:   2.60 kB
│  storybook-static/assets/divider.stories-Cn3a0Img.js
│  7.62 kB │ gzip:   2.37 kB
│  storybook-static/assets/accordion.stories-B1ZmfsgZ.js
│  7.63 kB │ gzip:   2.80 kB
│  storybook-static/assets/link.stories-CrpHp33F.js
│  7.67 kB │ gzip:   1.99 kB
│  storybook-static/assets/announcement-bar.stories-0X_5O58D.js
│  7.76 kB │ gzip:   2.59 kB
│  storybook-static/assets/checkbox.stories-JrLG0GqI.js
│  7.92 kB │ gzip:   2.36 kB
│  storybook-static/assets/pagination.stories-Ci7Nns3L.js
│  7.96 kB │ gzip:   2.57 kB
│  storybook-static/assets/icon-button.stories-DPWUKh4R.js
│  7.98 kB │ gzip:   2.02 kB
│  storybook-static/assets/stack.stories-BiphCiLu.js
│  8.21 kB │ gzip:   2.46 kB
│  storybook-static/assets/logo-lockup.stories-sdG6M_VJ.js
│  8.45 kB │ gzip:   2.41 kB
│  storybook-static/assets/price-summary.stories-DkGcv6hR.js
│  8.64 kB │ gzip:   2.54 kB
│  storybook-static/assets/section-header.stories-BewfBkAH.js
│  8.81 kB │ gzip:   2.50 kB
│  storybook-static/assets/empty-state.stories-CxgD3rXZ.js
│  8.83 kB │ gzip:   2.71 kB
│  storybook-static/assets/field.stories-Dw_BzwQC.js
│  9.03 kB │ gzip:   2.89 kB
│  storybook-static/assets/key-value-list.stories-BVigPOhS.js
│  9.07 kB │ gzip:   2.98 kB
│  storybook-static/assets/prose.stories-B-BXb-vr.js
│  9.08 kB │ gzip:   2.50 kB
│  storybook-static/assets/text.stories-CYbd2CHN.js
│  9.15 kB │ gzip:   2.40 kB
│  storybook-static/assets/auto-grid.stories-BcTDLw0H.js
│  9.26 kB │ gzip:   2.88 kB
│  storybook-static/assets/stat.stories-q4suJHlQ.js
│  9.29 kB │ gzip:   2.73 kB
│  storybook-static/assets/section.stories-I3hB4-fB.js
│  9.56 kB │ gzip:   2.77 kB
│  storybook-static/assets/cluster.stories-C_9nOFTO.js
│  9.74 kB │ gzip:   3.33 kB
│  storybook-static/assets/type.stories-Dnwn3_v7.js
│  10.03 kB │ gzip:   2.94 kB
│  storybook-static/assets/input.stories-Lh2UnyY2.js
│  10.25 kB │ gzip:   2.96 kB
│  storybook-static/assets/link-card.stories-BSAes4eN.js
│  10.29 kB │ gzip:   3.05 kB
│  storybook-static/assets/card.stories-FxhYGbZz.js
│  10.77 kB │ gzip:   2.74 kB
│  storybook-static/assets/app-shell.stories-C9gKcm2_.js
│  11.25 kB │ gzip:   3.81 kB
│  storybook-static/assets/review-card.stories-ZwnzBhzZ.js
│  11.41 kB │ gzip:   3.35 kB
│  storybook-static/assets/swatch-I9_N6zXU.js
│  11.60 kB │ gzip:   2.53 kB
│  storybook-static/assets/otp-input.stories-CKv_lxfh.js
│  11.90 kB │ gzip:   3.35 kB
│  storybook-static/assets/field-control-DL0ICJjf.js
│  11.97 kB │ gzip:   2.79 kB
│  storybook-static/assets/slot-picker.stories-BdRUvJ60.js
│  11.98 kB │ gzip:   3.50 kB
│  storybook-static/assets/use-focus-return-BNbHpjf0.js
│  12.31 kB │ gzip:   4.51 kB
│  storybook-static/assets/check-card.stories-DiJezsKF.js
│  12.65 kB │ gzip:   3.50 kB
│  storybook-static/assets/alert.stories-D5fvrit3.js
│  12.85 kB │ gzip:   4.11 kB
│  storybook-static/assets/search-field.stories-BEx5C_1C.js
│  12.86 kB │ gzip:   3.65 kB
│  storybook-static/assets/introduction-kb--2tk7.js
│  13.13 kB │ gzip:   4.12 kB
│  storybook-static/assets/motion.stories-C9lge9da.js
│  13.32 kB │ gzip:   4.31 kB
│  storybook-static/assets/list-row.stories-C-qFQ7gA.js
│  13.49 kB │ gzip:   3.75 kB
│  storybook-static/assets/filter-bar.stories-CJ7csh45.js
│  13.50 kB │ gzip:   3.96 kB
│  storybook-static/assets/toast.stories-D_8fEnIE.js
│  13.55 kB │ gzip:   3.95 kB
│  storybook-static/assets/offer-seal.stories-CXKmvQtH.js
│  13.58 kB │ gzip:   3.82 kB
│  storybook-static/assets/feature-item.stories-BjUL_HmP.js
│  13.80 kB │ gzip:   4.47 kB
│  storybook-static/assets/select.stories-RKlYi6VG.js
│  14.07 kB │ gzip:   3.74 kB
│  storybook-static/assets/outlet-card.stories-BmtJqrD9.js
│  15.22 kB │ gzip:   4.08 kB
│  storybook-static/assets/button.stories-D6RKAtwP.js
│  15.37 kB │ gzip:   3.62 kB
│  storybook-static/assets/quantity-stepper.stories-De_BRpe-.js
│  16.10 kB │ gzip:   4.11 kB
│  storybook-static/assets/snackbar.stories-BHQcg_XF.js
│  16.57 kB │ gzip:   4.55 kB
│  storybook-static/assets/menu-item-card.stories-B6aHIKFe.js
│  16.62 kB │ gzip:   4.31 kB
│  storybook-static/assets/menu-item-row.stories-bRSyFdzg.js
│  16.62 kB │ gzip:   4.28 kB
│  storybook-static/assets/colors.stories-iv3sP8-Q.js
│  16.75 kB │ gzip:   4.18 kB
│  storybook-static/assets/radio.stories-0Ygv59vq.js
│  17.30 kB │ gzip:   4.37 kB
│  storybook-static/assets/table.stories-CWYXG22Q.js
│  18.18 kB │ gzip:   5.01 kB
│  storybook-static/assets/tabs.stories-CYs4lCgc.js
│  20.19 kB │ gzip:   5.87 kB
│  storybook-static/assets/coupon-ticket.stories-BULmdlmz.js
│  20.72 kB │ gzip:   5.53 kB
│  storybook-static/assets/pricing-card.stories-BgrVPzD8.js
│  21.11 kB │ gzip:   5.69 kB
│  storybook-static/assets/chunk-W22LQPXL-DgKlFWSl.js
│  22.74 kB │ gzip:   7.59 kB
│  storybook-static/assets/docs-kit.stories-BrPNzUqy.js
│  23.65 kB │ gzip:   5.93 kB
│  storybook-static/assets/chip-group.stories-C-27kEhP.js
│  23.87 kB │ gzip:   6.37 kB
│  storybook-static/assets/brand.stories-Da8y4blR.js
│  24.54 kB │ gzip:   6.60 kB
│  storybook-static/assets/post-frame.stories-CNtHEV0o.js
│  25.62 kB │ gzip:   6.45 kB
│  storybook-static/vite-inject-mocker-entry.js
│  27.84 kB │ gzip:   9.66 kB
│  storybook-static/assets/matchers-JIUQ3HVY-C789_MAK.js
│  28.79 kB │ gzip:   9.68 kB
│  storybook-static/assets/Color-6AOWCN3U-DTAw5LEc.js
│  30.41 kB │ gzip:  11.49 kB
│  storybook-static/assets/choice-card-group.stories-dPMm-6KD.js
│  31.67 kB │ gzip:   7.80 kB
│  storybook-static/assets/WithTooltip-7X4HQR7L-BD4oiVIc.js
│  32.74 kB │ gzip:  11.47 kB
│  storybook-static/assets/tooltip.stories-BYaI0rzC.js
│  43.54 kB │ gzip:  15.85 kB
│  storybook-static/assets/component-variants-D302mLJN.js
│  44.97 kB │ gzip:  14.81 kB
│  storybook-static/assets/theming-Cvtrnj7n.js
│  55.41 kB │ gzip:  21.35 kB
│  storybook-static/assets/fixtures-BqPiXZDz.js
│  70.61 kB │ gzip:  20.16 kB
│  storybook-static/assets/syntaxhighlighter-QEQV7K2Y-BfyeyK7-.js
│  75.92 kB │ gzip:  27.27 kB
│  storybook-static/assets/logo-DG492BbN.js
│  76.93 kB │ gzip:  31.54 kB
│  storybook-static/assets/react-18-D4o7zN8K.js
│  179.09 kB │ gzip:  56.66 kB
│  storybook-static/assets/blocks-BOTCuvYO.js
│  191.55 kB │ gzip:  60.70 kB
│  storybook-static/assets/components-BnRw7rhC.js
│  566.58 kB │ gzip: 180.37 kB
│  storybook-static/assets/axe-_9eNhXQJ.js
│  587.04 kB │ gzip: 160.26 kB
│  storybook-static/assets/iframe-4uef30eG.js
│  1,159.77 kB │ gzip: 329.98 kB
│  storybook-static/assets/token-table-BQ-YctR3.js
│  1,643.75 kB │ gzip: 346.49 kB

│
▲  Vite [plugin builtin:vite-reporter]
│  (!) Some chunks are larger than 500 kB after minification. Consider:
│  - Using dynamic import() to code-split the application
│  - Use build.rolldownOptions.output.codeSplitting to improve chunking:
│  ]8;;https://rolldown.rs/reference/OutputOptions.codeSplittinghttps://rolldown.rs/reference/OutputOptions.codeSplitting]8;;
│  - Adjust chunk size limit for this warning via
│  build.chunkSizeWarningLimit.
│  Vite ✓ built in 3.23s
│
▲  Vite [33m[PLUGIN_TIMINGS] [0mYour build spent 86% of 3.2s inside plugin hooks
│  (2.8s).
│  Measured inside the callback, so queue time is excluded and time the
│  callback itself awaited is not:
│  - @tailwindcss/vite:generate:build transform (40%, 1.3s, 14 calls)
│  - vite:react-docgen-typescript transform (35%, 1.1s, 2643 calls)
│  Those rows are 75% of the build; the rest of the 86% is below.
│  Not measurable — 3 hooks whose calls overlap, so elapsed time covers
│  work other calls were doing. Profile with `node --cpu-prof`:
│  - vite:asset load (273 calls)
│  - plugin-csf transform (2643 calls)
│  - vite:css transform (14 calls)
│  See ]8;;https://rolldown.rs/reference/InputOptions.checks#plugintimingshttps://rolldown.rs/reference/InputOptions.checks#plugintimings]8;;
│  for more details.

│
◇  Output directory:
│  /Users/rishavpa/Professional/pink-paprikaa-site/apps/storybook/storybook-static
│
└  Storybook build completed successfully


> nx run @pink-paprikaa-web/utils:lint

> eslint .


> nx run @pink-paprikaa-web/web:lint

> eslint .


> nx run @pink-paprikaa-web/blog:lint

> eslint .


> nx run @pink-paprikaa-web/ui:test

> vitest


 RUN  v4.1.10 /Users/rishavpa/Professional/pink-paprikaa-site/packages/ui

 ✓ |@pink-paprikaa-web/ui| src/molecules/pagination/pagination.test.tsx (10 tests) 938ms
 ✓ |@pink-paprikaa-web/ui| src/atoms/radio/radio.test.tsx (23 tests) 1065ms
 ✓ |@pink-paprikaa-web/ui| src/atoms/rating/rating.test.tsx (24 tests) 745ms
     ✓ is one image named with the score  318ms
 ✓ |@pink-paprikaa-web/ui| src/molecules/tabs/tabs.test.tsx (13 tests) 1005ms
     ✓ is a named tab list whose first tab is selected by default  479ms
 ✓ |@pink-paprikaa-web/ui| src/molecules/slot-picker/slot-picker.test.tsx (19 tests) 1240ms
 ✓ |@pink-paprikaa-web/ui| src/molecules/quantity-stepper/quantity-stepper.test.tsx (28 tests) 1363ms
 ✓ |@pink-paprikaa-web/ui| src/molecules/chip-group/chip-group.test.tsx (21 tests) 1083ms
     ✓ as a single group is a named radio group that always keeps its one choice  446ms
 ✓ |@pink-paprikaa-web/ui| src/molecules/snackbar/snackbar.test.tsx (32 tests) 1170ms
     ✓ shows its message with a dismiss button  428ms
 ✓ |@pink-paprikaa-web/ui| src/molecules/otp-input/otp-input.test.tsx (17 tests) 738ms
 ✓ |@pink-paprikaa-web/ui| src/molecules/search-field/search-field.test.tsx (17 tests) 612ms
 ✓ |@pink-paprikaa-web/ui| src/molecules/field/field.test.tsx (17 tests) 580ms
 ✓ |@pink-paprikaa-web/ui| src/molecules/menu-item-row/menu-item-row.test.tsx (14 tests) 340ms
 ✓ |@pink-paprikaa-web/ui| src/atoms/select/select.test.tsx (22 tests) 468ms
 ✓ |@pink-paprikaa-web/ui| src/layouts/app-shell/app-shell.test.tsx (10 tests) 311ms
 ✓ |@pink-paprikaa-web/ui| src/atoms/tooltip/tooltip.test.tsx (12 tests) 610ms
 ✓ |@pink-paprikaa-web/ui| src/molecules/toast/toast.test.tsx (24 tests) 900ms
 ✓ |@pink-paprikaa-web/ui| src/molecules/step-tracker/step-tracker.test.tsx (11 tests) 216ms
 ✓ |@pink-paprikaa-web/ui| src/molecules/logo-lockup/logo-lockup.test.tsx (11 tests) 384ms
 ✓ |@pink-paprikaa-web/ui| src/atoms/spice-level/spice-level.test.tsx (16 tests) 377ms
 ✓ |@pink-paprikaa-web/ui| src/atoms/logo/logo.test.tsx (17 tests) 409ms
 ✓ |@pink-paprikaa-web/ui| src/atoms/button/button.test.tsx (29 tests) 536ms
 ✓ |@pink-paprikaa-web/ui| src/molecules/coupon-ticket/coupon-ticket.test.tsx (14 tests) 658ms
     ✓ shows the headline, the terms, the code and the logo  394ms
 ✓ |@pink-paprikaa-web/ui| src/molecules/accordion/accordion.test.tsx (11 tests) 214ms
 ✓ |@pink-paprikaa-web/ui| src/atoms/spinner/spinner.test.tsx (13 tests) 260ms
 ✓ |@pink-paprikaa-web/ui| src/atoms/icon-button/icon-button.test.tsx (18 tests) 469ms
 ✓ |@pink-paprikaa-web/ui| src/atoms/image-slot/image-slot.test.tsx (27 tests) 487ms
 ✓ |@pink-paprikaa-web/ui| src/molecules/key-value-list/key-value-list.test.tsx (10 tests) 503ms
 ✓ |@pink-paprikaa-web/ui| src/atoms/diet-mark/diet-mark.test.tsx (8 tests) 173ms
 ✓ |@pink-paprikaa-web/ui| src/atoms/input/input.test.tsx (19 tests) 515ms
 ✓ |@pink-paprikaa-web/ui| src/layouts/section/section.test.tsx (23 tests) 298ms
 ✓ |@pink-paprikaa-web/ui| src/molecules/review-card/review-card.test.tsx (10 tests) 587ms
 ✓ |@pink-paprikaa-web/ui| src/molecules/offer-seal/offer-seal.test.tsx (19 tests) 300ms
 ✓ |@pink-paprikaa-web/ui| src/molecules/choice-card-group/choice-card-group.test.tsx (24 tests) 1449ms
 ✓ |@pink-paprikaa-web/ui| src/molecules/menu-item-card/menu-item-card.test.tsx (14 tests) 371ms
 ✓ |@pink-paprikaa-web/ui| src/atoms/status-dot/status-dot.test.tsx (21 tests) 245ms
 ✓ |@pink-paprikaa-web/ui| src/molecules/loyalty-card/loyalty-card.test.tsx (17 tests) 434ms
 ✓ |@pink-paprikaa-web/ui| src/atoms/countdown/countdown.test.tsx (13 tests) 184ms
 ✓ |@pink-paprikaa-web/ui| src/molecules/link-card/link-card.test.tsx (14 tests) 381ms
 ✓ |@pink-paprikaa-web/ui| src/molecules/filter-bar/filter-bar.test.tsx (10 tests) 623ms
 ✓ |@pink-paprikaa-web/ui| src/molecules/pricing-card/pricing-card.test.tsx (15 tests) 365ms
 ✓ |@pink-paprikaa-web/ui| src/molecules/table/table.test.tsx (10 tests) 339ms
 ✓ |@pink-paprikaa-web/ui| src/lib/use-controllable-state.test.tsx (5 tests) 252ms
 ✓ |@pink-paprikaa-web/ui| src/atoms/social-headline/social-headline.test.tsx (21 tests) 133ms
 ✓ |@pink-paprikaa-web/ui| src/molecules/check-card/check-card.test.tsx (12 tests) 354ms
 ✓ |@pink-paprikaa-web/ui| src/layouts/cluster/cluster.test.tsx (23 tests) 213ms
 ✓ |@pink-paprikaa-web/ui| src/atoms/divider/divider.test.tsx (10 tests) 386ms
 ✓ |@pink-paprikaa-web/ui| src/layouts/post-frame/post-frame.test.tsx (28 tests) 361ms
 ✓ |@pink-paprikaa-web/ui| src/lib/field-message.test.tsx (9 tests) 205ms
 ✓ |@pink-paprikaa-web/ui| src/atoms/checkbox/checkbox.test.tsx (12 tests) 421ms
 ✓ |@pink-paprikaa-web/ui| src/atoms/link/link.test.tsx (22 tests) 366ms
 ✓ |@pink-paprikaa-web/ui| src/atoms/progress-bar/progress-bar.test.tsx (18 tests) 216ms
 ✓ |@pink-paprikaa-web/ui| src/molecules/steps/steps.test.tsx (8 tests) 256ms
 ✓ |@pink-paprikaa-web/ui| src/molecules/empty-state/empty-state.test.tsx (8 tests) 202ms
 ✓ |@pink-paprikaa-web/ui| src/layouts/stack/stack.test.tsx (20 tests) 197ms
 ✓ |@pink-paprikaa-web/ui| src/molecules/breadcrumb/breadcrumb.test.tsx (9 tests) 453ms
 ✓ |@pink-paprikaa-web/ui| src/atoms/slider/slider.test.tsx (6 tests) 303ms
 ✓ |@pink-paprikaa-web/ui| src/molecules/stat/stat.test.tsx (14 tests) 261ms
 ✓ |@pink-paprikaa-web/ui| src/atoms/switch/switch.test.tsx (11 tests) 464ms
 ✓ |@pink-paprikaa-web/ui| src/atoms/pattern-field/pattern-field.test.tsx (22 tests) 286ms
 ✓ |@pink-paprikaa-web/ui| src/molecules/outlet-card/outlet-card.test.tsx (15 tests) 475ms
 ✓ |@pink-paprikaa-web/ui| src/atoms/text/text.test.tsx (40 tests) 310ms
 ✓ |@pink-paprikaa-web/ui| src/molecules/alert/alert.test.tsx (19 tests) 385ms
 ✓ |@pink-paprikaa-web/ui| src/molecules/feature-item/feature-item.test.tsx (6 tests) 366ms
 ✓ |@pink-paprikaa-web/ui| src/molecules/price-summary/price-summary.test.tsx (9 tests) 389ms
 ✓ |@pink-paprikaa-web/ui| src/molecules/list-row/list-row.test.tsx (10 tests) 484ms
 ✓ |@pink-paprikaa-web/ui| src/layouts/auto-grid/auto-grid.test.tsx (19 tests) 303ms
 ✓ |@pink-paprikaa-web/ui| src/atoms/avatar/avatar.test.tsx (19 tests) 409ms
 ✓ |@pink-paprikaa-web/ui| src/molecules/announcement-bar/announcement-bar.test.tsx (9 tests) 258ms
 ✓ |@pink-paprikaa-web/ui| src/atoms/tag/tag.test.tsx (17 tests) 403ms
 ✓ |@pink-paprikaa-web/ui| src/atoms/badge/badge.test.tsx (14 tests) 202ms
 ✓ |@pink-paprikaa-web/ui| src/layouts/container/container.test.tsx (18 tests) 135ms
 ✓ |@pink-paprikaa-web/ui| src/atoms/icon/icon.test.tsx (12 tests) 270ms
 ✓ |@pink-paprikaa-web/ui| src/lib/link-as.test.tsx (2 tests) 247ms
 ✓ |@pink-paprikaa-web/ui| src/atoms/price-tag/price-tag.test.tsx (22 tests) 311ms
 ✓ |@pink-paprikaa-web/ui| src/molecules/section-header/section-header.test.tsx (12 tests) 376ms
 ✓ |@pink-paprikaa-web/ui| src/lib/component-variants.spec.ts (46 tests) 17ms
 ✓ |@pink-paprikaa-web/ui| src/atoms/card/card.test.tsx (19 tests) 201ms
 ✓ |@pink-paprikaa-web/ui| src/lib/reveal-observer.test.tsx (10 tests) 28ms
 ✓ |@pink-paprikaa-web/ui| src/lib/struck-price.test.tsx (6 tests) 28ms
 ✓ |@pink-paprikaa-web/ui| src/molecules/sticky-action-bar/sticky-action-bar.test.tsx (7 tests) 135ms
 ✓ |@pink-paprikaa-web/ui| src/lib/symbol-mark.test.tsx (2 tests) 19ms
 ✓ |@pink-paprikaa-web/ui| src/atoms/skeleton/skeleton.test.tsx (8 tests) 124ms
 ✓ |@pink-paprikaa-web/ui| src/lib/assign-ref.spec.ts (3 tests) 5ms
 ✓ |@pink-paprikaa-web/ui| src/lib/space.spec.ts (22 tests) 3ms
 ✓ |@pink-paprikaa-web/ui| src/lib/brand-artwork.spec.ts (12 tests) 5ms
 ✓ |@pink-paprikaa-web/ui| src/layouts/post-frame/post-formats.spec.ts (13 tests) 3ms
 ✓ |@pink-paprikaa-web/ui| src/styles.spec.ts (6 tests) 4ms
 ✓ |@pink-paprikaa-web/ui| src/index.spec.ts (10 tests) 7ms
 ✓ |@pink-paprikaa-web/ui| src/lib/heading.spec.ts (6 tests) 2ms
 ✓ |@pink-paprikaa-web/ui| src/lib/is-shown.spec.ts (7 tests) 2ms
 ✓ |@pink-paprikaa-web/ui| src/lib/field-status.spec.ts (1 test) 2ms

 Test Files  91 passed (91)
      Tests  1376 passed (1376)
   Start at  01:16:46
   Duration  23.35s (transform 2.42s, setup 28.98s, import 19.51s, tests 35.18s, environment 63.73s)


> nx run @pink-paprikaa-web/content:test

> vitest


 RUN  v4.1.10 /Users/rishavpa/Professional/pink-paprikaa-site/packages/content

 ✓ |@pink-paprikaa-web/content| src/brand/brand-lines.spec.ts (5 tests) 3ms
 ✓ |@pink-paprikaa-web/content| src/brand/brand.spec.ts (15 tests) 4ms

 Test Files  2 passed (2)
      Tests  20 passed (20)
   Start at  01:17:10
   Duration  220ms (transform 39ms, setup 0ms, import 124ms, tests 7ms, environment 0ms)


> nx run @pink-paprikaa-web/content:lint

> eslint .


> nx run @pink-paprikaa-web/storybook:lint

> eslint .


> nx run @pink-paprikaa-web/storybook:test

> vitest

│
▲  No story files found for the specified pattern:
│  ../../packages/ui/src/**/*.mdx

 RUN  v4.1.10 /Users/rishavpa/Professional/pink-paprikaa-site/apps/storybook

 ✓ |docs-kit| src/docs-kit/library-source.spec.ts (1 test) 3ms
 ✓ |docs-kit| src/docs-kit/catalogue.spec.ts (151 tests) 882ms
     ✓ never offers Tailwind's static max-w-prose (65ch shadows --container-prose)  435ms
 ✓ |storybook (chromium)| ../../packages/ui/src/molecules/chip-group/chip-group.stories.tsx (10 tests) 834ms
   ✓ Playground  515ms
 ✓ |storybook (chromium)| ../../packages/ui/src/molecules/coupon-ticket/coupon-ticket.stories.tsx (9 tests) 790ms
   ✓ Playground  624ms
 ✓ |storybook (chromium)| ../../packages/ui/src/molecules/check-card/check-card.stories.tsx (7 tests) 793ms
   ✓ Playground  693ms
 ✓ |storybook (chromium)| ../../packages/ui/src/atoms/select/select.stories.tsx (12 tests) 1095ms
   ✓ Playground  872ms
 ✓ |storybook (chromium)| src/foundations/brand/brand.stories.tsx (13 tests) 897ms
   ✓ Lockup  452ms
 ✓ |storybook (chromium)| ../../packages/ui/src/molecules/snackbar/snackbar.stories.tsx (11 tests) 1452ms
   ✓ Playground  842ms
   ✓ Closed By Parent  426ms
 ✓ |storybook (chromium)| src/docs-kit/docs-kit.stories.tsx (14 tests) 1220ms
   ✓ Missing Token Fails Loudly  715ms
 ✓ |storybook (chromium)| src/foundations/spacing/spacing.stories.tsx (9 tests) 1257ms
   ✓ Scale  809ms
 ✓ |storybook (chromium)| ../../packages/ui/src/atoms/countdown/countdown.stories.tsx (4 tests) 1708ms
   ✓ Playground  1657ms
 ✓ |storybook (chromium)| src/docs-kit/canvas.stories.tsx (3 tests) 135ms
 ✓ |storybook (chromium)| src/docs-kit/prose.stories.tsx (4 tests) 180ms
 ✓ |storybook (chromium)| src/foundations/colors/colors.stories.tsx (12 tests) 2016ms
   ✓ Pink Ramp  521ms
   ✓ Surface Overrides  719ms
 ✓ |storybook (chromium)| ../../packages/ui/src/molecules/search-field/search-field.stories.tsx (9 tests) 372ms
 ✓ |storybook (chromium)| ../../packages/ui/src/atoms/rating/rating.stories.tsx (8 tests) 357ms
 ✓ |storybook (chromium)| ../../packages/ui/src/atoms/radio/radio.stories.tsx (10 tests) 470ms
 ✓ |storybook (chromium)| ../../packages/ui/src/molecules/choice-card-group/choice-card-group.stories.tsx (11 tests) 552ms
 ✓ |storybook (chromium)| ../../packages/ui/src/layouts/post-frame/post-frame.stories.tsx (14 tests) 393ms
 ✓ |storybook (chromium)| ../../packages/ui/src/atoms/input/input.stories.tsx (15 tests) 388ms
 ✓ |storybook (chromium)| ../../packages/ui/src/molecules/table/table.stories.tsx (8 tests) 241ms
 ✓ |storybook (chromium)| src/foundations/motion/motion.stories.tsx (8 tests) 379ms
 ✓ |storybook (chromium)| ../../packages/ui/src/atoms/button/button.stories.tsx (16 tests) 317ms
 ✓ |storybook (chromium)| ../../packages/ui/src/atoms/progress-bar/progress-bar.stories.tsx (8 tests) 251ms
 ✓ |storybook (chromium)| ../../packages/ui/src/atoms/tooltip/tooltip.stories.tsx (4 tests) 330ms
 ✓ |storybook (chromium)| ../../packages/ui/src/molecules/quantity-stepper/quantity-stepper.stories.tsx (7 tests) 321ms
 ✓ |storybook (chromium)| ../../packages/ui/src/layouts/cluster/cluster.stories.tsx (9 tests) 378ms
 ✓ |storybook (chromium)| ../../packages/ui/src/molecules/menu-item-row/menu-item-row.stories.tsx (10 tests) 388ms
 ✓ |storybook (chromium)| src/foundations/type/type.stories.tsx (8 tests) 341ms
 ✓ |storybook (chromium)| ../../packages/ui/src/molecules/tabs/tabs.stories.tsx (9 tests) 358ms
 ✓ |storybook (chromium)| ../../packages/ui/src/atoms/badge/badge.stories.tsx (6 tests) 149ms
 ✓ |storybook (chromium)| ../../packages/ui/src/layouts/auto-grid/auto-grid.stories.tsx (11 tests) 230ms
 ✓ |storybook (chromium)| ../../packages/ui/src/layouts/stack/stack.stories.tsx (9 tests) 289ms
 ✓ |storybook (chromium)| ../../packages/ui/src/atoms/link/link.stories.tsx (9 tests) 297ms
 ✓ |storybook (chromium)| ../../packages/ui/src/molecules/field/field.stories.tsx (9 tests) 247ms
 ✓ |storybook (chromium)| ../../packages/ui/src/atoms/text/text.stories.tsx (13 tests) 290ms
 ✓ |storybook (chromium)| ../../packages/ui/src/molecules/filter-bar/filter-bar.stories.tsx (7 tests) 303ms
 ✓ |storybook (chromium)| ../../packages/ui/src/atoms/checkbox/checkbox.stories.tsx (8 tests) 344ms
 ✓ |storybook (chromium)| ../../packages/ui/src/molecules/key-value-list/key-value-list.stories.tsx (8 tests) 243ms
 ✓ |storybook (chromium)| ../../packages/ui/src/molecules/toast/toast.stories.tsx (7 tests) 232ms
 ✓ |storybook (chromium)| ../../packages/ui/src/molecules/menu-item-card/menu-item-card.stories.tsx (6 tests) 202ms
 ✓ |storybook (chromium)| ../../packages/ui/src/atoms/icon-button/icon-button.stories.tsx (10 tests) 283ms
 ✓ |storybook (chromium)| ../../packages/ui/src/molecules/step-tracker/step-tracker.stories.tsx (8 tests) 257ms
 ✓ |storybook (chromium)| ../../packages/ui/src/molecules/otp-input/otp-input.stories.tsx (8 tests) 245ms
 ✓ |storybook (chromium)| ../../packages/ui/src/molecules/logo-lockup/logo-lockup.stories.tsx (8 tests) 212ms
 ✓ |storybook (chromium)| ../../packages/ui/src/molecules/slot-picker/slot-picker.stories.tsx (6 tests) 228ms
 ✓ |storybook (chromium)| ../../packages/ui/src/atoms/social-headline/social-headline.stories.tsx (8 tests) 246ms
 ✓ |storybook (chromium)| ../../packages/ui/src/molecules/pagination/pagination.stories.tsx (6 tests) 255ms
 ✓ |storybook (chromium)| ../../packages/ui/src/atoms/pattern-field/pattern-field.stories.tsx (9 tests) 179ms
 ✓ |storybook (chromium)| ../../packages/ui/src/atoms/card/card.stories.tsx (10 tests) 198ms
 ✓ |storybook (chromium)| ../../packages/ui/src/molecules/outlet-card/outlet-card.stories.tsx (8 tests) 223ms
 ✓ |storybook (chromium)| ../../packages/ui/src/molecules/alert/alert.stories.tsx (9 tests) 188ms
 ✓ |storybook (chromium)| ../../packages/ui/src/atoms/divider/divider.stories.tsx (8 tests) 176ms
 ✓ |storybook (chromium)| ../../packages/ui/src/molecules/price-summary/price-summary.stories.tsx (8 tests) 203ms
 ✓ |storybook (chromium)| ../../packages/ui/src/molecules/section-header/section-header.stories.tsx (7 tests) 200ms
 ✓ |storybook (chromium)| ../../packages/ui/src/molecules/pricing-card/pricing-card.stories.tsx (6 tests) 228ms
 ✓ |storybook (chromium)| ../../packages/ui/src/atoms/tag/tag.stories.tsx (8 tests) 229ms
 ✓ |storybook (chromium)| ../../packages/ui/src/molecules/offer-seal/offer-seal.stories.tsx (7 tests) 227ms
 ✓ |storybook (chromium)| ../../packages/ui/src/atoms/spice-level/spice-level.stories.tsx (6 tests) 148ms
 ✓ |storybook (chromium)| ../../packages/ui/src/molecules/stat/stat.stories.tsx (8 tests) 176ms
 ✓ |storybook (chromium)| ../../packages/ui/src/atoms/avatar/avatar.stories.tsx (7 tests) 178ms
 ✓ |storybook (chromium)| ../../packages/ui/src/atoms/price-tag/price-tag.stories.tsx (8 tests) 189ms
 ✓ |storybook (chromium)| ../../packages/ui/src/molecules/loyalty-card/loyalty-card.stories.tsx (7 tests) 170ms
 ✓ |storybook (chromium)| ../../packages/ui/src/atoms/switch/switch.stories.tsx (7 tests) 178ms
 ✓ |storybook (chromium)| ../../packages/ui/src/layouts/section/section.stories.tsx (8 tests) 198ms
 ✓ |storybook (chromium)| ../../packages/ui/src/molecules/review-card/review-card.stories.tsx (6 tests) 231ms
 ✓ |storybook (chromium)| ../../packages/ui/src/molecules/breadcrumb/breadcrumb.stories.tsx (5 tests) 174ms
 ✓ |storybook (chromium)| ../../packages/ui/src/molecules/list-row/list-row.stories.tsx (7 tests) 176ms
 ✓ |storybook (chromium)| ../../packages/ui/src/atoms/icon/icon.stories.tsx (6 tests) 134ms
 ✓ |storybook (chromium)| ../../packages/ui/src/atoms/status-dot/status-dot.stories.tsx (6 tests) 140ms
 ✓ |storybook (chromium)| ../../packages/ui/src/layouts/app-shell/app-shell.stories.tsx (6 tests) 157ms
 ✓ |storybook (chromium)| ../../packages/ui/src/atoms/image-slot/image-slot.stories.tsx (7 tests) 156ms
 ✓ |storybook (chromium)| ../../packages/ui/src/atoms/logo/logo.stories.tsx (5 tests) 158ms
 ✓ |storybook (chromium)| ../../packages/ui/src/layouts/container/container.stories.tsx (6 tests) 183ms
 ✓ |storybook (chromium)| ../../packages/ui/src/molecules/empty-state/empty-state.stories.tsx (5 tests) 178ms
 ✓ |storybook (chromium)| ../../packages/ui/src/molecules/feature-item/feature-item.stories.tsx (5 tests) 213ms
 ✓ |storybook (chromium)| ../../packages/ui/src/molecules/accordion/accordion.stories.tsx (4 tests) 142ms
 ✓ |storybook (chromium)| ../../packages/ui/src/molecules/steps/steps.stories.tsx (5 tests) 146ms
 ✓ |storybook (chromium)| ../../packages/ui/src/atoms/spinner/spinner.stories.tsx (4 tests) 96ms
 ✓ |storybook (chromium)| ../../packages/ui/src/atoms/slider/slider.stories.tsx (4 tests) 89ms
 ✓ |storybook (chromium)| ../../packages/ui/src/atoms/skeleton/skeleton.stories.tsx (5 tests) 106ms
 ✓ |storybook (chromium)| ../../packages/ui/src/molecules/link-card/link-card.stories.tsx (4 tests) 108ms
 ✓ |storybook (chromium)| ../../packages/ui/src/atoms/diet-mark/diet-mark.stories.tsx (3 tests) 96ms
 ✓ |storybook (chromium)| ../../packages/ui/src/molecules/sticky-action-bar/sticky-action-bar.stories.tsx (4 tests) 104ms
 ✓ |storybook (chromium)| ../../packages/ui/src/molecules/announcement-bar/announcement-bar.stories.tsx (4 tests) 97ms

 Test Files  85 passed (85)
      Tests  793 passed (793)
   Start at  01:17:13
   Duration  13.37s (transform 1.79s, setup 25.89s, import 24.48s, tests 29.82s, environment 0ms)


> nx run @pink-paprikaa-web/seo:lint

> eslint .


> nx run @pink-paprikaa-web/ui:lint

> eslint .


> nx run @pink-paprikaa-web/image-pipeline:lint

> eslint .


> nx run @pink-paprikaa-web/blog-e2e:lint

> eslint .


/Users/rishavpa/Professional/pink-paprikaa-site/apps/blog-e2e/src/blog.spec.ts
  21:16  warning  Avoid having conditionals in tests  playwright/no-conditional-in-test

✖ 1 problem (0 errors, 1 warning)


> nx run @pink-paprikaa-web/storybook:typecheck

> tsc --build --emitDeclarationOnly


> nx run @pink-paprikaa-web/web-e2e:lint

> eslint .


/Users/rishavpa/Professional/pink-paprikaa-site/apps/web-e2e/src/home.spec.ts
  20:16  warning  Avoid having conditionals in tests  playwright/no-conditional-in-test

✖ 1 problem (0 errors, 1 warning)


> nx run @pink-paprikaa-web/image-pipeline:test

> vitest


 RUN  v4.1.10 /Users/rishavpa/Professional/pink-paprikaa-site/tools/image-pipeline

 ✓ |@pink-paprikaa-web/image-pipeline| src/pipeline.test.ts (1 test) 221ms

 Test Files  1 passed (1)
      Tests  1 passed (1)
   Start at  01:17:29
   Duration  456ms (transform 22ms, setup 0ms, import 100ms, tests 221ms, environment 0ms)


> nx run @pink-paprikaa-web/seo:test

> vitest


 RUN  v4.1.10 /Users/rishavpa/Professional/pink-paprikaa-site/packages/seo

 ✓ |@pink-paprikaa-web/seo| src/lib/seo.spec.ts (1 test) 2ms

 Test Files  1 passed (1)
      Tests  1 passed (1)
   Start at  01:17:30
   Duration  173ms (transform 14ms, setup 0ms, import 20ms, tests 2ms, environment 0ms)


> nx run @pink-paprikaa-web/seo:typecheck

> tsc --build tsconfig.json --emitDeclarationOnly


> nx run @pink-paprikaa-web/blog-e2e:typecheck

> tsc --build tsconfig.json --emitDeclarationOnly


> nx run @pink-paprikaa-web/image-pipeline:typecheck

> tsc --build tsconfig.json --emitDeclarationOnly


> nx run @pink-paprikaa-web/web-e2e:typecheck

> tsc --build tsconfig.json --emitDeclarationOnly




 NX   Successfully ran targets typecheck, lint, test, build for 12 projects and 1 task they depend on


  Run duration:      59.6s
  Cache:             Skipped (--skip-nx-cache)
  Critical path:     46.6s (2 tasks)
  Recoverable time:  13.0s (22% of the run)

  Recommendations:
    - Increase parallelism to recover up to 13.0s → https://nx.dev/docs/concepts/ci-concepts/parallelization-distribution?utm_source=nx-cli&utm_medium=cli&utm_campaign=performance-report&utm_content=parallelization.
    - Cache: drop --skip-nx-cache to restore unchanged tasks instantly.
exit 0
