
 NX   Running target test for project @pink-paprikaa-web/storybook and 1 task it depends on:



> nx run @pink-paprikaa-web/design-tokens:build


> @pink-paprikaa-web/design-tokens@0.0.0 build /Users/rishavpa/Professional/pink-paprikaa-site/packages/design-tokens
> style-dictionary build --config sd.config.mjs


css
✔︎ dist/theme.css
✔︎ dist/surfaces.css
✔︎ dist/tokens.json

> nx run @pink-paprikaa-web/storybook:test

> vitest

│
▲  No story files found for the specified pattern:
│  ../../packages/ui/src/**/*.mdx

 RUN  v4.1.10 /Users/rishavpa/Professional/pink-paprikaa-site/apps/storybook

 ✓ |docs-kit| src/docs-kit/library-source.spec.ts (1 test) 3ms
 ✓ |docs-kit| src/docs-kit/catalogue.spec.ts (151 tests) 789ms
     ✓ never offers Tailwind's static max-w-prose (65ch shadows --container-prose)  444ms
 ✓ |storybook (chromium)| ../../packages/ui/src/molecules/chip-group/chip-group.stories.tsx (10 tests) 937ms
   ✓ Playground  523ms
 ✓ |storybook (chromium)| src/foundations/brand/brand.stories.tsx (13 tests) 1166ms
   ✓ Lockup  581ms
 ✓ |storybook (chromium)| ../../packages/ui/src/atoms/select/select.stories.tsx (12 tests) 675ms
   ✓ Playground  448ms
 ✓ |storybook (chromium)| src/docs-kit/docs-kit.stories.tsx (14 tests) 899ms
 ✓ |storybook (chromium)| src/foundations/spacing/spacing.stories.tsx (9 tests) 902ms
   ✓ Scale  359ms
 ✓ |storybook (chromium)| ../../packages/ui/src/molecules/coupon-ticket/coupon-ticket.stories.tsx (9 tests) 884ms
   ✓ Playground  646ms
 ✓ |storybook (chromium)| ../../packages/ui/src/molecules/check-card/check-card.stories.tsx (7 tests) 1006ms
   ✓ Playground  844ms
 ✓ |storybook (chromium)| ../../packages/ui/src/molecules/snackbar/snackbar.stories.tsx (11 tests) 1635ms
   ✓ Playground  933ms
   ✓ Closed By Parent  423ms
 ✓ |storybook (chromium)| ../../packages/ui/src/atoms/countdown/countdown.stories.tsx (4 tests) 1955ms
   ✓ Playground  1898ms
 ✓ |storybook (chromium)| src/foundations/colors/colors.stories.tsx (12 tests) 2123ms
   ✓ Pink Ramp  474ms
   ✓ Surface Overrides  721ms
 ✓ |storybook (chromium)| ../../packages/ui/src/molecules/choice-card-group/choice-card-group.stories.tsx (11 tests) 482ms
 ✓ |storybook (chromium)| ../../packages/ui/src/layouts/cluster/cluster.stories.tsx (9 tests) 370ms
 ✓ |storybook (chromium)| ../../packages/ui/src/atoms/input/input.stories.tsx (15 tests) 405ms
 ✓ |storybook (chromium)| ../../packages/ui/src/layouts/post-frame/post-frame.stories.tsx (14 tests) 404ms
 ✓ |storybook (chromium)| ../../packages/ui/src/molecules/search-field/search-field.stories.tsx (9 tests) 394ms
 ✓ |storybook (chromium)| ../../packages/ui/src/molecules/menu-item-row/menu-item-row.stories.tsx (10 tests) 408ms
 ✓ |storybook (chromium)| ../../packages/ui/src/molecules/tabs/tabs.stories.tsx (9 tests) 409ms
 ✓ |storybook (chromium)| ../../packages/ui/src/atoms/radio/radio.stories.tsx (10 tests) 497ms
 ✓ |storybook (chromium)| src/foundations/motion/motion.stories.tsx (8 tests) 318ms
 ✓ |storybook (chromium)| ../../packages/ui/src/atoms/rating/rating.stories.tsx (8 tests) 269ms
 ✓ |storybook (chromium)| ../../packages/ui/src/atoms/checkbox/checkbox.stories.tsx (8 tests) 210ms
 ✓ |storybook (chromium)| ../../packages/ui/src/atoms/tooltip/tooltip.stories.tsx (4 tests) 274ms
 ✓ |storybook (chromium)| ../../packages/ui/src/molecules/filter-bar/filter-bar.stories.tsx (7 tests) 267ms
 ✓ |storybook (chromium)| ../../packages/ui/src/atoms/button/button.stories.tsx (16 tests) 333ms
 ✓ |storybook (chromium)| ../../packages/ui/src/atoms/link/link.stories.tsx (9 tests) 437ms
 ✓ |storybook (chromium)| ../../packages/ui/src/atoms/text/text.stories.tsx (13 tests) 482ms
   ✓ Playground  307ms
 ✓ |storybook (chromium)| ../../packages/ui/src/molecules/quantity-stepper/quantity-stepper.stories.tsx (7 tests) 503ms
   ✓ Playground  345ms
 ✓ |storybook (chromium)| src/foundations/type/type.stories.tsx (8 tests) 372ms
 ✓ |storybook (chromium)| ../../packages/ui/src/layouts/stack/stack.stories.tsx (9 tests) 232ms
 ✓ |storybook (chromium)| ../../packages/ui/src/atoms/icon-button/icon-button.stories.tsx (10 tests) 231ms
 ✓ |storybook (chromium)| ../../packages/ui/src/molecules/pagination/pagination.stories.tsx (6 tests) 164ms
 ✓ |storybook (chromium)| ../../packages/ui/src/molecules/step-tracker/step-tracker.stories.tsx (8 tests) 295ms
 ✓ |storybook (chromium)| ../../packages/ui/src/atoms/progress-bar/progress-bar.stories.tsx (8 tests) 257ms
 ✓ |storybook (chromium)| ../../packages/ui/src/molecules/field/field.stories.tsx (9 tests) 258ms
 ✓ |storybook (chromium)| ../../packages/ui/src/atoms/social-headline/social-headline.stories.tsx (8 tests) 273ms
 ✓ |storybook (chromium)| ../../packages/ui/src/molecules/key-value-list/key-value-list.stories.tsx (8 tests) 301ms
 ✓ |storybook (chromium)| ../../packages/ui/src/molecules/otp-input/otp-input.stories.tsx (8 tests) 319ms
 ✓ |storybook (chromium)| ../../packages/ui/src/molecules/table/table.stories.tsx (8 tests) 228ms
 ✓ |storybook (chromium)| ../../packages/ui/src/molecules/review-card/review-card.stories.tsx (6 tests) 165ms
 ✓ |storybook (chromium)| ../../packages/ui/src/layouts/auto-grid/auto-grid.stories.tsx (11 tests) 214ms
 ✓ |storybook (chromium)| ../../packages/ui/src/molecules/toast/toast.stories.tsx (7 tests) 249ms
 ✓ |storybook (chromium)| ../../packages/ui/src/molecules/pricing-card/pricing-card.stories.tsx (6 tests) 230ms
 ✓ |storybook (chromium)| ../../packages/ui/src/molecules/slot-picker/slot-picker.stories.tsx (6 tests) 260ms
 ✓ |storybook (chromium)| ../../packages/ui/src/molecules/offer-seal/offer-seal.stories.tsx (7 tests) 284ms
 ✓ |storybook (chromium)| ../../packages/ui/src/atoms/tag/tag.stories.tsx (8 tests) 302ms
 ✓ |storybook (chromium)| ../../packages/ui/src/molecules/outlet-card/outlet-card.stories.tsx (8 tests) 239ms
 ✓ |storybook (chromium)| ../../packages/ui/src/molecules/feature-item/feature-item.stories.tsx (5 tests) 177ms
 ✓ |storybook (chromium)| ../../packages/ui/src/molecules/logo-lockup/logo-lockup.stories.tsx (8 tests) 163ms
 ✓ |storybook (chromium)| ../../packages/ui/src/molecules/price-summary/price-summary.stories.tsx (8 tests) 182ms
 ✓ |storybook (chromium)| ../../packages/ui/src/molecules/menu-item-card/menu-item-card.stories.tsx (6 tests) 201ms
 ✓ |storybook (chromium)| ../../packages/ui/src/molecules/section-header/section-header.stories.tsx (7 tests) 170ms
 ✓ |storybook (chromium)| ../../packages/ui/src/atoms/card/card.stories.tsx (10 tests) 188ms
 ✓ |storybook (chromium)| ../../packages/ui/src/layouts/section/section.stories.tsx (8 tests) 200ms
 ✓ |storybook (chromium)| ../../packages/ui/src/molecules/alert/alert.stories.tsx (9 tests) 240ms
 ✓ |storybook (chromium)| ../../packages/ui/src/atoms/price-tag/price-tag.stories.tsx (8 tests) 244ms
 ✓ |storybook (chromium)| src/docs-kit/prose.stories.tsx (4 tests) 193ms
 ✓ |storybook (chromium)| ../../packages/ui/src/layouts/container/container.stories.tsx (6 tests) 170ms
 ✓ |storybook (chromium)| ../../packages/ui/src/atoms/pattern-field/pattern-field.stories.tsx (9 tests) 159ms
 ✓ |storybook (chromium)| ../../packages/ui/src/atoms/switch/switch.stories.tsx (7 tests) 166ms
 ✓ |storybook (chromium)| ../../packages/ui/src/molecules/empty-state/empty-state.stories.tsx (5 tests) 143ms
 ✓ |storybook (chromium)| ../../packages/ui/src/atoms/avatar/avatar.stories.tsx (7 tests) 146ms
 ✓ |storybook (chromium)| ../../packages/ui/src/molecules/list-row/list-row.stories.tsx (7 tests) 155ms
 ✓ |storybook (chromium)| ../../packages/ui/src/atoms/divider/divider.stories.tsx (8 tests) 166ms
 ✓ |storybook (chromium)| ../../packages/ui/src/molecules/stat/stat.stories.tsx (8 tests) 214ms
 ✓ |storybook (chromium)| ../../packages/ui/src/atoms/logo/logo.stories.tsx (5 tests) 155ms
 ✓ |storybook (chromium)| ../../packages/ui/src/molecules/breadcrumb/breadcrumb.stories.tsx (5 tests) 223ms
 ✓ |storybook (chromium)| ../../packages/ui/src/molecules/loyalty-card/loyalty-card.stories.tsx (7 tests) 181ms
 ✓ |storybook (chromium)| ../../packages/ui/src/atoms/image-slot/image-slot.stories.tsx (7 tests) 159ms
 ✓ |storybook (chromium)| ../../packages/ui/src/atoms/badge/badge.stories.tsx (6 tests) 144ms
 ✓ |storybook (chromium)| ../../packages/ui/src/atoms/spice-level/spice-level.stories.tsx (6 tests) 158ms
 ✓ |storybook (chromium)| ../../packages/ui/src/molecules/steps/steps.stories.tsx (5 tests) 153ms
 ✓ |storybook (chromium)| ../../packages/ui/src/layouts/app-shell/app-shell.stories.tsx (6 tests) 238ms
 ✓ |storybook (chromium)| ../../packages/ui/src/molecules/accordion/accordion.stories.tsx (4 tests) 246ms
 ✓ |storybook (chromium)| src/docs-kit/canvas.stories.tsx (3 tests) 100ms
 ✓ |storybook (chromium)| ../../packages/ui/src/atoms/status-dot/status-dot.stories.tsx (6 tests) 181ms
 ✓ |storybook (chromium)| ../../packages/ui/src/molecules/link-card/link-card.stories.tsx (4 tests) 160ms
 ✓ |storybook (chromium)| ../../packages/ui/src/atoms/icon/icon.stories.tsx (6 tests) 219ms
 ✓ |storybook (chromium)| ../../packages/ui/src/molecules/sticky-action-bar/sticky-action-bar.stories.tsx (4 tests) 95ms
 ✓ |storybook (chromium)| ../../packages/ui/src/atoms/skeleton/skeleton.stories.tsx (5 tests) 102ms
 ✓ |storybook (chromium)| ../../packages/ui/src/molecules/announcement-bar/announcement-bar.stories.tsx (4 tests) 104ms
 ✓ |storybook (chromium)| ../../packages/ui/src/atoms/slider/slider.stories.tsx (4 tests) 104ms
 ✓ |storybook (chromium)| ../../packages/ui/src/atoms/diet-mark/diet-mark.stories.tsx (3 tests) 149ms
 ✓ |storybook (chromium)| ../../packages/ui/src/atoms/spinner/spinner.stories.tsx (4 tests) 120ms

 Test Files  85 passed (85)
      Tests  793 passed (793)
   Start at  01:17:42
   Duration  12.83s (transform 1.00s, setup 23.23s, import 24.01s, tests 30.57s, environment 0ms)




 NX   Successfully ran target test for project @pink-paprikaa-web/storybook and 1 task it depends on


  Run duration:      17.1s
  Cache:             Skipped (--skip-nx-cache)
  Critical path:     17.0s (2 tasks)
  Recoverable time:  <1ms
exit 0
